Archive member included to satisfy reference by file (symbol)

C:/ST/STM32CubeIDE_1.3.0/STM32CubeIDE/plugins/com.st.stm32cube.ide.mcu.externaltools.gnu-tools-for-stm32.12.3.rel1.win32_1.0.200.202406191623/tools/bin/../lib/gcc/arm-none-eabi/12.3.1/../../../../arm-none-eabi/lib/thumb/v7e-m+dp/hard\libc_nano.a(libc_a-exit.o)
                              C:/ST/STM32CubeIDE_1.3.0/STM32CubeIDE/plugins/com.st.stm32cube.ide.mcu.externaltools.gnu-tools-for-stm32.12.3.rel1.win32_1.0.200.202406191623/tools/bin/../lib/gcc/arm-none-eabi/12.3.1/../../../../arm-none-eabi/lib/thumb/v7e-m+dp/hard/crt0.o (exit)
C:/ST/STM32CubeIDE_1.3.0/STM32CubeIDE/plugins/com.st.stm32cube.ide.mcu.externaltools.gnu-tools-for-stm32.12.3.rel1.win32_1.0.200.202406191623/tools/bin/../lib/gcc/arm-none-eabi/12.3.1/../../../../arm-none-eabi/lib/thumb/v7e-m+dp/hard\libc_nano.a(libc_a-fflush.o)
                              ./Core/Src/bootloader.o (fflush)
C:/ST/STM32CubeIDE_1.3.0/STM32CubeIDE/plugins/com.st.stm32cube.ide.mcu.externaltools.gnu-tools-for-stm32.12.3.rel1.win32_1.0.200.202406191623/tools/bin/../lib/gcc/arm-none-eabi/12.3.1/../../../../arm-none-eabi/lib/thumb/v7e-m+dp/hard\libc_nano.a(libc_a-findfp.o)
                              C:/ST/STM32CubeIDE_1.3.0/STM32CubeIDE/plugins/com.st.stm32cube.ide.mcu.externaltools.gnu-tools-for-stm32.12.3.rel1.win32_1.0.200.202406191623/tools/bin/../lib/gcc/arm-none-eabi/12.3.1/../../../../arm-none-eabi/lib/thumb/v7e-m+dp/hard\libc_nano.a(libc_a-fflush.o) (__sglue)
C:/ST/STM32CubeIDE_1.3.0/STM32CubeIDE/plugins/com.st.stm32cube.ide.mcu.externaltools.gnu-tools-for-stm32.12.3.rel1.win32_1.0.200.202406191623/tools/bin/../lib/gcc/arm-none-eabi/12.3.1/../../../../arm-none-eabi/lib/thumb/v7e-m+dp/hard\libc_nano.a(libc_a-fwalk.o)
                              C:/ST/STM32CubeIDE_1.3.0/STM32CubeIDE/plugins/com.st.stm32cube.ide.mcu.externaltools.gnu-tools-for-stm32.12.3.rel1.win32_1.0.200.202406191623/tools/bin/../lib/gcc/arm-none-eabi/12.3.1/../../../../arm-none-eabi/lib/thumb/v7e-m+dp/hard\libc_nano.a(libc_a-fflush.o) (_fwalk_sglue)
C:/ST/STM32CubeIDE_1.3.0/STM32CubeIDE/plugins/com.st.stm32cube.ide.mcu.externaltools.gnu-tools-for-stm32.12.3.rel1.win32_1.0.200.202406191623/tools/bin/../lib/gcc/arm-none-eabi/12.3.1/../../../../arm-none-eabi/lib/thumb/v7e-m+dp/hard\libc_nano.a(libc_a-printf.o)
                              ./Core/Src/bootloader.o (printf)
C:/ST/STM32CubeIDE_1.3.0/STM32CubeIDE/plugins/com.st.stm32cube.ide.mcu.externaltools.gnu-tools-for-stm32.12.3.rel1.win32_1.0.200.202406191623/tools/bin/../lib/gcc/arm-none-eabi/12.3.1/../../../../arm-none-eabi/lib/thumb/v7e-m+dp/hard\libc_nano.a(libc_a-putchar.o)
                              ./Core/Src/bootloader.o (putchar)
C:/ST/STM32CubeIDE_1.3.0/STM32CubeIDE/plugins/com.st.stm32cube.ide.mcu.externaltools.gnu-tools-for-stm32.12.3.rel1.win32_1.0.200.202406191623/tools/bin/../lib/gcc/arm-none-eabi/12.3.1/../../../../arm-none-eabi/lib/thumb/v7e-m+dp/hard\libc_nano.a(libc_a-puts.o)
                              ./Core/Src/bootloader.o (puts)
C:/ST/STM32CubeIDE_1.3.0/STM32CubeIDE/plugins/com.st.stm32cube.ide.mcu.externaltools.gnu-tools-for-stm32.12.3.rel1.win32_1.0.200.202406191623/tools/bin/../lib/gcc/arm-none-eabi/12.3.1/../../../../arm-none-eabi/lib/thumb/v7e-m+dp/hard\libc_nano.a(libc_a-stdio.o)
                              C:/ST/STM32CubeIDE_1.3.0/STM32CubeIDE/plugins/com.st.stm32cube.ide.mcu.externaltools.gnu-tools-for-stm32.12.3.rel1.win32_1.0.200.202406191623/tools/bin/../lib/gcc/arm-none-eabi/12.3.1/../../../../arm-none-eabi/lib/thumb/v7e-m+dp/hard\libc_nano.a(libc_a-findfp.o) (__sread)
C:/ST/STM32CubeIDE_1.3.0/STM32CubeIDE/plugins/com.st.stm32cube.ide.mcu.externaltools.gnu-tools-for-stm32.12.3.rel1.win32_1.0.200.202406191623/tools/bin/../lib/gcc/arm-none-eabi/12.3.1/../../../../arm-none-eabi/lib/thumb/v7e-m+dp/hard\libc_nano.a(libc_a-wbuf.o)
                              C:/ST/STM32CubeIDE_1.3.0/STM32CubeIDE/plugins/com.st.stm32cube.ide.mcu.externaltools.gnu-tools-for-stm32.12.3.rel1.win32_1.0.200.202406191623/tools/bin/../lib/gcc/arm-none-eabi/12.3.1/../../../../arm-none-eabi/lib/thumb/v7e-m+dp/hard\libc_nano.a(libc_a-puts.o) (__swbuf_r)
C:/ST/STM32CubeIDE_1.3.0/STM32CubeIDE/plugins/com.st.stm32cube.ide.mcu.externaltools.gnu-tools-for-stm32.12.3.rel1.win32_1.0.200.202406191623/tools/bin/../lib/gcc/arm-none-eabi/12.3.1/../../../../arm-none-eabi/lib/thumb/v7e-m+dp/hard\libc_nano.a(libc_a-wsetup.o)
                              C:/ST/STM32CubeIDE_1.3.0/STM32CubeIDE/plugins/com.st.stm32cube.ide.mcu.externaltools.gnu-tools-for-stm32.12.3.rel1.win32_1.0.200.202406191623/tools/bin/../lib/gcc/arm-none-eabi/12.3.1/../../../../arm-none-eabi/lib/thumb/v7e-m+dp/hard\libc_nano.a(libc_a-puts.o) (__swsetup_r)
C:/ST/STM32CubeIDE_1.3.0/STM32CubeIDE/plugins/com.st.stm32cube.ide.mcu.externaltools.gnu-tools-for-stm32.12.3.rel1.win32_1.0.200.202406191623/tools/bin/../lib/gcc/arm-none-eabi/12.3.1/../../../../arm-none-eabi/lib/thumb/v7e-m+dp/hard\libc_nano.a(libc_a-memset.o)
[...]
Memory Configuration

Name             Origin             Length             Attributes
RAM              0x20000000         0x00080000         xrw
FLASH            0x08000000         0x00100000         xr
*default*        0x00000000         0xffffffff

Linker script and memory map

LOAD C:/ST/STM32CubeIDE_1.3.0/STM32CubeIDE/plugins/com.st.stm32cube.ide.mcu.externaltools.gnu-tools-for-stm32.12.3.rel1.win32_1.0.200.202406191623/tools/bin/../lib/gcc/arm-none-eabi/12.3.1/thumb/v7e-m+dp/hard/crti.o
LOAD C:/ST/STM32CubeIDE_1.3.0/STM32CubeIDE/plugins/com.st.stm32cube.ide.mcu.externaltools.gnu-tools-for-stm32.12.3.rel1.win32_1.0.200.202406191623/tools/bin/../lib/gcc/arm-none-eabi/12.3.1/thumb/v7e-m+dp/hard/crtbegin.o
LOAD C:/ST/STM32CubeIDE_1.3.0/STM32CubeIDE/plugins/com.st.stm32cube.ide.mcu.externaltools.gnu-tools-for-stm32.12.3.rel1.win32_1.0.200.202406191623/tools/bin/../lib/gcc/arm-none-eabi/12.3.1/../../../../arm-none-eabi/lib/thumb/v7e-m+dp/hard/crt0.o
LOAD ./Core/Src/bootloader.o
LOAD ./Core/Src/main.o
LOAD ./Core/Src/stm32f7xx_hal_msp.o
LOAD ./Core/Src/stm32f7xx_it.o
LOAD ./Core/Src/syscalls.o
LOAD ./Core/Src/sysmem.o
LOAD ./Core/Src/system_stm32f7xx.o
LOAD ./Core/Startup/startup_stm32f767bgtx.o
LOAD ./Drivers/STM32F7xx_HAL_Driver/Src/stm32f7xx_hal.o
LOAD ./Drivers/STM32F7xx_HAL_Driver/Src/stm32f7xx_hal_cortex.o
LOAD ./Drivers/STM32F7xx_HAL_Driver/Src/stm32f7xx_hal_dma.o
LOAD ./Drivers/STM32F7xx_HAL_Driver/Src/stm32f7xx_hal_dma_ex.o
LOAD ./Drivers/STM32F7xx_HAL_Driver/Src/stm32f7xx_hal_exti.o
LOAD ./Drivers/STM32F7xx_HAL_Driver/Src/stm32f7xx_hal_flash.o
LOAD ./Drivers/STM32F7xx_HAL_Driver/Src/stm32f7xx_hal_flash_ex.o
LOAD ./Drivers/STM32F7xx_HAL_Driver/Src/stm32f7xx_hal_gpio.o
LOAD ./Drivers/STM32F7xx_HAL_Driver/Src/stm32f7xx_hal_i2c.o
LOAD ./Drivers/STM32F7xx_HAL_Driver/Src/stm32f7xx_hal_i2c_ex.o
LOAD ./Drivers/STM32F7xx_HAL_Driver/Src/stm32f7xx_hal_pwr.o
LOAD ./Drivers/STM32F7xx_HAL_Driver/Src/stm32f7xx_hal_pwr_ex.o
LOAD ./Drivers/STM32F7xx_HAL_Driver/Src/stm32f7xx_hal_rcc.o
LOAD ./Drivers/STM32F7xx_HAL_Driver/Src/stm32f7xx_hal_rcc_ex.o
LOAD ./Drivers/STM32F7xx_HAL_Driver/Src/stm32f7xx_hal_rng.o
LOAD ./Drivers/STM32F7xx_HAL_Driver/Src/stm32f7xx_hal_sd.o
LOAD ./Drivers/STM32F7xx_HAL_Driver/Src/stm32f7xx_hal_tim.o
LOAD ./Drivers/STM32F7xx_HAL_Driver/Src/stm32f7xx_hal_tim_ex.o
LOAD ./Drivers/STM32F7xx_HAL_Driver/Src/stm32f7xx_hal_uart.o
LOAD ./Drivers/STM32F7xx_HAL_Driver/Src/stm32f7xx_hal_uart_ex.o
LOAD ./Drivers/STM32F7xx_HAL_Driver/Src/stm32f7xx_ll_sdmmc.o
LOAD ./FATFS/App/fatfs.o
LOAD ./FATFS/Target/bsp_driver_sd.o
LOAD ./FATFS/Target/sd_diskio.o
LOAD ./Middlewares/Third_Party/FatFs/src/diskio.o
LOAD ./Middlewares/Third_Party/FatFs/src/ff.o
LOAD ./Middlewares/Third_Party/FatFs/src/ff_gen_drv.o
LOAD ./Middlewares/Third_Party/FatFs/src/option/ccsbcs.o
LOAD ./Middlewares/Third_Party/FatFs/src/option/syscall.o
START GROUP
LOAD C:/ST/STM32CubeIDE_1.3.0/STM32CubeIDE/plugins/com.st.stm32cube.ide.mcu.externaltools.gnu-tools-for-stm32.12.3.rel1.win32_1.0.200.202406191623/tools/bin/../lib/gcc/arm-none-eabi/12.3.1/../../../../arm-none-eabi/lib/thumb/v7e-m+dp/hard\libc_nano.a
LOAD C:/ST/STM32CubeIDE_1.3.0/STM32CubeIDE/plugins/com.st.stm32cube.ide.mcu.externaltools.gnu-tools-for-stm32.12.3.rel1.win32_1.0.200.202406191623/tools/bin/../lib/gcc/arm-none-eabi/12.3.1/../../../../arm-none-eabi/lib/thumb/v7e-m+dp/hard\libm.a
END GROUP
START GROUP
LOAD C:/ST/STM32CubeIDE_1.3.0/STM32CubeIDE/plugins/com.st.stm32cube.ide.mcu.externaltools.gnu-tools-for-stm32.12.3.rel1.win32_1.0.200.202406191623/tools/bin/../lib/gcc/arm-none-eabi/12.3.1/thumb/v7e-m+dp/hard\libgcc.a
LOAD C:/ST/STM32CubeIDE_1.3.0/STM32CubeIDE/plugins/com.st.stm32cube.ide.mcu.externaltools.gnu-tools-for-stm32.12.3.rel1.win32_1.0.200.202406191623/tools/bin/../lib/gcc/arm-none-eabi/12.3.1/../../../../arm-none-eabi/lib/thumb/v7e-m+dp/hard\libc_nano.a
END GROUP
START GROUP
LOAD C:/ST/STM32CubeIDE_1.3.0/STM32CubeIDE/plugins/com.st.stm32cube.ide.mcu.externaltools.gnu-tools-for-stm32.12.3.rel1.win32_1.0.200.202406191623/tools/bin/../lib/gcc/arm-none-eabi/12.3.1/thumb/v7e-m+dp/hard\libgcc.a
LOAD C:/ST/STM32CubeIDE_1.3.0/STM32CubeIDE/plugins/com.st.stm32cube.ide.mcu.externaltools.gnu-tools-for-stm32.12.3.rel1.win32_1.0.200.202406191623/tools/bin/../lib/gcc/arm-none-eabi/12.3.1/../../../../arm-none-eabi/lib/thumb/v7e-m+dp/hard\libc_nano.a
LOAD C:/ST/STM32CubeIDE_1.3.0/STM32CubeIDE/plugins/com.st.stm32cube.ide.mcu.externaltools.gnu-tools-for-stm32.12.3.rel1.win32_1.0.200.202406191623/tools/bin/../lib/gcc/arm-none-eabi/12.3.1/../../../../arm-none-eabi/lib/thumb/v7e-m+dp/hard\libnosys.a
END GROUP
START GROUP
LOAD C:/ST/STM32CubeIDE_1.3.0/STM32CubeIDE/plugins/com.st.stm32cube.ide.mcu.externaltools.gnu-tools-for-stm32.12.3.rel1.win32_1.0.200.202406191623/tools/bin/../lib/gcc/arm-none-eabi/12.3.1/thumb/v7e-m+dp/hard\libgcc.a
LOAD C:/ST/STM32CubeIDE_1.3.0/STM32CubeIDE/plugins/com.st.stm32cube.ide.mcu.externaltools.gnu-tools-for-stm32.12.3.rel1.win32_1.0.200.202406191623/tools/bin/../lib/gcc/arm-none-eabi/12.3.1/../../../../arm-none-eabi/lib/thumb/v7e-m+dp/hard\libc_nano.a
LOAD C:/ST/STM32CubeIDE_1.3.0/STM32CubeIDE/plugins/com.st.stm32cube.ide.mcu.externaltools.gnu-tools-for-stm32.12.3.rel1.win32_1.0.200.202406191623/tools/bin/../lib/gcc/arm-none-eabi/12.3.1/../../../../arm-none-eabi/lib/thumb/v7e-m+dp/hard\libnosys.a
END GROUP
LOAD C:/ST/STM32CubeIDE_1.3.0/STM32CubeIDE/plugins/com.st.stm32cube.ide.mcu.externaltools.gnu-tools-for-stm32.12.3.rel1.win32_1.0.200.202406191623/tools/bin/../lib/gcc/arm-none-eabi/12.3.1/thumb/v7e-m+dp/hard/crtend.o
LOAD C:/ST/STM32CubeIDE_1.3.0/STM32CubeIDE/plugins/com.st.stm32cube.ide.mcu.externaltools.gnu-tools-for-stm32.12.3.rel1.win32_1.0.200.202406191623/tools/bin/../lib/gcc/arm-none-eabi/12.3.1/thumb/v7e-m+dp/hard/crtn.o
                0x20080000                        _estack = (ORIGIN (RAM) + LENGTH (RAM))
                0x00000200                        _Min_Heap_Size = 0x200
                0x00000400                        _Min_Stack_Size = 0x400

.isr_vector     0x08000000      0x1f8
                0x08000000                        . = ALIGN (0x4)
 *(.isr_vector)
 .isr_vector    0x08000000      0x1f8 ./Core/Startup/startup_stm32f767bgtx.o
                0x08000000                g_pfnVectors
                0x080001f8                        . = ALIGN (0x4)

.text           0x08000200     0xafdc
                0x08000200                        . = ALIGN (0x4)
 *(.text)
 .text          0x08000200       0x40 C:/ST/STM32CubeIDE_1.3.0/STM32CubeIDE/plugins/com.st.stm32cube.ide.mcu.externaltools.gnu-tools-for-stm32.12.3.rel1.win32_1.0.200.202406191623/tools/bin/../lib/gcc/arm-none-eabi/12.3.1/thumb/v7e-m+dp/hard/crtbegin.o
 .text          0x08000240       0xa0 C:/ST/STM32CubeIDE_1.3.0/STM32CubeIDE/plugins/com.st.stm32cube.ide.mcu.externaltools.gnu-tools-for-stm32.12.3.rel1.win32_1.0.200.202406191623/tools/bin/../lib/gcc/arm-none-eabi/12.3.1/../../../../arm-none-eabi/lib/thumb/v7e-m+dp/hard\libc_nano.a(libc_a-memchr.o)
                0x08000240                memchr
 .text          0x080002e0       0x30 C:/ST/STM32CubeIDE_1.3.0/STM32CubeIDE/plugins/com.st.stm32cube.ide.mcu.externaltools.gnu-tools-for-stm32.12.3.rel1.win32_1.0.200.202406191623/tools/bin/../lib/gcc/arm-none-eabi/12.3.1/thumb/v7e-m+dp/hard\libgcc.a(_aeabi_uldivmod.o)
                0x080002e0                __aeabi_uldivmod
 .text          0x08000310      0x2bc C:/ST/STM32CubeIDE_1.3.0/STM32CubeIDE/plugins/com.st.stm32cube.ide.mcu.externaltools.gnu-tools-for-stm32.12.3.rel1.win32_1.0.200.202406191623/tools/bin/../lib/gcc/arm-none-eabi/12.3.1/thumb/v7e-m+dp/hard\libgcc.a(_udivmoddi4.o)
                0x08000310                __udivmoddi4
 .text          0x080005cc        0x4 C:/ST/STM32CubeIDE_1.3.0/STM32CubeIDE/plugins/com.st.stm32cube.ide.mcu.externaltools.gnu-tools-for-stm32.12.3.rel1.win32_1.0.200.202406191623/tools/bin/../lib/gcc/arm-none-eabi/12.3.1/thumb/v7e-m+dp/hard\libgcc.a(_dvmd_tls.o)
                0x080005cc                __aeabi_idiv0
                0x080005cc                __aeabi_ldiv0
 *(.text*)
 .text.sdTest   0x080005d0       0xb8 ./Core/Src/bootloader.o
 .text.checkAndFlashImageFile
                0x08000688      0x184 ./Core/Src/bootloader.o
 .text.bootloaderMain
                0x0800080c      0x104 ./Core/Src/bootloader.o
                0x0800080c                bootloaderMain
 .text.__io_putchar
                0x08000910       0x24 ./Core/Src/main.o
                0x08000910                __io_putchar
 .text.main     0x08000934       0x38 ./Core/Src/main.o
                0x08000934                main
 .text.SystemClock_Config
                0x0800096c       0xe0 ./Core/Src/main.o
                0x0800096c                SystemClock_Config
 .text.PeriphCommonClock_Config
                0x08000a4c       0x56 ./Core/Src/main.o
                0x08000a4c                PeriphCommonClock_Config
 *fill*         0x08000aa2        0x2 
 .text.MX_RNG_Init
                0x08000aa4       0x28 ./Core/Src/main.o
 .text.MX_SDMMC2_SD_Init
                0x08000acc       0x40 ./Core/Src/main.o
 .text.MX_UART7_Init
                0x08000b0c       0x60 ./Core/Src/main.o
 .text.MX_DMA_Init
                0x08000b6c       0x4c ./Core/Src/main.o
 .text.MX_GPIO_Init
                0x08000bb8      0x3f8 ./Core/Src/main.o
 .text.MPU_Config
                0x08000fb0       0x58 ./Core/Src/main.o
 .text.Error_Handler
                0x08001008        0xc ./Core/Src/main.o
                0x08001008                Error_Handler
 .text.HAL_MspInit
                0x08001014       0x48 ./Core/Src/stm32f7xx_hal_msp.o
                0x08001014                HAL_MspInit
 .text.HAL_RNG_MspInit
                0x0800105c       0x40 ./Core/Src/stm32f7xx_hal_msp.o
                0x0800105c                HAL_RNG_MspInit
 .text.HAL_SD_MspInit
                0x0800109c      0x1f4 ./Core/Src/stm32f7xx_hal_msp.o
                0x0800109c                HAL_SD_MspInit
 .text.HAL_UART_MspInit
                0x08001290       0xbc ./Core/Src/stm32f7xx_hal_msp.o
                0x08001290                HAL_UART_MspInit
 .text.NMI_Handler
                0x0800134c        0x8 ./Core/Src/stm32f7xx_it.o
                0x0800134c                NMI_Handler
 .text.HardFault_Handler
                0x08001354        0x8 ./Core/Src/stm32f7xx_it.o
                0x08001354                HardFault_Handler
 .text.MemManage_Handler
                0x0800135c        0x8 ./Core/Src/stm32f7xx_it.o
                0x0800135c                MemManage_Handler
 .text.BusFault_Handler
                0x08001364        0x8 ./Core/Src/stm32f7xx_it.o
                0x08001364                BusFault_Handler
 .text.UsageFault_Handler
                0x0800136c        0x8 ./Core/Src/stm32f7xx_it.o
                0x0800136c                UsageFault_Handler
 .text.SVC_Handler
                0x08001374        0xe ./Core/Src/stm32f7xx_it.o
                0x08001374                SVC_Handler
 .text.DebugMon_Handler
                0x08001382        0xe ./Core/Src/stm32f7xx_it.o
                0x08001382                DebugMon_Handler
 .text.PendSV_Handler
                0x08001390        0xe ./Core/Src/stm32f7xx_it.o
                0x08001390                PendSV_Handler
 .text.SysTick_Handler
                0x0800139e        0xc ./Core/Src/stm32f7xx_it.o
                0x0800139e                SysTick_Handler
 *fill*         0x080013aa        0x2 
 .text.DMA2_Stream0_IRQHandler
                0x080013ac       0x14 ./Core/Src/stm32f7xx_it.o
                0x080013ac                DMA2_Stream0_IRQHandler
 .text.DMA2_Stream5_IRQHandler
                0x080013c0       0x14 ./Core/Src/stm32f7xx_it.o
                0x080013c0                DMA2_Stream5_IRQHandler
 .text.SDMMC2_IRQHandler
                0x080013d4       0x14 ./Core/Src/stm32f7xx_it.o
                0x080013d4                SDMMC2_IRQHandler
 .text._read    0x080013e8       0x3a ./Core/Src/syscalls.o
                0x080013e8                _read
 .text._write   0x08001422       0x38 ./Core/Src/syscalls.o
                0x08001422                _write
 .text._close   0x0800145a       0x18 ./Core/Src/syscalls.o
                0x0800145a                _close
 .text._fstat   0x08001472       0x20 ./Core/Src/syscalls.o
                0x08001472                _fstat
 .text._isatty  0x08001492       0x16 ./Core/Src/syscalls.o
                0x08001492                _isatty
 .text._lseek   0x080014a8       0x1a ./Core/Src/syscalls.o
                0x080014a8                _lseek
 *fill*         0x080014c2        0x2 
 .text._sbrk    0x080014c4       0x6c ./Core/Src/sysmem.o
                0x080014c4                _sbrk
 .text.SystemInit
                0x08001530       0x24 ./Core/Src/system_stm32f7xx.o
                0x08001530                SystemInit
 .text.Reset_Handler
                0x08001554       0x50 ./Core/Startup/startup_stm32f767bgtx.o
                0x08001554                Reset_Handler
 .text.Default_Handler
                0x080015a4        0x2 ./Core/Startup/startup_stm32f767bgtx.o
                0x080015a4                RTC_Alarm_IRQHandler
                0x080015a4                EXTI2_IRQHandler
                0x080015a4                TIM8_CC_IRQHandler
                0x080015a4                UART8_IRQHandler
                0x080015a4                SPI4_IRQHandler
                0x080015a4                TIM1_CC_IRQHandler
                0x080015a4                JPEG_IRQHandler
                0x080015a4                DMA1_Stream5_IRQHandler
                0x080015a4                CAN3_RX1_IRQHandler
                0x080015a4                PVD_IRQHandler
                0x080015a4                TAMP_STAMP_IRQHandler
                0x080015a4                CAN2_RX1_IRQHandler
                0x080015a4                EXTI3_IRQHandler
                0x080015a4                TIM8_TRG_COM_TIM14_IRQHandler
                0x080015a4                DFSDM1_FLT1_IRQHandler
                0x080015a4                TIM1_UP_TIM10_IRQHandler
                0x080015a4                TIM8_UP_TIM13_IRQHandler
                0x080015a4                I2C3_ER_IRQHandler
                0x080015a4                DFSDM1_FLT2_IRQHandler
                0x080015a4                EXTI0_IRQHandler
                0x080015a4                I2C2_EV_IRQHandler
                0x080015a4                DMA1_Stream2_IRQHandler
                0x080015a4                CAN1_RX0_IRQHandler
                0x080015a4                FPU_IRQHandler
                0x080015a4                OTG_HS_WKUP_IRQHandler
                0x080015a4                CAN3_SCE_IRQHandler
                0x080015a4                LTDC_ER_IRQHandler
                0x080015a4                CAN2_SCE_IRQHandler
                0x080015a4                DMA2_Stream2_IRQHandler
                0x080015a4                SPI1_IRQHandler
                0x080015a4                TIM6_DAC_IRQHandler
                0x080015a4                TIM1_BRK_TIM9_IRQHandler
                0x080015a4                DCMI_IRQHandler
                0x080015a4                CAN2_RX0_IRQHandler
                0x080015a4                DMA2_Stream3_IRQHandler
                0x080015a4                SAI2_IRQHandler
                0x080015a4                DFSDM1_FLT3_IRQHandler
                0x080015a4                USART6_IRQHandler
                0x080015a4                CAN3_RX0_IRQHandler
                0x080015a4                USART3_IRQHandler
                0x080015a4                CAN1_RX1_IRQHandler
                0x080015a4                UART5_IRQHandler
                0x080015a4                TIM4_IRQHandler
                0x080015a4                QUADSPI_IRQHandler
                0x080015a4                I2C1_EV_IRQHandler
                0x080015a4                DMA1_Stream6_IRQHandler
                0x080015a4                DMA1_Stream1_IRQHandler
                0x080015a4                UART4_IRQHandler
                0x080015a4                TIM3_IRQHandler
                0x080015a4                RCC_IRQHandler
                0x080015a4                TIM8_BRK_TIM12_IRQHandler
                0x080015a4                Default_Handler
                0x080015a4                CEC_IRQHandler
                0x080015a4                EXTI15_10_IRQHandler
                0x080015a4                ADC_IRQHandler
                0x080015a4                DMA1_Stream7_IRQHandler
                0x080015a4                SPI5_IRQHandler
                0x080015a4                TIM7_IRQHandler
                0x080015a4                SDMMC1_IRQHandler
                0x080015a4                CAN2_TX_IRQHandler
                0x080015a4                TIM5_IRQHandler
                0x080015a4                DMA2_Stream7_IRQHandler
                0x080015a4                I2C3_EV_IRQHandler
                0x080015a4                EXTI9_5_IRQHandler
                0x080015a4                RTC_WKUP_IRQHandler
                0x080015a4                LTDC_IRQHandler
                0x080015a4                ETH_WKUP_IRQHandler
                0x080015a4                SPDIF_RX_IRQHandler
                0x080015a4                SPI2_IRQHandler
                0x080015a4                OTG_HS_EP1_IN_IRQHandler
                0x080015a4                DMA1_Stream0_IRQHandler
                0x080015a4                CAN1_TX_IRQHandler
                0x080015a4                EXTI4_IRQHandler
                0x080015a4                RNG_IRQHandler
                0x080015a4                ETH_IRQHandler
                0x080015a4                OTG_HS_EP1_OUT_IRQHandler
                0x080015a4                WWDG_IRQHandler
                0x080015a4                SPI6_IRQHandler
                0x080015a4                MDIOS_IRQHandler
                0x080015a4                I2C4_EV_IRQHandler
                0x080015a4                CAN3_TX_IRQHandler
                0x080015a4                TIM2_IRQHandler
                0x080015a4                OTG_FS_WKUP_IRQHandler
                0x080015a4                TIM1_TRG_COM_TIM11_IRQHandler
                0x080015a4                OTG_HS_IRQHandler
                0x080015a4                DMA2D_IRQHandler
                0x080015a4                EXTI1_IRQHandler
                0x080015a4                UART7_IRQHandler
                0x080015a4                USART2_IRQHandler
                0x080015a4                DFSDM1_FLT0_IRQHandler
                0x080015a4                I2C2_ER_IRQHandler
                0x080015a4                DMA2_Stream1_IRQHandler
                0x080015a4                CAN1_SCE_IRQHandler
                0x080015a4                FLASH_IRQHandler
                0x080015a4                DMA2_Stream4_IRQHandler
                0x080015a4                USART1_IRQHandler
                0x080015a4                OTG_FS_IRQHandler
                0x080015a4                SPI3_IRQHandler
                0x080015a4                DMA1_Stream4_IRQHandler
                0x080015a4                I2C1_ER_IRQHandler
                0x080015a4                FMC_IRQHandler
                0x080015a4                LPTIM1_IRQHandler
                0x080015a4                I2C4_ER_IRQHandler
                0x080015a4                DMA2_Stream6_IRQHandler
                0x080015a4                SAI1_IRQHandler
                0x080015a4                DMA1_Stream3_IRQHandler
 .text.HAL_Init
                0x080015a6       0x1a ./Drivers/STM32F7xx_HAL_Driver/Src/stm32f7xx_hal.o
                0x080015a6                HAL_Init
 .text.HAL_InitTick
                0x080015c0       0x60 ./Drivers/STM32F7xx_HAL_Driver/Src/stm32f7xx_hal.o
                0x080015c0                HAL_InitTick
 .text.HAL_IncTick
                0x08001620       0x28 ./Drivers/STM32F7xx_HAL_Driver/Src/stm32f7xx_hal.o
                0x08001620                HAL_IncTick
 .text.HAL_GetTick
                0x08001648       0x18 ./Drivers/STM32F7xx_HAL_Driver/Src/stm32f7xx_hal.o
                0x08001648                HAL_GetTick
 .text.HAL_Delay
                0x08001660       0x48 ./Drivers/STM32F7xx_HAL_Driver/Src/stm32f7xx_hal.o
                0x08001660                HAL_Delay
 .text.__NVIC_SetPriorityGrouping
                0x080016a8       0x48 ./Drivers/STM32F7xx_HAL_Driver/Src/stm32f7xx_hal_cortex.o
 .text.__NVIC_GetPriorityGrouping
                0x080016f0       0x1c ./Drivers/STM32F7xx_HAL_Driver/Src/stm32f7xx_hal_cortex.o
 .text.__NVIC_EnableIRQ
                0x0800170c       0x3c ./Drivers/STM32F7xx_HAL_Driver/Src/stm32f7xx_hal_cortex.o
 .text.__NVIC_SetPriority
                0x08001748       0x54 ./Drivers/STM32F7xx_HAL_Driver/Src/stm32f7xx_hal_cortex.o
 .text.NVIC_EncodePriority
                0x0800179c       0x66 ./Drivers/STM32F7xx_HAL_Driver/Src/stm32f7xx_hal_cortex.o
 *fill*         0x08001802        0x2 
 .text.SysTick_Config
                0x08001804       0x44 ./Drivers/STM32F7xx_HAL_Driver/Src/stm32f7xx_hal_cortex.o
 .text.HAL_NVIC_SetPriorityGrouping
                0x08001848       0x16 ./Drivers/STM32F7xx_HAL_Driver/Src/stm32f7xx_hal_cortex.o
                0x08001848                HAL_NVIC_SetPriorityGrouping
 .text.HAL_NVIC_SetPriority
                0x0800185e       0x38 ./Drivers/STM32F7xx_HAL_Driver/Src/stm32f7xx_hal_cortex.o
                0x0800185e                HAL_NVIC_SetPriority
 .text.HAL_NVIC_EnableIRQ
                0x08001896       0x1c ./Drivers/STM32F7xx_HAL_Driver/Src/stm32f7xx_hal_cortex.o
                0x08001896                HAL_NVIC_EnableIRQ
 .text.HAL_SYSTICK_Config
                0x080018b2       0x18 ./Drivers/STM32F7xx_HAL_Driver/Src/stm32f7xx_hal_cortex.o
                0x080018b2                HAL_SYSTICK_Config
 *fill*         0x080018ca        0x2 
 .text.HAL_MPU_Disable
                0x080018cc       0x30 ./Drivers/STM32F7xx_HAL_Driver/Src/stm32f7xx_hal_cortex.o
                0x080018cc                HAL_MPU_Disable
 .text.HAL_MPU_Enable
                0x080018fc       0x40 ./Drivers/STM32F7xx_HAL_Driver/Src/stm32f7xx_hal_cortex.o
                0x080018fc                HAL_MPU_Enable
 .text.HAL_MPU_ConfigRegion
                0x0800193c       0x80 ./Drivers/STM32F7xx_HAL_Driver/Src/stm32f7xx_hal_cortex.o
                0x0800193c                HAL_MPU_ConfigRegion
 .text.HAL_DMA_Init
                0x080019bc      0x15c ./Drivers/STM32F7xx_HAL_Driver/Src/stm32f7xx_hal_dma.o
                0x080019bc                HAL_DMA_Init
 .text.HAL_DMA_Start_IT
                0x08001b18       0xc0 ./Drivers/STM32F7xx_HAL_Driver/Src/stm32f7xx_hal_dma.o
                0x08001b18                HAL_DMA_Start_IT
 .text.HAL_DMA_Abort_IT
                0x08001bd8       0x44 ./Drivers/STM32F7xx_HAL_Driver/Src/stm32f7xx_hal_dma.o
                0x08001bd8                HAL_DMA_Abort_IT
 .text.HAL_DMA_IRQHandler
                0x08001c1c      0x314 ./Drivers/STM32F7xx_HAL_Driver/Src/stm32f7xx_hal_dma.o
                0x08001c1c                HAL_DMA_IRQHandler
 .text.HAL_DMA_GetError
                0x08001f30       0x18 ./Drivers/STM32F7xx_HAL_Driver/Src/stm32f7xx_hal_dma.o
                0x08001f30                HAL_DMA_GetError
 .text.DMA_SetConfig
                0x08001f48       0x5c ./Drivers/STM32F7xx_HAL_Driver/Src/stm32f7xx_hal_dma.o
 .text.DMA_CalcBaseAndBitshift
                0x08001fa4       0x6c ./Drivers/STM32F7xx_HAL_Driver/Src/stm32f7xx_hal_dma.o
 .text.DMA_CheckFifoParam
                0x08002010       0xf8 ./Drivers/STM32F7xx_HAL_Driver/Src/stm32f7xx_hal_dma.o
 .text.HAL_FLASH_Program
                0x08002108       0xb8 ./Drivers/STM32F7xx_HAL_Driver/Src/stm32f7xx_hal_flash.o
                0x08002108                HAL_FLASH_Program
 .text.HAL_FLASH_Unlock
                0x080021c0       0x44 ./Drivers/STM32F7xx_HAL_Driver/Src/stm32f7xx_hal_flash.o
                0x080021c0                HAL_FLASH_Unlock
 .text.HAL_FLASH_Lock
                0x08002204       0x20 ./Drivers/STM32F7xx_HAL_Driver/Src/stm32f7xx_hal_flash.o
                0x08002204                HAL_FLASH_Lock
 .text.FLASH_WaitForLastOperation
                0x08002224       0x80 ./Drivers/STM32F7xx_HAL_Driver/Src/stm32f7xx_hal_flash.o
                0x08002224                FLASH_WaitForLastOperation
 .text.FLASH_Program_DoubleWord
                0x080022a4       0x6c ./Drivers/STM32F7xx_HAL_Driver/Src/stm32f7xx_hal_flash.o
 .text.FLASH_Program_Word
                0x08002310       0x4c ./Drivers/STM32F7xx_HAL_Driver/Src/stm32f7xx_hal_flash.o
 .text.FLASH_Program_HalfWord
                0x0800235c       0x4c ./Drivers/STM32F7xx_HAL_Driver/Src/stm32f7xx_hal_flash.o
 .text.FLASH_Program_Byte
                0x080023a8       0x48 ./Drivers/STM32F7xx_HAL_Driver/Src/stm32f7xx_hal_flash.o
 .text.FLASH_SetErrorCode
                0x080023f0       0x94 ./Drivers/STM32F7xx_HAL_Driver/Src/stm32f7xx_hal_flash.o
 .text.HAL_FLASHEx_Erase
                0x08002484       0xe0 ./Drivers/STM32F7xx_HAL_Driver/Src/stm32f7xx_hal_flash_ex.o
                0x08002484                HAL_FLASHEx_Erase
 .text.FLASH_MassErase
                0x08002564       0x78 ./Drivers/STM32F7xx_HAL_Driver/Src/stm32f7xx_hal_flash_ex.o
 .text.FLASH_Erase_Sector
                0x080025dc       0xa4 ./Drivers/STM32F7xx_HAL_Driver/Src/stm32f7xx_hal_flash_ex.o
                0x080025dc                FLASH_Erase_Sector
 .text.HAL_GPIO_Init
                0x08002680      0x358 ./Drivers/STM32F7xx_HAL_Driver/Src/stm32f7xx_hal_gpio.o
                0x08002680                HAL_GPIO_Init
 .text.HAL_GPIO_WritePin
                0x080029d8       0x32 ./Drivers/STM32F7xx_HAL_Driver/Src/stm32f7xx_hal_gpio.o
                0x080029d8                HAL_GPIO_WritePin
 *fill*         0x08002a0a        0x2 
 .text.HAL_PWR_EnableBkUpAccess
                0x08002a0c       0x20 ./Drivers/STM32F7xx_HAL_Driver/Src/stm32f7xx_hal_pwr.o
                0x08002a0c                HAL_PWR_EnableBkUpAccess
 .text.HAL_PWREx_EnableOverDrive
                0x08002a2c       0xa0 ./Drivers/STM32F7xx_HAL_Driver/Src/stm32f7xx_hal_pwr_ex.o
                0x08002a2c                HAL_PWREx_EnableOverDrive
 .text.HAL_RCC_OscConfig
                0x08002acc      0x55c ./Drivers/STM32F7xx_HAL_Driver/Src/stm32f7xx_hal_rcc.o
                0x08002acc                HAL_RCC_OscConfig
 .text.HAL_RCC_ClockConfig
                0x08003028      0x1d8 ./Drivers/STM32F7xx_HAL_Driver/Src/stm32f7xx_hal_rcc.o
                0x08003028                HAL_RCC_ClockConfig
 .text.HAL_RCC_GetSysClockFreq
                0x08003200      0x20c ./Drivers/STM32F7xx_HAL_Driver/Src/stm32f7xx_hal_rcc.o
                0x08003200                HAL_RCC_GetSysClockFreq
 .text.HAL_RCC_GetHCLKFreq
                0x0800340c       0x18 ./Drivers/STM32F7xx_HAL_Driver/Src/stm32f7xx_hal_rcc.o
                0x0800340c                HAL_RCC_GetHCLKFreq
 .text.HAL_RCC_GetPCLK1Freq
                0x08003424       0x28 ./Drivers/STM32F7xx_HAL_Driver/Src/stm32f7xx_hal_rcc.o
                0x08003424                HAL_RCC_GetPCLK1Freq
 .text.HAL_RCC_GetPCLK2Freq
                0x0800344c       0x28 ./Drivers/STM32F7xx_HAL_Driver/Src/stm32f7xx_hal_rcc.o
                0x0800344c                HAL_RCC_GetPCLK2Freq
 .text.HAL_RCCEx_PeriphCLKConfig
                0x08003474      0x850 ./Drivers/STM32F7xx_HAL_Driver/Src/stm32f7xx_hal_rcc_ex.o
                0x08003474                HAL_RCCEx_PeriphCLKConfig
 .text.HAL_RNG_Init
                0x08003cc4       0x54 ./Drivers/STM32F7xx_HAL_Driver/Src/stm32f7xx_hal_rng.o
                0x08003cc4                HAL_RNG_Init
 .text.HAL_SD_Init
                0x08003d18       0x60 ./Drivers/STM32F7xx_HAL_Driver/Src/stm32f7xx_hal_sd.o
                0x08003d18                HAL_SD_Init
 .text.HAL_SD_InitCard
                0x08003d78      0x110 ./Drivers/STM32F7xx_HAL_Driver/Src/stm32f7xx_hal_sd.o
                0x08003d78                HAL_SD_InitCard
 .text.HAL_SD_ReadBlocks_DMA
                0x08003e88      0x1c4 ./Drivers/STM32F7xx_HAL_Driver/Src/stm32f7xx_hal_sd.o
                0x08003e88                HAL_SD_ReadBlocks_DMA
 .text.HAL_SD_WriteBlocks_DMA
                0x0800404c      0x1cc ./Drivers/STM32F7xx_HAL_Driver/Src/stm32f7xx_hal_sd.o
                0x0800404c                HAL_SD_WriteBlocks_DMA
 .text.HAL_SD_IRQHandler
                0x08004218      0x2ec ./Drivers/STM32F7xx_HAL_Driver/Src/stm32f7xx_hal_sd.o
                0x08004218                HAL_SD_IRQHandler
 .text.HAL_SD_ErrorCallback
                0x08004504       0x14 ./Drivers/STM32F7xx_HAL_Driver/Src/stm32f7xx_hal_sd.o
                0x08004504                HAL_SD_ErrorCallback
 .text.HAL_SD_GetCardCSD
                0x08004518      0x348 ./Drivers/STM32F7xx_HAL_Driver/Src/stm32f7xx_hal_sd.o
                0x08004518                HAL_SD_GetCardCSD
 .text.HAL_SD_GetCardInfo
                0x08004860       0x58 ./Drivers/STM32F7xx_HAL_Driver/Src/stm32f7xx_hal_sd.o
                0x08004860                HAL_SD_GetCardInfo
 .text.HAL_SD_GetCardState
                0x080048b8       0x40 ./Drivers/STM32F7xx_HAL_Driver/Src/stm32f7xx_hal_sd.o
                0x080048b8                HAL_SD_GetCardState
 .text.SD_DMATransmitCplt
                0x080048f8       0x2a ./Drivers/STM32F7xx_HAL_Driver/Src/stm32f7xx_hal_sd.o
 .text.SD_DMAReceiveCplt
                0x08004922       0x70 ./Drivers/STM32F7xx_HAL_Driver/Src/stm32f7xx_hal_sd.o
 *fill*         0x08004992        0x2 
 .text.SD_DMAError
                0x08004994       0xa4 ./Drivers/STM32F7xx_HAL_Driver/Src/stm32f7xx_hal_sd.o
 .text.SD_DMATxAbort
                0x08004a38       0x6e ./Drivers/STM32F7xx_HAL_Driver/Src/stm32f7xx_hal_sd.o
 .text.SD_DMARxAbort
                0x08004aa6       0x6e ./Drivers/STM32F7xx_HAL_Driver/Src/stm32f7xx_hal_sd.o
 .text.SD_InitCard
                0x08004b14      0x19c ./Drivers/STM32F7xx_HAL_Driver/Src/stm32f7xx_hal_sd.o
 .text.SD_PowerON
                0x08004cb0      0x11c ./Drivers/STM32F7xx_HAL_Driver/Src/stm32f7xx_hal_sd.o
 .text.SD_SendStatus
                0x08004dcc       0x50 ./Drivers/STM32F7xx_HAL_Driver/Src/stm32f7xx_hal_sd.o
 .text.SD_Read_IT
                0x08004e1c       0xa2 ./Drivers/STM32F7xx_HAL_Driver/Src/stm32f7xx_hal_sd.o
 .text.SD_Write_IT
                0x08004ebe       0xaa ./Drivers/STM32F7xx_HAL_Driver/Src/stm32f7xx_hal_sd.o
 .text.HAL_UART_Init
                0x08004f68       0x9c ./Drivers/STM32F7xx_HAL_Driver/Src/stm32f7xx_hal_uart.o
                0x08004f68                HAL_UART_Init
 .text.HAL_UART_Transmit
                0x08005004      0x112 ./Drivers/STM32F7xx_HAL_Driver/Src/stm32f7xx_hal_uart.o
                0x08005004                HAL_UART_Transmit
 *fill*         0x08005116        0x2 
 .text.UART_SetConfig
                0x08005118      0x4c8 ./Drivers/STM32F7xx_HAL_Driver/Src/stm32f7xx_hal_uart.o
                0x08005118                UART_SetConfig
 .text.UART_AdvFeatureConfig
                0x080055e0      0x144 ./Drivers/STM32F7xx_HAL_Driver/Src/stm32f7xx_hal_uart.o
                0x080055e0                UART_AdvFeatureConfig
 .text.UART_CheckIdleState
                0x08005724      0x150 ./Drivers/STM32F7xx_HAL_Driver/Src/stm32f7xx_hal_uart.o
                0x08005724                UART_CheckIdleState
 .text.UART_WaitOnFlagUntilTimeout
                0x08005874       0xda ./Drivers/STM32F7xx_HAL_Driver/Src/stm32f7xx_hal_uart.o
                0x08005874                UART_WaitOnFlagUntilTimeout
 .text.UART_EndRxTransfer
                0x0800594e       0xc8 ./Drivers/STM32F7xx_HAL_Driver/Src/stm32f7xx_hal_uart.o
 *fill*         0x08005a16        0x2 
 .text.SDMMC_Init
                0x08005a18       0x58 ./Drivers/STM32F7xx_HAL_Driver/Src/stm32f7xx_ll_sdmmc.o
                0x08005a18                SDMMC_Init
 .text.SDMMC_ReadFIFO
                0x08005a70       0x1a ./Drivers/STM32F7xx_HAL_Driver/Src/stm32f7xx_ll_sdmmc.o
                0x08005a70                SDMMC_ReadFIFO
 .text.SDMMC_WriteFIFO
                0x08005a8a       0x22 ./Drivers/STM32F7xx_HAL_Driver/Src/stm32f7xx_ll_sdmmc.o
                0x08005a8a                SDMMC_WriteFIFO
 .text.SDMMC_PowerState_ON
                0x08005aac       0x1c ./Drivers/STM32F7xx_HAL_Driver/Src/stm32f7xx_ll_sdmmc.o
                0x08005aac                SDMMC_PowerState_ON
 .text.SDMMC_GetPowerState
                0x08005ac8       0x1c ./Drivers/STM32F7xx_HAL_Driver/Src/stm32f7xx_ll_sdmmc.o
                0x08005ac8                SDMMC_GetPowerState
 .text.SDMMC_SendCommand
                0x08005ae4       0x54 ./Drivers/STM32F7xx_HAL_Driver/Src/stm32f7xx_ll_sdmmc.o
                0x08005ae4                SDMMC_SendCommand
 .text.SDMMC_GetCommandResponse
                0x08005b38       0x1a ./Drivers/STM32F7xx_HAL_Driver/Src/stm32f7xx_ll_sdmmc.o
                0x08005b38                SDMMC_GetCommandResponse
 .text.SDMMC_GetResponse
                0x08005b52       0x26 ./Drivers/STM32F7xx_HAL_Driver/Src/stm32f7xx_ll_sdmmc.o
                0x08005b52                SDMMC_GetResponse
 .text.SDMMC_ConfigData
                0x08005b78       0x58 ./Drivers/STM32F7xx_HAL_Driver/Src/stm32f7xx_ll_sdmmc.o
                0x08005b78                SDMMC_ConfigData
 .text.SDMMC_CmdBlockLength
                0x08005bd0       0x44 ./Drivers/STM32F7xx_HAL_Driver/Src/stm32f7xx_ll_sdmmc.o
                0x08005bd0                SDMMC_CmdBlockLength
 .text.SDMMC_CmdReadSingleBlock
                0x08005c14       0x44 ./Drivers/STM32F7xx_HAL_Driver/Src/stm32f7xx_ll_sdmmc.o
                0x08005c14                SDMMC_CmdReadSingleBlock
 .text.SDMMC_CmdReadMultiBlock
                0x08005c58       0x44 ./Drivers/STM32F7xx_HAL_Driver/Src/stm32f7xx_ll_sdmmc.o
                0x08005c58                SDMMC_CmdReadMultiBlock
 .text.SDMMC_CmdWriteSingleBlock
                0x08005c9c       0x44 ./Drivers/STM32F7xx_HAL_Driver/Src/stm32f7xx_ll_sdmmc.o
                0x08005c9c                SDMMC_CmdWriteSingleBlock
 .text.SDMMC_CmdWriteMultiBlock
                0x08005ce0       0x44 ./Drivers/STM32F7xx_HAL_Driver/Src/stm32f7xx_ll_sdmmc.o
                0x08005ce0                SDMMC_CmdWriteMultiBlock
 .text.SDMMC_CmdStopTransfer
                0x08005d24       0x44 ./Drivers/STM32F7xx_HAL_Driver/Src/stm32f7xx_ll_sdmmc.o
                0x08005d24                SDMMC_CmdStopTransfer
 .text.SDMMC_CmdSelDesel
                0x08005d68       0x46 ./Drivers/STM32F7xx_HAL_Driver/Src/stm32f7xx_ll_sdmmc.o
                0x08005d68                SDMMC_CmdSelDesel
 .text.SDMMC_CmdGoIdleState
                0x08005dae       0x3c ./Drivers/STM32F7xx_HAL_Driver/Src/stm32f7xx_ll_sdmmc.o
                0x08005dae                SDMMC_CmdGoIdleState
 .text.SDMMC_CmdOperCond
                0x08005dea       0x3e ./Drivers/STM32F7xx_HAL_Driver/Src/stm32f7xx_ll_sdmmc.o
                0x08005dea                SDMMC_CmdOperCond
 .text.SDMMC_CmdAppCommand
                0x08005e28       0x44 ./Drivers/STM32F7xx_HAL_Driver/Src/stm32f7xx_ll_sdmmc.o
                0x08005e28                SDMMC_CmdAppCommand
 .text.SDMMC_CmdAppOperCommand
                0x08005e6c       0x48 ./Drivers/STM32F7xx_HAL_Driver/Src/stm32f7xx_ll_sdmmc.o
                0x08005e6c                SDMMC_CmdAppOperCommand
 .text.SDMMC_CmdSendCID
                0x08005eb4       0x3c ./Drivers/STM32F7xx_HAL_Driver/Src/stm32f7xx_ll_sdmmc.o
                0x08005eb4                SDMMC_CmdSendCID
 .text.SDMMC_CmdSendCSD
                0x08005ef0       0x3e ./Drivers/STM32F7xx_HAL_Driver/Src/stm32f7xx_ll_sdmmc.o
                0x08005ef0                SDMMC_CmdSendCSD
 .text.SDMMC_CmdSetRelAdd
                0x08005f2e       0x42 ./Drivers/STM32F7xx_HAL_Driver/Src/stm32f7xx_ll_sdmmc.o
                0x08005f2e                SDMMC_CmdSetRelAdd
 .text.SDMMC_CmdSendStatus
                0x08005f70       0x44 ./Drivers/STM32F7xx_HAL_Driver/Src/stm32f7xx_ll_sdmmc.o
                0x08005f70                SDMMC_CmdSendStatus
 .text.SDMMC_GetCmdResp1
                0x08005fb4      0x1dc ./Drivers/STM32F7xx_HAL_Driver/Src/stm32f7xx_ll_sdmmc.o
                0x08005fb4                SDMMC_GetCmdResp1
 .text.SDMMC_GetCmdResp2
                0x08006190       0x90 ./Drivers/STM32F7xx_HAL_Driver/Src/stm32f7xx_ll_sdmmc.o
                0x08006190                SDMMC_GetCmdResp2
 .text.SDMMC_GetCmdResp3
                0x08006220       0x7c ./Drivers/STM32F7xx_HAL_Driver/Src/stm32f7xx_ll_sdmmc.o
                0x08006220                SDMMC_GetCmdResp3
 .text.SDMMC_GetCmdResp6
                0x0800629c       0xec ./Drivers/STM32F7xx_HAL_Driver/Src/stm32f7xx_ll_sdmmc.o
                0x0800629c                SDMMC_GetCmdResp6
 .text.SDMMC_GetCmdResp7
                0x08006388       0x9c ./Drivers/STM32F7xx_HAL_Driver/Src/stm32f7xx_ll_sdmmc.o
                0x08006388                SDMMC_GetCmdResp7
 .text.SDMMC_GetCmdError
                0x08006424       0x58 ./Drivers/STM32F7xx_HAL_Driver/Src/stm32f7xx_ll_sdmmc.o
 .text.MX_FATFS_Init
                0x0800647c       0x24 ./FATFS/App/fatfs.o
                0x0800647c                MX_FATFS_Init
 .text.get_fattime
                0x080064a0       0x10 ./FATFS/App/fatfs.o
                0x080064a0                get_fattime
 .text.BSP_SD_Init
                0x080064b0       0x30 ./FATFS/Target/bsp_driver_sd.o
                0x080064b0                BSP_SD_Init
 .text.BSP_SD_ReadBlocks_DMA
                0x080064e0       0x34 ./FATFS/Target/bsp_driver_sd.o
                0x080064e0                BSP_SD_ReadBlocks_DMA
 .text.BSP_SD_WriteBlocks_DMA
                0x08006514       0x34 ./FATFS/Target/bsp_driver_sd.o
                0x08006514                BSP_SD_WriteBlocks_DMA
 .text.BSP_SD_GetCardState
                0x08006548       0x20 ./FATFS/Target/bsp_driver_sd.o
                0x08006548                BSP_SD_GetCardState
 .text.BSP_SD_GetCardInfo
                0x08006568       0x1c ./FATFS/Target/bsp_driver_sd.o
                0x08006568                BSP_SD_GetCardInfo
 .text.HAL_SD_AbortCallback
                0x08006584       0x14 ./FATFS/Target/bsp_driver_sd.o
                0x08006584                HAL_SD_AbortCallback
 .text.HAL_SD_TxCpltCallback
                0x08006598       0x14 ./FATFS/Target/bsp_driver_sd.o
                0x08006598                HAL_SD_TxCpltCallback
 .text.HAL_SD_RxCpltCallback
                0x080065ac       0x14 ./FATFS/Target/bsp_driver_sd.o
                0x080065ac                HAL_SD_RxCpltCallback
 .text.BSP_SD_AbortCallback
                0x080065c0        0xe ./FATFS/Target/bsp_driver_sd.o
                0x080065c0                BSP_SD_AbortCallback
 .text.BSP_SD_IsDetected
                0x080065ce       0x1a ./FATFS/Target/bsp_driver_sd.o
                0x080065ce                BSP_SD_IsDetected
 .text.SD_CheckStatusWithTimeout
                0x080065e8       0x3a ./FATFS/Target/sd_diskio.o
 *fill*         0x08006622        0x2 
 .text.SD_CheckStatus
                0x08006624       0x3c ./FATFS/Target/sd_diskio.o
 .text.SD_initialize
                0x08006660       0x38 ./FATFS/Target/sd_diskio.o
                0x08006660                SD_initialize
 .text.SD_status
                0x08006698       0x1c ./FATFS/Target/sd_diskio.o
                0x08006698                SD_status
 .text.SD_read  0x080066b4       0xac ./FATFS/Target/sd_diskio.o
                0x080066b4                SD_read
 .text.SD_write
                0x08006760       0xac ./FATFS/Target/sd_diskio.o
                0x08006760                SD_write
 .text.SD_ioctl
                0x0800680c       0xb0 ./FATFS/Target/sd_diskio.o
                0x0800680c                SD_ioctl
 .text.BSP_SD_WriteCpltCallback
                0x080068bc       0x18 ./FATFS/Target/sd_diskio.o
                0x080068bc                BSP_SD_WriteCpltCallback
 .text.BSP_SD_ReadCpltCallback
                0x080068d4       0x18 ./FATFS/Target/sd_diskio.o
                0x080068d4                BSP_SD_ReadCpltCallback
 .text.disk_status
                0x080068ec       0x34 ./Middlewares/Third_Party/FatFs/src/diskio.o
                0x080068ec                disk_status
 .text.disk_initialize
                0x08006920       0x4c ./Middlewares/Third_Party/FatFs/src/diskio.o
                0x08006920                disk_initialize
 .text.disk_read
                0x0800696c       0x40 ./Middlewares/Third_Party/FatFs/src/diskio.o
                0x0800696c                disk_read
 .text.disk_write
                0x080069ac       0x40 ./Middlewares/Third_Party/FatFs/src/diskio.o
                0x080069ac                disk_write
 .text.disk_ioctl
                0x080069ec       0x3c ./Middlewares/Third_Party/FatFs/src/diskio.o
                0x080069ec                disk_ioctl
 .text.ld_word  0x08006a28       0x30 ./Middlewares/Third_Party/FatFs/src/ff.o
 .text.ld_dword
                0x08006a58       0x46 ./Middlewares/Third_Party/FatFs/src/ff.o
 .text.st_word  0x08006a9e       0x36 ./Middlewares/Third_Party/FatFs/src/ff.o
 .text.st_dword
                0x08006ad4       0x58 ./Middlewares/Third_Party/FatFs/src/ff.o
 .text.mem_cpy  0x08006b2c       0x42 ./Middlewares/Third_Party/FatFs/src/ff.o
 .text.mem_set  0x08006b6e       0x36 ./Middlewares/Third_Party/FatFs/src/ff.o
 .text.mem_cmp  0x08006ba4       0x4e ./Middlewares/Third_Party/FatFs/src/ff.o
 .text.chk_chr  0x08006bf2       0x36 ./Middlewares/Third_Party/FatFs/src/ff.o
 .text.chk_lock
                0x08006c28       0xb8 ./Middlewares/Third_Party/FatFs/src/ff.o
 .text.enq_lock
                0x08006ce0       0x44 ./Middlewares/Third_Party/FatFs/src/ff.o
 .text.inc_lock
                0x08006d24      0x11c ./Middlewares/Third_Party/FatFs/src/ff.o
 .text.dec_lock
                0x08006e40       0x78 ./Middlewares/Third_Party/FatFs/src/ff.o
 .text.clear_lock
                0x08006eb8       0x48 ./Middlewares/Third_Party/FatFs/src/ff.o
 .text.sync_window
                0x08006f00       0x88 ./Middlewares/Third_Party/FatFs/src/ff.o
 .text.move_window
                0x08006f88       0x5a ./Middlewares/Third_Party/FatFs/src/ff.o
 *fill*         0x08006fe2        0x2 
 .text.sync_fs  0x08006fe4       0xdc ./Middlewares/Third_Party/FatFs/src/ff.o
 .text.clust2sect
                0x080070c0       0x3e ./Middlewares/Third_Party/FatFs/src/ff.o
 .text.get_fat  0x080070fe      0x14e ./Middlewares/Third_Party/FatFs/src/ff.o
 .text.put_fat  0x0800724c      0x1d4 ./Middlewares/Third_Party/FatFs/src/ff.o
 .text.remove_chain
                0x08007420       0xca ./Middlewares/Third_Party/FatFs/src/ff.o
 .text.create_chain
                0x080074ea      0x130 ./Middlewares/Third_Party/FatFs/src/ff.o
 .text.clmt_clust
                0x0800761a       0x68 ./Middlewares/Third_Party/FatFs/src/ff.o
 .text.dir_sdi  0x08007682       0xf6 ./Middlewares/Third_Party/FatFs/src/ff.o
 .text.dir_next
                0x08007778      0x18a ./Middlewares/Third_Party/FatFs/src/ff.o
 .text.dir_alloc
                0x08007902       0x8e ./Middlewares/Third_Party/FatFs/src/ff.o
 .text.ld_clust
                0x08007990       0x3e ./Middlewares/Third_Party/FatFs/src/ff.o
 .text.st_clust
                0x080079ce       0x40 ./Middlewares/Third_Party/FatFs/src/ff.o
 *fill*         0x08007a0e        0x2 
 .text.cmp_lfn  0x08007a10       0xe0 ./Middlewares/Third_Party/FatFs/src/ff.o
 .text.pick_lfn
                0x08007af0       0xc8 ./Middlewares/Third_Party/FatFs/src/ff.o
 .text.put_lfn  0x08007bb8       0xd0 ./Middlewares/Third_Party/FatFs/src/ff.o
 .text.gen_numname
                0x08007c88      0x11c ./Middlewares/Third_Party/FatFs/src/ff.o
 .text.sum_sfn  0x08007da4       0x42 ./Middlewares/Third_Party/FatFs/src/ff.o
 .text.dir_read
                0x08007de6      0x14e ./Middlewares/Third_Party/FatFs/src/ff.o
 .text.dir_find
                0x08007f34      0x180 ./Middlewares/Third_Party/FatFs/src/ff.o
 .text.dir_register
                0x080080b4      0x1f0 ./Middlewares/Third_Party/FatFs/src/ff.o
 .text.dir_remove
                0x080082a4       0x94 ./Middlewares/Third_Party/FatFs/src/ff.o
 .text.get_fileinfo
                0x08008338      0x1bc ./Middlewares/Third_Party/FatFs/src/ff.o
 .text.create_name
                0x080084f4      0x370 ./Middlewares/Third_Party/FatFs/src/ff.o
 .text.follow_path
                0x08008864       0xe2 ./Middlewares/Third_Party/FatFs/src/ff.o
 .text.get_ldnumber
                0x08008946       0x88 ./Middlewares/Third_Party/FatFs/src/ff.o
 *fill*         0x080089ce        0x2 
 .text.check_fs
                0x080089d0       0xac ./Middlewares/Third_Party/FatFs/src/ff.o
 .text.find_volume
                0x08008a7c      0x498 ./Middlewares/Third_Party/FatFs/src/ff.o
 .text.validate
                0x08008f14       0x6a ./Middlewares/Third_Party/FatFs/src/ff.o
 *fill*         0x08008f7e        0x2 
 .text.f_mount  0x08008f80       0x8c ./Middlewares/Third_Party/FatFs/src/ff.o
                0x08008f80                f_mount
 .text.f_open   0x0800900c      0x566 ./Middlewares/Third_Party/FatFs/src/ff.o
                0x0800900c                f_open
 .text.f_read   0x08009572      0x27e ./Middlewares/Third_Party/FatFs/src/ff.o
                0x08009572                f_read
 .text.f_sync   0x080097f0       0xfc ./Middlewares/Third_Party/FatFs/src/ff.o
                0x080097f0                f_sync
 .text.f_close  0x080098ec       0x54 ./Middlewares/Third_Party/FatFs/src/ff.o
                0x080098ec                f_close
 .text.f_opendir
                0x08009940      0x17a ./Middlewares/Third_Party/FatFs/src/ff.o
                0x08009940                f_opendir
 .text.f_closedir
                0x08009aba       0x4c ./Middlewares/Third_Party/FatFs/src/ff.o
                0x08009aba                f_closedir
 .text.f_readdir
                0x08009b06       0xe6 ./Middlewares/Third_Party/FatFs/src/ff.o
                0x08009b06                f_readdir
 .text.f_unlink
                0x08009bec      0x18e ./Middlewares/Third_Party/FatFs/src/ff.o
                0x08009bec                f_unlink
 .text.f_rename
                0x08009d7a      0x248 ./Middlewares/Third_Party/FatFs/src/ff.o
                0x08009d7a                f_rename
 *fill*         0x08009fc2        0x2 
 .text.FATFS_LinkDriverEx
                0x08009fc4       0x98 ./Middlewares/Third_Party/FatFs/src/ff_gen_drv.o
                0x08009fc4                FATFS_LinkDriverEx
 .text.FATFS_LinkDriver
                0x0800a05c       0x1e ./Middlewares/Third_Party/FatFs/src/ff_gen_drv.o
                0x0800a05c                FATFS_LinkDriver
 *fill*         0x0800a07a        0x2 
 .text.ff_convert
                0x0800a07c       0x78 ./Middlewares/Third_Party/FatFs/src/option/ccsbcs.o
                0x0800a07c                ff_convert
 .text.ff_wtoupper
                0x0800a0f4      0x114 ./Middlewares/Third_Party/FatFs/src/option/ccsbcs.o
                0x0800a0f4                ff_wtoupper
 .text.__sflush_r
                0x0800a208      0x108 C:/ST/STM32CubeIDE_1.3.0/STM32CubeIDE/plugins/com.st.stm32cube.ide.mcu.externaltools.gnu-tools-for-stm32.12.3.rel1.win32_1.0.200.202406191623/tools/bin/../lib/gcc/arm-none-eabi/12.3.1/../../../../arm-none-eabi/lib/thumb/v7e-m+dp/hard\libc_nano.a(libc_a-fflush.o)
                0x0800a208                __sflush_r
 .text._fflush_r
                0x0800a310       0x50 C:/ST/STM32CubeIDE_1.3.0/STM32CubeIDE/plugins/com.st.stm32cube.ide.mcu.externaltools.gnu-tools-for-stm32.12.3.rel1.win32_1.0.200.202406191623/tools/bin/../lib/gcc/arm-none-eabi/12.3.1/../../../../arm-none-eabi/lib/thumb/v7e-m+dp/hard\libc_nano.a(libc_a-fflush.o)
                0x0800a310                _fflush_r
 .text.fflush   0x0800a360       0x28 C:/ST/STM32CubeIDE_1.3.0/STM32CubeIDE/plugins/com.st.stm32cube.ide.mcu.externaltools.gnu-tools-for-stm32.12.3.rel1.win32_1.0.200.202406191623/tools/bin/../lib/gcc/arm-none-eabi/12.3.1/../../../../arm-none-eabi/lib/thumb/v7e-m+dp/hard\libc_nano.a(libc_a-fflush.o)
                0x0800a360                fflush
 .text.std      0x0800a388       0x6c C:/ST/STM32CubeIDE_1.3.0/STM32CubeIDE/plugins/com.st.stm32cube.ide.mcu.externaltools.gnu-tools-for-stm32.12.3.rel1.win32_1.0.200.202406191623/tools/bin/../lib/gcc/arm-none-eabi/12.3.1/../../../../arm-none-eabi/lib/thumb/v7e-m+dp/hard\libc_nano.a(libc_a-findfp.o)
 .text.stdio_exit_handler
                0x0800a3f4       0x18 C:/ST/STM32CubeIDE_1.3.0/STM32CubeIDE/plugins/com.st.stm32cube.ide.mcu.externaltools.gnu-tools-for-stm32.12.3.rel1.win32_1.0.200.202406191623/tools/bin/../lib/gcc/arm-none-eabi/12.3.1/../../../../arm-none-eabi/lib/thumb/v7e-m+dp/hard\libc_nano.a(libc_a-findfp.o)
 .text.cleanup_stdio
                0x0800a40c       0x40 C:/ST/STM32CubeIDE_1.3.0/STM32CubeIDE/plugins/com.st.stm32cube.ide.mcu.externaltools.gnu-tools-for-stm32.12.3.rel1.win32_1.0.200.202406191623/tools/bin/../lib/gcc/arm-none-eabi/12.3.1/../../../../arm-none-eabi/lib/thumb/v7e-m+dp/hard\libc_nano.a(libc_a-findfp.o)
 .text.global_stdio_init.part.0
                0x0800a44c       0x3c C:/ST/STM32CubeIDE_1.3.0/STM32CubeIDE/plugins/com.st.stm32cube.ide.mcu.externaltools.gnu-tools-for-stm32.12.3.rel1.win32_1.0.200.202406191623/tools/bin/../lib/gcc/arm-none-eabi/12.3.1/../../../../arm-none-eabi/lib/thumb/v7e-m+dp/hard\libc_nano.a(libc_a-findfp.o)
 .text.__sfp_lock_acquire
                0x0800a488        0xc C:/ST/STM32CubeIDE_1.3.0/STM32CubeIDE/plugins/com.st.stm32cube.ide.mcu.externaltools.gnu-tools-for-stm32.12.3.rel1.win32_1.0.200.202406191623/tools/bin/../lib/gcc/arm-none-eabi/12.3.1/../../../../arm-none-eabi/lib/thumb/v7e-m+dp/hard\libc_nano.a(libc_a-findfp.o)
                0x0800a488                __sfp_lock_acquire
 .text.__sfp_lock_release
                0x0800a494        0xc C:/ST/STM32CubeIDE_1.3.0/STM32CubeIDE/plugins/com.st.stm32cube.ide.mcu.externaltools.gnu-tools-for-stm32.12.3.rel1.win32_1.0.200.202406191623/tools/bin/../lib/gcc/arm-none-eabi/12.3.1/../../../../arm-none-eabi/lib/thumb/v7e-m+dp/hard\libc_nano.a(libc_a-findfp.o)
                0x0800a494                __sfp_lock_release
 .text.__sinit  0x0800a4a0       0x30 C:/ST/STM32CubeIDE_1.3.0/STM32CubeIDE/plugins/com.st.stm32cube.ide.mcu.externaltools.gnu-tools-for-stm32.12.3.rel1.win32_1.0.200.202406191623/tools/bin/../lib/gcc/arm-none-eabi/12.3.1/../../../../arm-none-eabi/lib/thumb/v7e-m+dp/hard\libc_nano.a(libc_a-findfp.o)
                0x0800a4a0                __sinit
 .text._fwalk_sglue
                0x0800a4d0       0x3c C:/ST/STM32CubeIDE_1.3.0/STM32CubeIDE/plugins/com.st.stm32cube.ide.mcu.externaltools.gnu-tools-for-stm32.12.3.rel1.win32_1.0.200.202406191623/tools/bin/../lib/gcc/arm-none-eabi/12.3.1/../../../../arm-none-eabi/lib/thumb/v7e-m+dp/hard\libc_nano.a(libc_a-fwalk.o)
                0x0800a4d0                _fwalk_sglue
 .text.printf   0x0800a50c       0x24 C:/ST/STM32CubeIDE_1.3.0/STM32CubeIDE/plugins/com.st.stm32cube.ide.mcu.externaltools.gnu-tools-for-stm32.12.3.rel1.win32_1.0.200.202406191623/tools/bin/../lib/gcc/arm-none-eabi/12.3.1/../../../../arm-none-eabi/lib/thumb/v7e-m+dp/hard\libc_nano.a(libc_a-printf.o)
                0x0800a50c                iprintf
                0x0800a50c                printf
 .text.putchar  0x0800a530       0x10 C:/ST/STM32CubeIDE_1.3.0/STM32CubeIDE/plugins/com.st.stm32cube.ide.mcu.externaltools.gnu-tools-for-stm32.12.3.rel1.win32_1.0.200.202406191623/tools/bin/../lib/gcc/arm-none-eabi/12.3.1/../../../../arm-none-eabi/lib/thumb/v7e-m+dp/hard\libc_nano.a(libc_a-putchar.o)
                0x0800a530                putchar
 .text._puts_r  0x0800a540       0xaa C:/ST/STM32CubeIDE_1.3.0/STM32CubeIDE/plugins/com.st.stm32cube.ide.mcu.externaltools.gnu-tools-for-stm32.12.3.rel1.win32_1.0.200.202406191623/tools/bin/../lib/gcc/arm-none-eabi/12.3.1/../../../../arm-none-eabi/lib/thumb/v7e-m+dp/hard\libc_nano.a(libc_a-puts.o)
                0x0800a540                _puts_r
 *fill*         0x0800a5ea        0x2 
 .text.puts     0x0800a5ec       0x10 C:/ST/STM32CubeIDE_1.3.0/STM32CubeIDE/plugins/com.st.stm32cube.ide.mcu.externaltools.gnu-tools-for-stm32.12.3.rel1.win32_1.0.200.202406191623/tools/bin/../lib/gcc/arm-none-eabi/12.3.1/../../../../arm-none-eabi/lib/thumb/v7e-m+dp/hard\libc_nano.a(libc_a-puts.o)
                0x0800a5ec                puts
 .text.__sread  0x0800a5fc       0x22 C:/ST/STM32CubeIDE_1.3.0/STM32CubeIDE/plugins/com.st.stm32cube.ide.mcu.externaltools.gnu-tools-for-stm32.12.3.rel1.win32_1.0.200.202406191623/tools/bin/../lib/gcc/arm-none-eabi/12.3.1/../../../../arm-none-eabi/lib/thumb/v7e-m+dp/hard\libc_nano.a(libc_a-stdio.o)
                0x0800a5fc                __sread
 .text.__swrite
                0x0800a61e       0x38 C:/ST/STM32CubeIDE_1.3.0/STM32CubeIDE/plugins/com.st.stm32cube.ide.mcu.externaltools.gnu-tools-for-stm32.12.3.rel1.win32_1.0.200.202406191623/tools/bin/../lib/gcc/arm-none-eabi/12.3.1/../../../../arm-none-eabi/lib/thumb/v7e-m+dp/hard\libc_nano.a(libc_a-stdio.o)
                0x0800a61e                __swrite
 .text.__sseek  0x0800a656       0x24 C:/ST/STM32CubeIDE_1.3.0/STM32CubeIDE/plugins/com.st.stm32cube.ide.mcu.externaltools.gnu-tools-for-stm32.12.3.rel1.win32_1.0.200.202406191623/tools/bin/../lib/gcc/arm-none-eabi/12.3.1/../../../../arm-none-eabi/lib/thumb/v7e-m+dp/hard\libc_nano.a(libc_a-stdio.o)
                0x0800a656                __sseek
 .text.__sclose
                0x0800a67a        0x8 C:/ST/STM32CubeIDE_1.3.0/STM32CubeIDE/plugins/com.st.stm32cube.ide.mcu.externaltools.gnu-tools-for-stm32.12.3.rel1.win32_1.0.200.202406191623/tools/bin/../lib/gcc/arm-none-eabi/12.3.1/../../../../arm-none-eabi/lib/thumb/v7e-m+dp/hard\libc_nano.a(libc_a-stdio.o)
                0x0800a67a                __sclose
 .text.__swbuf_r
                0x0800a682       0x7c C:/ST/STM32CubeIDE_1.3.0/STM32CubeIDE/plugins/com.st.stm32cube.ide.mcu.externaltools.gnu-tools-for-stm32.12.3.rel1.win32_1.0.200.202406191623/tools/bin/../lib/gcc/arm-none-eabi/12.3.1/../../../../arm-none-eabi/lib/thumb/v7e-m+dp/hard\libc_nano.a(libc_a-wbuf.o)
                0x0800a682                __swbuf_r
 *fill*         0x0800a6fe        0x2 
 .text.__swsetup_r
                0x0800a700       0xac C:/ST/STM32CubeIDE_1.3.0/STM32CubeIDE/plugins/com.st.stm32cube.ide.mcu.externaltools.gnu-tools-for-stm32.12.3.rel1.win32_1.0.200.202406191623/tools/bin/../lib/gcc/arm-none-eabi/12.3.1/../../../../arm-none-eabi/lib/thumb/v7e-m+dp/hard\libc_nano.a(libc_a-wsetup.o)
                0x0800a700                __swsetup_r
 .text.memset   0x0800a7ac       0x10 C:/ST/STM32CubeIDE_1.3.0/STM32CubeIDE/plugins/com.st.stm32cube.ide.mcu.externaltools.gnu-tools-for-stm32.12.3.rel1.win32_1.0.200.202406191623/tools/bin/../lib/gcc/arm-none-eabi/12.3.1/../../../../arm-none-eabi/lib/thumb/v7e-m+dp/hard\libc_nano.a(libc_a-memset.o)
                0x0800a7ac                memset
 .text._close_r
                0x0800a7bc       0x20 C:/ST/STM32CubeIDE_1.3.0/STM32CubeIDE/plugins/com.st.stm32cube.ide.mcu.externaltools.gnu-tools-for-stm32.12.3.rel1.win32_1.0.200.202406191623/tools/bin/../lib/gcc/arm-none-eabi/12.3.1/../../../../arm-none-eabi/lib/thumb/v7e-m+dp/hard\libc_nano.a(libc_a-closer.o)
                0x0800a7bc                _close_r
 .text._lseek_r
                0x0800a7dc       0x24 C:/ST/STM32CubeIDE_1.3.0/STM32CubeIDE/plugins/com.st.stm32cube.ide.mcu.externaltools.gnu-tools-for-stm32.12.3.rel1.win32_1.0.200.202406191623/tools/bin/../lib/gcc/arm-none-eabi/12.3.1/../../../../arm-none-eabi/lib/thumb/v7e-m+dp/hard\libc_nano.a(libc_a-lseekr.o)
                0x0800a7dc                _lseek_r
 .text._read_r  0x0800a800       0x24 C:/ST/STM32CubeIDE_1.3.0/STM32CubeIDE/plugins/com.st.stm32cube.ide.mcu.externaltools.gnu-tools-for-stm32.12.3.rel1.win32_1.0.200.202406191623/tools/bin/../lib/gcc/arm-none-eabi/12.3.1/../../../../arm-none-eabi/lib/thumb/v7e-m+dp/hard\libc_nano.a(libc_a-readr.o)
                0x0800a800                _read_r
 .text._write_r
                0x0800a824       0x24 C:/ST/STM32CubeIDE_1.3.0/STM32CubeIDE/plugins/com.st.stm32cube.ide.mcu.externaltools.gnu-tools-for-stm32.12.3.rel1.win32_1.0.200.202406191623/tools/bin/../lib/gcc/arm-none-eabi/12.3.1/../../../../arm-none-eabi/lib/thumb/v7e-m+dp/hard\libc_nano.a(libc_a-writer.o)
                0x0800a824                _write_r
 .text.__errno  0x0800a848        0xc C:/ST/STM32CubeIDE_1.3.0/STM32CubeIDE/plugins/com.st.stm32cube.ide.mcu.externaltools.gnu-tools-for-stm32.12.3.rel1.win32_1.0.200.202406191623/tools/bin/../lib/gcc/arm-none-eabi/12.3.1/../../../../arm-none-eabi/lib/thumb/v7e-m+dp/hard\libc_nano.a(libc_a-errno.o)
                0x0800a848                __errno
 .text.__libc_init_array
                0x0800a854       0x48 C:/ST/STM32CubeIDE_1.3.0/STM32CubeIDE/plugins/com.st.stm32cube.ide.mcu.externaltools.gnu-tools-for-stm32.12.3.rel1.win32_1.0.200.202406191623/tools/bin/../lib/gcc/arm-none-eabi/12.3.1/../../../../arm-none-eabi/lib/thumb/v7e-m+dp/hard\libc_nano.a(libc_a-init.o)
                0x0800a854                __libc_init_array
 .text.__retarget_lock_init_recursive
                0x0800a89c        0x2 C:/ST/STM32CubeIDE_1.3.0/STM32CubeIDE/plugins/com.st.stm32cube.ide.mcu.externaltools.gnu-tools-for-stm32.12.3.rel1.win32_1.0.200.202406191623/tools/bin/../lib/gcc/arm-none-eabi/12.3.1/../../../../arm-none-eabi/lib/thumb/v7e-m+dp/hard\libc_nano.a(libc_a-lock.o)
                0x0800a89c                __retarget_lock_init_recursive
 .text.__retarget_lock_acquire_recursive
                0x0800a89e        0x2 C:/ST/STM32CubeIDE_1.3.0/STM32CubeIDE/plugins/com.st.stm32cube.ide.mcu.externaltools.gnu-tools-for-stm32.12.3.rel1.win32_1.0.200.202406191623/tools/bin/../lib/gcc/arm-none-eabi/12.3.1/../../../../arm-none-eabi/lib/thumb/v7e-m+dp/hard\libc_nano.a(libc_a-lock.o)
                0x0800a89e                __retarget_lock_acquire_recursive
 .text.__retarget_lock_release_recursive
                0x0800a8a0        0x2 C:/ST/STM32CubeIDE_1.3.0/STM32CubeIDE/plugins/com.st.stm32cube.ide.mcu.externaltools.gnu-tools-for-stm32.12.3.rel1.win32_1.0.200.202406191623/tools/bin/../lib/gcc/arm-none-eabi/12.3.1/../../../../arm-none-eabi/lib/thumb/v7e-m+dp/hard\libc_nano.a(libc_a-lock.o)
                0x0800a8a0                __retarget_lock_release_recursive
 *fill*         0x0800a8a2        0x2 
 .text._free_r  0x0800a8a4       0x94 C:/ST/STM32CubeIDE_1.3.0/STM32CubeIDE/plugins/com.st.stm32cube.ide.mcu.externaltools.gnu-tools-for-stm32.12.3.rel1.win32_1.0.200.202406191623/tools/bin/../lib/gcc/arm-none-eabi/12.3.1/../../../../arm-none-eabi/lib/thumb/v7e-m+dp/hard\libc_nano.a(libc_a-freer.o)
                0x0800a8a4                _free_r
 .text.sbrk_aligned
                0x0800a938       0x44 C:/ST/STM32CubeIDE_1.3.0/STM32CubeIDE/plugins/com.st.stm32cube.ide.mcu.externaltools.gnu-tools-for-stm32.12.3.rel1.win32_1.0.200.202406191623/tools/bin/../lib/gcc/arm-none-eabi/12.3.1/../../../../arm-none-eabi/lib/thumb/v7e-m+dp/hard\libc_nano.a(libc_a-mallocr.o)
 .text._malloc_r
                0x0800a97c      0x100 C:/ST/STM32CubeIDE_1.3.0/STM32CubeIDE/plugins/com.st.stm32cube.ide.mcu.externaltools.gnu-tools-for-stm32.12.3.rel1.win32_1.0.200.202406191623/tools/bin/../lib/gcc/arm-none-eabi/12.3.1/../../../../arm-none-eabi/lib/thumb/v7e-m+dp/hard\libc_nano.a(libc_a-mallocr.o)
                0x0800a97c                _malloc_r
 .text.__malloc_lock
                0x0800aa7c        0xc C:/ST/STM32CubeIDE_1.3.0/STM32CubeIDE/plugins/com.st.stm32cube.ide.mcu.externaltools.gnu-tools-for-stm32.12.3.rel1.win32_1.0.200.202406191623/tools/bin/../lib/gcc/arm-none-eabi/12.3.1/../../../../arm-none-eabi/lib/thumb/v7e-m+dp/hard\libc_nano.a(libc_a-mlock.o)
                0x0800aa7c                __malloc_lock
 .text.__malloc_unlock
                0x0800aa88        0xc C:/ST/STM32CubeIDE_1.3.0/STM32CubeIDE/plugins/com.st.stm32cube.ide.mcu.externaltools.gnu-tools-for-stm32.12.3.rel1.win32_1.0.200.202406191623/tools/bin/../lib/gcc/arm-none-eabi/12.3.1/../../../../arm-none-eabi/lib/thumb/v7e-m+dp/hard\libc_nano.a(libc_a-mlock.o)
                0x0800aa88                __malloc_unlock
 .text.__sfputc_r
                0x0800aa94       0x2e C:/ST/STM32CubeIDE_1.3.0/STM32CubeIDE/plugins/com.st.stm32cube.ide.mcu.externaltools.gnu-tools-for-stm32.12.3.rel1.win32_1.0.200.202406191623/tools/bin/../lib/gcc/arm-none-eabi/12.3.1/../../../../arm-none-eabi/lib/thumb/v7e-m+dp/hard\libc_nano.a(libc_a-nano-vfprintf.o)
 .text.__sfputs_r
                0x0800aac2       0x24 C:/ST/STM32CubeIDE_1.3.0/STM32CubeIDE/plugins/com.st.stm32cube.ide.mcu.externaltools.gnu-tools-for-stm32.12.3.rel1.win32_1.0.200.202406191623/tools/bin/../lib/gcc/arm-none-eabi/12.3.1/../../../../arm-none-eabi/lib/thumb/v7e-m+dp/hard\libc_nano.a(libc_a-nano-vfprintf.o)
                0x0800aac2                __sfputs_r
 *fill*         0x0800aae6        0x2 
 .text._vfprintf_r
                0x0800aae8      0x230 C:/ST/STM32CubeIDE_1.3.0/STM32CubeIDE/plugins/com.st.stm32cube.ide.mcu.externaltools.gnu-tools-for-stm32.12.3.rel1.win32_1.0.200.202406191623/tools/bin/../lib/gcc/arm-none-eabi/12.3.1/../../../../arm-none-eabi/lib/thumb/v7e-m+dp/hard\libc_nano.a(libc_a-nano-vfprintf.o)
                0x0800aae8                _vfprintf_r
                0x0800aae8                _vfiprintf_r
 .text._printf_common
                0x0800ad18       0xda C:/ST/STM32CubeIDE_1.3.0/STM32CubeIDE/plugins/com.st.stm32cube.ide.mcu.externaltools.gnu-tools-for-stm32.12.3.rel1.win32_1.0.200.202406191623/tools/bin/../lib/gcc/arm-none-eabi/12.3.1/../../../../arm-none-eabi/lib/thumb/v7e-m+dp/hard\libc_nano.a(libc_a-nano-vfprintf_i.o)
                0x0800ad18                _printf_common
 *fill*         0x0800adf2        0x2 
 .text._printf_i
                0x0800adf4      0x240 C:/ST/STM32CubeIDE_1.3.0/STM32CubeIDE/plugins/com.st.stm32cube.ide.mcu.externaltools.gnu-tools-for-stm32.12.3.rel1.win32_1.0.200.202406191623/tools/bin/../lib/gcc/arm-none-eabi/12.3.1/../../../../arm-none-eabi/lib/thumb/v7e-m+dp/hard\libc_nano.a(libc_a-nano-vfprintf_i.o)
                0x0800adf4                _printf_i
 .text.__swhatbuf_r
                0x0800b034       0x4c C:/ST/STM32CubeIDE_1.3.0/STM32CubeIDE/plugins/com.st.stm32cube.ide.mcu.externaltools.gnu-tools-for-stm32.12.3.rel1.win32_1.0.200.202406191623/tools/bin/../lib/gcc/arm-none-eabi/12.3.1/../../../../arm-none-eabi/lib/thumb/v7e-m+dp/hard\libc_nano.a(libc_a-makebuf.o)
                0x0800b034                __swhatbuf_r
 .text.__smakebuf_r
                0x0800b080       0x78 C:/ST/STM32CubeIDE_1.3.0/STM32CubeIDE/plugins/com.st.stm32cube.ide.mcu.externaltools.gnu-tools-for-stm32.12.3.rel1.win32_1.0.200.202406191623/tools/bin/../lib/gcc/arm-none-eabi/12.3.1/../../../../arm-none-eabi/lib/thumb/v7e-m+dp/hard\libc_nano.a(libc_a-makebuf.o)
                0x0800b080                __smakebuf_r
 .text._putc_r  0x0800b0f8       0x68 C:/ST/STM32CubeIDE_1.3.0/STM32CubeIDE/plugins/com.st.stm32cube.ide.mcu.externaltools.gnu-tools-for-stm32.12.3.rel1.win32_1.0.200.202406191623/tools/bin/../lib/gcc/arm-none-eabi/12.3.1/../../../../arm-none-eabi/lib/thumb/v7e-m+dp/hard\libc_nano.a(libc_a-putc.o)
                0x0800b0f8                _putc_r
 .text._fstat_r
                0x0800b160       0x24 C:/ST/STM32CubeIDE_1.3.0/STM32CubeIDE/plugins/com.st.stm32cube.ide.mcu.externaltools.gnu-tools-for-stm32.12.3.rel1.win32_1.0.200.202406191623/tools/bin/../lib/gcc/arm-none-eabi/12.3.1/../../../../arm-none-eabi/lib/thumb/v7e-m+dp/hard\libc_nano.a(libc_a-fstatr.o)
                0x0800b160                _fstat_r
 .text._isatty_r
                0x0800b184       0x20 C:/ST/STM32CubeIDE_1.3.0/STM32CubeIDE/plugins/com.st.stm32cube.ide.mcu.externaltools.gnu-tools-for-stm32.12.3.rel1.win32_1.0.200.202406191623/tools/bin/../lib/gcc/arm-none-eabi/12.3.1/../../../../arm-none-eabi/lib/thumb/v7e-m+dp/hard\libc_nano.a(libc_a-isattyr.o)
                0x0800b184                _isatty_r
 .text._sbrk_r  0x0800b1a4       0x20 C:/ST/STM32CubeIDE_1.3.0/STM32CubeIDE/plugins/com.st.stm32cube.ide.mcu.externaltools.gnu-tools-for-stm32.12.3.rel1.win32_1.0.200.202406191623/tools/bin/../lib/gcc/arm-none-eabi/12.3.1/../../../../arm-none-eabi/lib/thumb/v7e-m+dp/hard\libc_nano.a(libc_a-sbrkr.o)
                0x0800b1a4                _sbrk_r
 *(.glue_7)
 .glue_7        0x0800b1c4        0x0 linker stubs
 *(.glue_7t)
 .glue_7t       0x0800b1c4        0x0 linker stubs
 *(.eh_frame)
 .eh_frame      0x0800b1c4        0x0 C:/ST/STM32CubeIDE_1.3.0/STM32CubeIDE/plugins/com.st.stm32cube.ide.mcu.externaltools.gnu-tools-for-stm32.12.3.rel1.win32_1.0.200.202406191623/tools/bin/../lib/gcc/arm-none-eabi/12.3.1/thumb/v7e-m+dp/hard/crtbegin.o
 *(.init)
 .init          0x0800b1c4        0x4 C:/ST/STM32CubeIDE_1.3.0/STM32CubeIDE/plugins/com.st.stm32cube.ide.mcu.externaltools.gnu-tools-for-stm32.12.3.rel1.win32_1.0.200.202406191623/tools/bin/../lib/gcc/arm-none-eabi/12.3.1/thumb/v7e-m+dp/hard/crti.o
                0x0800b1c4                _init
 .init          0x0800b1c8        0x8 C:/ST/STM32CubeIDE_1.3.0/STM32CubeIDE/plugins/com.st.stm32cube.ide.mcu.externaltools.gnu-tools-for-stm32.12.3.rel1.win32_1.0.200.202406191623/tools/bin/../lib/gcc/arm-none-eabi/12.3.1/thumb/v7e-m+dp/hard/crtn.o
 *(.fini)
 .fini          0x0800b1d0        0x4 C:/ST/STM32CubeIDE_1.3.0/STM32CubeIDE/plugins/com.st.stm32cube.ide.mcu.externaltools.gnu-tools-for-stm32.12.3.rel1.win32_1.0.200.202406191623/tools/bin/../lib/gcc/arm-none-eabi/12.3.1/thumb/v7e-m+dp/hard/crti.o
                0x0800b1d0                _fini
 .fini          0x0800b1d4        0x8 C:/ST/STM32CubeIDE_1.3.0/STM32CubeIDE/plugins/com.st.stm32cube.ide.mcu.externaltools.gnu-tools-for-stm32.12.3.rel1.win32_1.0.200.202406191623/tools/bin/../lib/gcc/arm-none-eabi/12.3.1/thumb/v7e-m+dp/hard/crtn.o
                0x0800b1dc                        . = ALIGN (0x4)
                0x0800b1dc                        _etext = .

.vfp11_veneer   0x0800b1dc        0x0
 .vfp11_veneer  0x0800b1dc        0x0 linker stubs

.v4_bx          0x0800b1dc        0x0
 .v4_bx         0x0800b1dc        0x0 linker stubs

.iplt           0x0800b1dc        0x0
 .iplt          0x0800b1dc        0x0 C:/ST/STM32CubeIDE_1.3.0/STM32CubeIDE/plugins/com.st.stm32cube.ide.mcu.externaltools.gnu-tools-for-stm32.12.3.rel1.win32_1.0.200.202406191623/tools/bin/../lib/gcc/arm-none-eabi/12.3.1/thumb/v7e-m+dp/hard/crtbegin.o

.rodata         0x0800b1dc      0x664
                0x0800b1dc                        . = ALIGN (0x4)
 *(.rodata)
 .rodata        0x0800b1dc      0x172 ./Core/Src/bootloader.o
 *fill*         0x0800b34e        0x2 
 .rodata        0x0800b350       0x48 ./Middlewares/Third_Party/FatFs/src/ff.o
 *(.rodata*)
 .rodata.AHBPrescTable
                0x0800b398       0x10 ./Core/Src/system_stm32f7xx.o
                0x0800b398                AHBPrescTable
 .rodata.APBPrescTable
                0x0800b3a8        0x8 ./Core/Src/system_stm32f7xx.o
                0x0800b3a8                APBPrescTable
 .rodata.flagBitshiftOffset.0
                0x0800b3b0        0x8 ./Drivers/STM32F7xx_HAL_Driver/Src/stm32f7xx_hal_dma.o
 .rodata.SD_Driver
                0x0800b3b8       0x14 ./FATFS/Target/sd_diskio.o
                0x0800b3b8                SD_Driver
 .rodata.ExCvt  0x0800b3cc       0x80 ./Middlewares/Third_Party/FatFs/src/ff.o
 .rodata.LfnOfs
                0x0800b44c        0xd ./Middlewares/Third_Party/FatFs/src/ff.o
 *fill*         0x0800b459        0x3 
 .rodata.Tbl    0x0800b45c      0x100 ./Middlewares/Third_Party/FatFs/src/option/ccsbcs.o
 .rodata.cvt1.1
                0x0800b55c      0x1f2 ./Middlewares/Third_Party/FatFs/src/option/ccsbcs.o
 *fill*         0x0800b74e        0x2 
 .rodata.cvt2.0
                0x0800b750       0xbc ./Middlewares/Third_Party/FatFs/src/option/ccsbcs.o
 .rodata._vfprintf_r.str1.1
                0x0800b80c       0x11 C:/ST/STM32CubeIDE_1.3.0/STM32CubeIDE/plugins/com.st.stm32cube.ide.mcu.externaltools.gnu-tools-for-stm32.12.3.rel1.win32_1.0.200.202406191623/tools/bin/../lib/gcc/arm-none-eabi/12.3.1/../../../../arm-none-eabi/lib/thumb/v7e-m+dp/hard\libc_nano.a(libc_a-nano-vfprintf.o)
 .rodata._printf_i.str1.1
                0x0800b81d       0x22 C:/ST/STM32CubeIDE_1.3.0/STM32CubeIDE/plugins/com.st.stm32cube.ide.mcu.externaltools.gnu-tools-for-stm32.12.3.rel1.win32_1.0.200.202406191623/tools/bin/../lib/gcc/arm-none-eabi/12.3.1/../../../../arm-none-eabi/lib/thumb/v7e-m+dp/hard\libc_nano.a(libc_a-nano-vfprintf_i.o)
                0x0800b840                        . = ALIGN (0x4)
 *fill*         0x0800b83f        0x1 

.ARM.extab      0x0800b840        0x0
                0x0800b840                        . = ALIGN (0x4)
 *(.ARM.extab* .gnu.linkonce.armextab.*)
                0x0800b840                        . = ALIGN (0x4)

.ARM            0x0800b840        0x8
                0x0800b840                        . = ALIGN (0x4)
                0x0800b840                        __exidx_start = .
 *(.ARM.exidx*)
 .ARM.exidx     0x0800b840        0x8 C:/ST/STM32CubeIDE_1.3.0/STM32CubeIDE/plugins/com.st.stm32cube.ide.mcu.externaltools.gnu-tools-for-stm32.12.3.rel1.win32_1.0.200.202406191623/tools/bin/../lib/gcc/arm-none-eabi/12.3.1/../../../../arm-none-eabi/lib/thumb/v7e-m+dp/hard\libc_nano.a(libc_a-memchr.o)
 .ARM.exidx     0x0800b848        0x0 C:/ST/STM32CubeIDE_1.3.0/STM32CubeIDE/plugins/com.st.stm32cube.ide.mcu.externaltools.gnu-tools-for-stm32.12.3.rel1.win32_1.0.200.202406191623/tools/bin/../lib/gcc/arm-none-eabi/12.3.1/thumb/v7e-m+dp/hard\libgcc.a(_udivmoddi4.o)
                                  0x8 (size before relaxing)
                0x0800b848                        __exidx_end = .
                0x0800b848                        . = ALIGN (0x4)

.preinit_array  0x0800b848        0x0
                0x0800b848                        . = ALIGN (0x4)
                0x0800b848                        PROVIDE (__preinit_array_start = .)
 *(.preinit_array*)
                0x0800b848                        PROVIDE (__preinit_array_end = .)
                0x0800b848                        . = ALIGN (0x4)

.init_array     0x0800b848        0x4
                0x0800b848                        . = ALIGN (0x4)
                0x0800b848                        PROVIDE (__init_array_start = .)
 *(SORT_BY_NAME(.init_array.*))
 *(.init_array*)
 .init_array    0x0800b848        0x4 C:/ST/STM32CubeIDE_1.3.0/STM32CubeIDE/plugins/com.st.stm32cube.ide.mcu.externaltools.gnu-tools-for-stm32.12.3.rel1.win32_1.0.200.202406191623/tools/bin/../lib/gcc/arm-none-eabi/12.3.1/thumb/v7e-m+dp/hard/crtbegin.o
                0x0800b84c                        PROVIDE (__init_array_end = .)
                0x0800b84c                        . = ALIGN (0x4)

.fini_array     0x0800b84c        0x4
                0x0800b84c                        . = ALIGN (0x4)
                [!provide]                        PROVIDE (__fini_array_start = .)
 *(SORT_BY_NAME(.fini_array.*))
 *(.fini_array*)
 .fini_array    0x0800b84c        0x4 C:/ST/STM32CubeIDE_1.3.0/STM32CubeIDE/plugins/com.st.stm32cube.ide.mcu.externaltools.gnu-tools-for-stm32.12.3.rel1.win32_1.0.200.202406191623/tools/bin/../lib/gcc/arm-none-eabi/12.3.1/thumb/v7e-m+dp/hard/crtbegin.o
                [!provide]                        PROVIDE (__fini_array_end = .)
                0x0800b850                        . = ALIGN (0x4)
                0x0800b850                        _sidata = LOADADDR (.data)

.rel.dyn        0x0800b850        0x0
 .rel.iplt      0x0800b850        0x0 C:/ST/STM32CubeIDE_1.3.0/STM32CubeIDE/plugins/com.st.stm32cube.ide.mcu.externaltools.gnu-tools-for-stm32.12.3.rel1.win32_1.0.200.202406191623/tools/bin/../lib/gcc/arm-none-eabi/12.3.1/thumb/v7e-m+dp/hard/crtbegin.o

.data           0x20000000       0x68 load address 0x0800b850
                0x20000000                        . = ALIGN (0x4)
                0x20000000                        _sdata = .
 *(.data)
 *(.data*)
 .data.SystemCoreClock
                0x20000000        0x4 ./Core/Src/system_stm32f7xx.o
                0x20000000                SystemCoreClock
 .data.uwTickPrio
                0x20000004        0x4 ./Drivers/STM32F7xx_HAL_Driver/Src/stm32f7xx_hal.o
                0x20000004                uwTickPrio
 .data.uwTickFreq
                0x20000008        0x1 ./Drivers/STM32F7xx_HAL_Driver/Src/stm32f7xx_hal.o
                0x20000008                uwTickFreq
 .data.Stat     0x20000009        0x1 ./FATFS/Target/sd_diskio.o
 *fill*         0x2000000a        0x2 
 .data.__sglue  0x2000000c        0xc C:/ST/STM32CubeIDE_1.3.0/STM32CubeIDE/plugins/com.st.stm32cube.ide.mcu.externaltools.gnu-tools-for-stm32.12.3.rel1.win32_1.0.200.202406191623/tools/bin/../lib/gcc/arm-none-eabi/12.3.1/../../../../arm-none-eabi/lib/thumb/v7e-m+dp/hard\libc_nano.a(libc_a-findfp.o)
                0x2000000c                __sglue
 .data._impure_ptr
                0x20000018        0x4 C:/ST/STM32CubeIDE_1.3.0/STM32CubeIDE/plugins/com.st.stm32cube.ide.mcu.externaltools.gnu-tools-for-stm32.12.3.rel1.win32_1.0.200.202406191623/tools/bin/../lib/gcc/arm-none-eabi/12.3.1/../../../../arm-none-eabi/lib/thumb/v7e-m+dp/hard\libc_nano.a(libc_a-impure.o)
                0x20000018                _impure_ptr
 .data._impure_data
                0x2000001c       0x4c C:/ST/STM32CubeIDE_1.3.0/STM32CubeIDE/plugins/com.st.stm32cube.ide.mcu.externaltools.gnu-tools-for-stm32.12.3.rel1.win32_1.0.200.202406191623/tools/bin/../lib/gcc/arm-none-eabi/12.3.1/../../../../arm-none-eabi/lib/thumb/v7e-m+dp/hard\libc_nano.a(libc_a-impure.o)
                0x2000001c                _impure_data
 *(.RamFunc)
 *(.RamFunc*)
                0x20000068                        . = ALIGN (0x4)
                0x20000068                        _edata = .

.igot.plt       0x20000068        0x0 load address 0x0800b8b8
 .igot.plt      0x20000068        0x0 C:/ST/STM32CubeIDE_1.3.0/STM32CubeIDE/plugins/com.st.stm32cube.ide.mcu.externaltools.gnu-tools-for-stm32.12.3.rel1.win32_1.0.200.202406191623/tools/bin/../lib/gcc/arm-none-eabi/12.3.1/thumb/v7e-m+dp/hard/crtbegin.o
                0x20000068                        . = ALIGN (0x4)

.bss            0x20000068      0x814 load address 0x0800b8b8
                0x20000068                        _sbss = .
                0x20000068                        __bss_start__ = _sbss
 *(.bss)
 .bss           0x20000068       0x1c C:/ST/STM32CubeIDE_1.3.0/STM32CubeIDE/plugins/com.st.stm32cube.ide.mcu.externaltools.gnu-tools-for-stm32.12.3.rel1.win32_1.0.200.202406191623/tools/bin/../lib/gcc/arm-none-eabi/12.3.1/thumb/v7e-m+dp/hard/crtbegin.o
 *(.bss*)
 .bss.programEntry
                0x20000084        0x4 ./Core/Src/bootloader.o
                0x20000084                programEntry
 .bss.hrng      0x20000088       0x10 ./Core/Src/main.o
                0x20000088                hrng
 .bss.hsd2      0x20000098       0x84 ./Core/Src/main.o
                0x20000098                hsd2
 .bss.hdma_sdmmc2_rx
                0x2000011c       0x60 ./Core/Src/main.o
                0x2000011c                hdma_sdmmc2_rx
 .bss.hdma_sdmmc2_tx
                0x2000017c       0x60 ./Core/Src/main.o
                0x2000017c                hdma_sdmmc2_tx
 .bss.huart7    0x200001dc       0x88 ./Core/Src/main.o
                0x200001dc                huart7
 .bss.__sbrk_heap_end
                0x20000264        0x4 ./Core/Src/sysmem.o
 .bss.uwTick    0x20000268        0x4 ./Drivers/STM32F7xx_HAL_Driver/Src/stm32f7xx_hal.o
                0x20000268                uwTick
 .bss.pFlash    0x2000026c       0x1c ./Drivers/STM32F7xx_HAL_Driver/Src/stm32f7xx_hal_flash.o
                0x2000026c                pFlash
 .bss.retSD     0x20000288        0x1 ./FATFS/App/fatfs.o
                0x20000288                retSD
 *fill*         0x20000289        0x3 
 .bss.SDPath    0x2000028c        0x4 ./FATFS/App/fatfs.o
                0x2000028c                SDPath
 .bss.SDFatFS   0x20000290      0x234 ./FATFS/App/fatfs.o
                0x20000290                SDFatFS
 .bss.SDFile    0x200004c4      0x230 ./FATFS/App/fatfs.o
                0x200004c4                SDFile
 .bss.WriteStatus
                0x200006f4        0x4 ./FATFS/Target/sd_diskio.o
 .bss.ReadStatus
                0x200006f8        0x4 ./FATFS/Target/sd_diskio.o
 .bss.FatFs     0x200006fc        0x4 ./Middlewares/Third_Party/FatFs/src/ff.o
 .bss.Fsid      0x20000700        0x2 ./Middlewares/Third_Party/FatFs/src/ff.o
 *fill*         0x20000702        0x2 
 .bss.Files     0x20000704       0x20 ./Middlewares/Third_Party/FatFs/src/ff.o
 .bss.disk      0x20000724        0xc ./Middlewares/Third_Party/FatFs/src/ff_gen_drv.o
                0x20000724                disk
 .bss.__sf      0x20000730      0x138 C:/ST/STM32CubeIDE_1.3.0/STM32CubeIDE/plugins/com.st.stm32cube.ide.mcu.externaltools.gnu-tools-for-stm32.12.3.rel1.win32_1.0.200.202406191623/tools/bin/../lib/gcc/arm-none-eabi/12.3.1/../../../../arm-none-eabi/lib/thumb/v7e-m+dp/hard\libc_nano.a(libc_a-findfp.o)
                0x20000730                __sf
 .bss.__stdio_exit_handler
                0x20000868        0x4 C:/ST/STM32CubeIDE_1.3.0/STM32CubeIDE/plugins/com.st.stm32cube.ide.mcu.externaltools.gnu-tools-for-stm32.12.3.rel1.win32_1.0.200.202406191623/tools/bin/../lib/gcc/arm-none-eabi/12.3.1/../../../../arm-none-eabi/lib/thumb/v7e-m+dp/hard\libc_nano.a(libc_a-findfp.o)
                0x20000868                __stdio_exit_handler
 .bss.errno     0x2000086c        0x4 C:/ST/STM32CubeIDE_1.3.0/STM32CubeIDE/plugins/com.st.stm32cube.ide.mcu.externaltools.gnu-tools-for-stm32.12.3.rel1.win32_1.0.200.202406191623/tools/bin/../lib/gcc/arm-none-eabi/12.3.1/../../../../arm-none-eabi/lib/thumb/v7e-m+dp/hard\libc_nano.a(libc_a-reent.o)
                0x2000086c                errno
 .bss.__lock___malloc_recursive_mutex
                0x20000870        0x1 C:/ST/STM32CubeIDE_1.3.0/STM32CubeIDE/plugins/com.st.stm32cube.ide.mcu.externaltools.gnu-tools-for-stm32.12.3.rel1.win32_1.0.200.202406191623/tools/bin/../lib/gcc/arm-none-eabi/12.3.1/../../../../arm-none-eabi/lib/thumb/v7e-m+dp/hard\libc_nano.a(libc_a-lock.o)
                0x20000870                __lock___malloc_recursive_mutex
 .bss.__lock___sfp_recursive_mutex
                0x20000871        0x1 C:/ST/STM32CubeIDE_1.3.0/STM32CubeIDE/plugins/com.st.stm32cube.ide.mcu.externaltools.gnu-tools-for-stm32.12.3.rel1.win32_1.0.200.202406191623/tools/bin/../lib/gcc/arm-none-eabi/12.3.1/../../../../arm-none-eabi/lib/thumb/v7e-m+dp/hard\libc_nano.a(libc_a-lock.o)
                0x20000871                __lock___sfp_recursive_mutex
 *fill*         0x20000872        0x2 
 .bss.__malloc_sbrk_start
                0x20000874        0x4 C:/ST/STM32CubeIDE_1.3.0/STM32CubeIDE/plugins/com.st.stm32cube.ide.mcu.externaltools.gnu-tools-for-stm32.12.3.rel1.win32_1.0.200.202406191623/tools/bin/../lib/gcc/arm-none-eabi/12.3.1/../../../../arm-none-eabi/lib/thumb/v7e-m+dp/hard\libc_nano.a(libc_a-mallocr.o)
                0x20000874                __malloc_sbrk_start
 .bss.__malloc_free_list
                0x20000878        0x4 C:/ST/STM32CubeIDE_1.3.0/STM32CubeIDE/plugins/com.st.stm32cube.ide.mcu.externaltools.gnu-tools-for-stm32.12.3.rel1.win32_1.0.200.202406191623/tools/bin/../lib/gcc/arm-none-eabi/12.3.1/../../../../arm-none-eabi/lib/thumb/v7e-m+dp/hard\libc_nano.a(libc_a-mallocr.o)
                0x20000878                __malloc_free_list
 *(COMMON)
                0x2000087c                        . = ALIGN (0x4)
                0x2000087c                        _ebss = .
                0x2000087c                        __bss_end__ = _ebss

._user_heap_stack
                0x2000087c      0x604 load address 0x0800b8b8
                0x20000880                        . = ALIGN (0x8)
 *fill*         0x2000087c        0x4 
                [!provide]                        PROVIDE (end = .)
                0x20000880                        PROVIDE (_end = .)
                0x20000a80                        . = (. + _Min_Heap_Size)
 *fill*         0x20000880      0x200 
                0x20000e80                        . = (. + _Min_Stack_Size)
 *fill*         0x20000a80      0x400 
                0x20000e80                        . = ALIGN (0x8)

/DISCARD/
 libc.a(*)
 libm.a(*)
 libgcc.a(*)

.ARM.attributes
                0x00000000       0x2e
 *(.ARM.attributes)
 .ARM.attributes
                0x00000000       0x20 C:/ST/STM32CubeIDE_1.3.0/STM32CubeIDE/plugins/com.st.stm32cube.ide.mcu.externaltools.gnu-tools-for-stm32.12.3.rel1.win32_1.0.200.202406191623/tools/bin/../lib/gcc/arm-none-eabi/12.3.1/thumb/v7e-m+dp/hard/crti.o
 .ARM.attributes
                0x00000020       0x32 C:/ST/STM32CubeIDE_1.3.0/STM32CubeIDE/plugins/com.st.stm32cube.ide.mcu.externaltools.gnu-tools-for-stm32.12.3.rel1.win32_1.0.200.202406191623/tools/bin/../lib/gcc/arm-none-eabi/12.3.1/thumb/v7e-m+dp/hard/crtbegin.o
 .ARM.attributes
                0x00000052       0x32 ./Core/Src/bootloader.o
 .ARM.attributes
                0x00000084       0x32 ./Core/Src/main.o
 .ARM.attributes
                0x000000b6       0x32 ./Core/Src/stm32f7xx_hal_msp.o
 .ARM.attributes
                0x000000e8       0x32 ./Core/Src/stm32f7xx_it.o
 .ARM.attributes
                0x0000011a       0x32 ./Core/Src/syscalls.o
 .ARM.attributes
                0x0000014c       0x32 ./Core/Src/sysmem.o
 .ARM.attributes
                0x0000017e       0x32 ./Core/Src/system_stm32f7xx.o
 .ARM.attributes
                0x000001b0       0x21 ./Core/Startup/startup_stm32f767bgtx.o
 .ARM.attributes
                0x000001d1       0x32 ./Drivers/STM32F7xx_HAL_Driver/Src/stm32f7xx_hal.o
 .ARM.attributes
                0x00000203       0x32 ./Drivers/STM32F7xx_HAL_Driver/Src/stm32f7xx_hal_cortex.o
 .ARM.attributes
                0x00000235       0x32 ./Drivers/STM32F7xx_HAL_Driver/Src/stm32f7xx_hal_dma.o
 .ARM.attributes
                0x00000267       0x32 ./Drivers/STM32F7xx_HAL_Driver/Src/stm32f7xx_hal_flash.o
 .ARM.attributes
                0x00000299       0x32 ./Drivers/STM32F7xx_HAL_Driver/Src/stm32f7xx_hal_flash_ex.o
 .ARM.attributes
                0x000002cb       0x32 ./Drivers/STM32F7xx_HAL_Driver/Src/stm32f7xx_hal_gpio.o
 .ARM.attributes
                0x000002fd       0x32 ./Drivers/STM32F7xx_HAL_Driver/Src/stm32f7xx_hal_pwr.o
 .ARM.attributes
                0x0000032f       0x32 ./Drivers/STM32F7xx_HAL_Driver/Src/stm32f7xx_hal_pwr_ex.o
 .ARM.attributes
                0x00000361       0x32 ./Drivers/STM32F7xx_HAL_Driver/Src/stm32f7xx_hal_rcc.o
 .ARM.attributes
                0x00000393       0x32 ./Drivers/STM32F7xx_HAL_Driver/Src/stm32f7xx_hal_rcc_ex.o
 .ARM.attributes
                0x000003c5       0x32 ./Drivers/STM32F7xx_HAL_Driver/Src/stm32f7xx_hal_rng.o
 .ARM.attributes
                0x000003f7       0x32 ./Drivers/STM32F7xx_HAL_Driver/Src/stm32f7xx_hal_sd.o
 .ARM.attributes
                0x00000429       0x32 ./Drivers/STM32F7xx_HAL_Driver/Src/stm32f7xx_hal_uart.o
 .ARM.attributes
                0x0000045b       0x32 ./Drivers/STM32F7xx_HAL_Driver/Src/stm32f7xx_ll_sdmmc.o
 .ARM.attributes
                0x0000048d       0x32 ./FATFS/App/fatfs.o
 .ARM.attributes
                0x000004bf       0x32 ./FATFS/Target/bsp_driver_sd.o
 .ARM.attributes
                0x000004f1       0x32 ./FATFS/Target/sd_diskio.o
 .ARM.attributes
                0x00000523       0x32 ./Middlewares/Third_Party/FatFs/src/diskio.o
 .ARM.attributes
                0x00000555       0x32 ./Middlewares/Third_Party/FatFs/src/ff.o
 .ARM.attributes
                0x00000587       0x32 ./Middlewares/Third_Party/FatFs/src/ff_gen_drv.o
 .ARM.attributes
                0x000005b9       0x32 ./Middlewares/Third_Party/FatFs/src/option/ccsbcs.o
 .ARM.attributes
                0x000005eb       0x32 C:/ST/STM32CubeIDE_1.3.0/STM32CubeIDE/plugins/com.st.stm32cube.ide.mcu.externaltools.gnu-tools-for-stm32.12.3.rel1.win32_1.0.200.202406191623/tools/bin/../lib/gcc/arm-none-eabi/12.3.1/../../../../arm-none-eabi/lib/thumb/v7e-m+dp/hard\libc_nano.a(libc_a-fflush.o)
 .ARM.attributes
                0x0000061d       0x32 C:/ST/STM32CubeIDE_1.3.0/STM32CubeIDE/plugins/com.st.stm32cube.ide.mcu.externaltools.gnu-tools-for-stm32.12.3.rel1.win32_1.0.200.202406191623/tools/bin/../lib/gcc/arm-none-eabi/12.3.1/../../../../arm-none-eabi/lib/thumb/v7e-m+dp/hard\libc_nano.a(libc_a-findfp.o)
 .ARM.attributes
                0x0000064f       0x32 C:/ST/STM32CubeIDE_1.3.0/STM32CubeIDE/plugins/com.st.stm32cube.ide.mcu.externaltools.gnu-tools-for-stm32.12.3.rel1.win32_1.0.200.202406191623/tools/bin/../lib/gcc/arm-none-eabi/12.3.1/../../../../arm-none-eabi/lib/thumb/v7e-m+dp/hard\libc_nano.a(libc_a-fwalk.o)
 .ARM.attributes
                0x00000681       0x32 C:/ST/STM32CubeIDE_1.3.0/STM32CubeIDE/plugins/com.st.stm32cube.ide.mcu.externaltools.gnu-tools-for-stm32.12.3.rel1.win32_1.0.200.202406191623/tools/bin/../lib/gcc/arm-none-eabi/12.3.1/../../../../arm-none-eabi/lib/thumb/v7e-m+dp/hard\libc_nano.a(libc_a-printf.o)
 .ARM.attributes
                0x000006b3       0x32 C:/ST/STM32CubeIDE_1.3.0/STM32CubeIDE/plugins/com.st.stm32cube.ide.mcu.externaltools.gnu-tools-for-stm32.12.3.rel1.win32_1.0.200.202406191623/tools/bin/../lib/gcc/arm-none-eabi/12.3.1/../../../../arm-none-eabi/lib/thumb/v7e-m+dp/hard\libc_nano.a(libc_a-putchar.o)
 .ARM.attributes
                0x000006e5       0x32 C:/ST/STM32CubeIDE_1.3.0/STM32CubeIDE/plugins/com.st.stm32cube.ide.mcu.externaltools.gnu-tools-for-stm32.12.3.rel1.win32_1.0.200.202406191623/tools/bin/../lib/gcc/arm-none-eabi/12.3.1/../../../../arm-none-eabi/lib/thumb/v7e-m+dp/hard\libc_nano.a(libc_a-puts.o)
 .ARM.attributes
                0x00000717       0x32 C:/ST/STM32CubeIDE_1.3.0/STM32CubeIDE/plugins/com.st.stm32cube.ide.mcu.externaltools.gnu-tools-for-stm32.12.3.rel1.win32_1.0.200.202406191623/tools/bin/../lib/gcc/arm-none-eabi/12.3.1/../../../../arm-none-eabi/lib/thumb/v7e-m+dp/hard\libc_nano.a(libc_a-stdio.o)
 .ARM.attributes
                0x00000749       0x32 C:/ST/STM32CubeIDE_1.3.0/STM32CubeIDE/plugins/com.st.stm32cube.ide.mcu.externaltools.gnu-tools-for-stm32.12.3.rel1.win32_1.0.200.202406191623/tools/bin/../lib/gcc/arm-none-eabi/12.3.1/../../../../arm-none-eabi/lib/thumb/v7e-m+dp/hard\libc_nano.a(libc_a-wbuf.o)
 .ARM.attributes
                0x0000077b       0x32 C:/ST/STM32CubeIDE_1.3.0/STM32CubeIDE/plugins/com.st.stm32cube.ide.mcu.externaltools.gnu-tools-for-stm32.12.3.rel1.win32_1.0.200.202406191623/tools/bin/../lib/gcc/arm-none-eabi/12.3.1/../../../../arm-none-eabi/lib/thumb/v7e-m+dp/hard\libc_nano.a(libc_a-wsetup.o)
 .ARM.attributes
                0x000007ad       0x32 C:/ST/STM32CubeIDE_1.3.0/STM32CubeIDE/plugins/com.st.stm32cube.ide.mcu.externaltools.gnu-tools-for-stm32.12.3.rel1.win32_1.0.200.202406191623/tools/bin/../lib/gcc/arm-none-eabi/12.3.1/../../../../arm-none-eabi/lib/thumb/v7e-m+dp/hard\libc_nano.a(libc_a-memset.o)
 .ARM.attributes
                0x000007df       0x32 C:/ST/STM32CubeIDE_1.3.0/STM32CubeIDE/plugins/com.st.stm32cube.ide.mcu.externaltools.gnu-tools-for-stm32.12.3.rel1.win32_1.0.200.202406191623/tools/bin/../lib/gcc/arm-none-eabi/12.3.1/../../../../arm-none-eabi/lib/thumb/v7e-m+dp/hard\libc_nano.a(libc_a-closer.o)
 .ARM.attributes
                0x00000811       0x32 C:/ST/STM32CubeIDE_1.3.0/STM32CubeIDE/plugins/com.st.stm32cube.ide.mcu.externaltools.gnu-tools-for-stm32.12.3.rel1.win32_1.0.200.202406191623/tools/bin/../lib/gcc/arm-none-eabi/12.3.1/../../../../arm-none-eabi/lib/thumb/v7e-m+dp/hard\libc_nano.a(libc_a-reent.o)
 .ARM.attributes
                0x00000843       0x32 C:/ST/STM32CubeIDE_1.3.0/STM32CubeIDE/plugins/com.st.stm32cube.ide.mcu.externaltools.gnu-tools-for-stm32.12.3.rel1.win32_1.0.200.202406191623/tools/bin/../lib/gcc/arm-none-eabi/12.3.1/../../../../arm-none-eabi/lib/thumb/v7e-m+dp/hard\libc_nano.a(libc_a-impure.o)
 .ARM.attributes
                0x00000875       0x32 C:/ST/STM32CubeIDE_1.3.0/STM32CubeIDE/plugins/com.st.stm32cube.ide.mcu.externaltools.gnu-tools-for-stm32.12.3.rel1.win32_1.0.200.202406191623/tools/bin/../lib/gcc/arm-none-eabi/12.3.1/../../../../arm-none-eabi/lib/thumb/v7e-m+dp/hard\libc_nano.a(libc_a-lseekr.o)
 .ARM.attributes
                0x000008a7       0x32 C:/ST/STM32CubeIDE_1.3.0/STM32CubeIDE/plugins/com.st.stm32cube.ide.mcu.externaltools.gnu-tools-for-stm32.12.3.rel1.win32_1.0.200.202406191623/tools/bin/../lib/gcc/arm-none-eabi/12.3.1/../../../../arm-none-eabi/lib/thumb/v7e-m+dp/hard\libc_nano.a(libc_a-readr.o)
 .ARM.attributes
                0x000008d9       0x32 C:/ST/STM32CubeIDE_1.3.0/STM32CubeIDE/plugins/com.st.stm32cube.ide.mcu.externaltools.gnu-tools-for-stm32.12.3.rel1.win32_1.0.200.202406191623/tools/bin/../lib/gcc/arm-none-eabi/12.3.1/../../../../arm-none-eabi/lib/thumb/v7e-m+dp/hard\libc_nano.a(libc_a-writer.o)
 .ARM.attributes
                0x0000090b       0x32 C:/ST/STM32CubeIDE_1.3.0/STM32CubeIDE/plugins/com.st.stm32cube.ide.mcu.externaltools.gnu-tools-for-stm32.12.3.rel1.win32_1.0.200.202406191623/tools/bin/../lib/gcc/arm-none-eabi/12.3.1/../../../../arm-none-eabi/lib/thumb/v7e-m+dp/hard\libc_nano.a(libc_a-errno.o)
 .ARM.attributes
                0x0000093d       0x32 C:/ST/STM32CubeIDE_1.3.0/STM32CubeIDE/plugins/com.st.stm32cube.ide.mcu.externaltools.gnu-tools-for-stm32.12.3.rel1.win32_1.0.200.202406191623/tools/bin/../lib/gcc/arm-none-eabi/12.3.1/../../../../arm-none-eabi/lib/thumb/v7e-m+dp/hard\libc_nano.a(libc_a-init.o)
 .ARM.attributes
                0x0000096f       0x32 C:/ST/STM32CubeIDE_1.3.0/STM32CubeIDE/plugins/com.st.stm32cube.ide.mcu.externaltools.gnu-tools-for-stm32.12.3.rel1.win32_1.0.200.202406191623/tools/bin/../lib/gcc/arm-none-eabi/12.3.1/../../../../arm-none-eabi/lib/thumb/v7e-m+dp/hard\libc_nano.a(libc_a-lock.o)
 .ARM.attributes
                0x000009a1       0x32 C:/ST/STM32CubeIDE_1.3.0/STM32CubeIDE/plugins/com.st.stm32cube.ide.mcu.externaltools.gnu-tools-for-stm32.12.3.rel1.win32_1.0.200.202406191623/tools/bin/../lib/gcc/arm-none-eabi/12.3.1/../../../../arm-none-eabi/lib/thumb/v7e-m+dp/hard\libc_nano.a(libc_a-freer.o)
 .ARM.attributes
                0x000009d3       0x32 C:/ST/STM32CubeIDE_1.3.0/STM32CubeIDE/plugins/com.st.stm32cube.ide.mcu.externaltools.gnu-tools-for-stm32.12.3.rel1.win32_1.0.200.202406191623/tools/bin/../lib/gcc/arm-none-eabi/12.3.1/../../../../arm-none-eabi/lib/thumb/v7e-m+dp/hard\libc_nano.a(libc_a-mallocr.o)
 .ARM.attributes
                0x00000a05       0x32 C:/ST/STM32CubeIDE_1.3.0/STM32CubeIDE/plugins/com.st.stm32cube.ide.mcu.externaltools.gnu-tools-for-stm32.12.3.rel1.win32_1.0.200.202406191623/tools/bin/../lib/gcc/arm-none-eabi/12.3.1/../../../../arm-none-eabi/lib/thumb/v7e-m+dp/hard\libc_nano.a(libc_a-mlock.o)
 .ARM.attributes
                0x00000a37       0x32 C:/ST/STM32CubeIDE_1.3.0/STM32CubeIDE/plugins/com.st.stm32cube.ide.mcu.externaltools.gnu-tools-for-stm32.12.3.rel1.win32_1.0.200.202406191623/tools/bin/../lib/gcc/arm-none-eabi/12.3.1/../../../../arm-none-eabi/lib/thumb/v7e-m+dp/hard\libc_nano.a(libc_a-nano-vfprintf.o)
 .ARM.attributes
                0x00000a69       0x32 C:/ST/STM32CubeIDE_1.3.0/STM32CubeIDE/plugins/com.st.stm32cube.ide.mcu.externaltools.gnu-tools-for-stm32.12.3.rel1.win32_1.0.200.202406191623/tools/bin/../lib/gcc/arm-none-eabi/12.3.1/../../../../arm-none-eabi/lib/thumb/v7e-m+dp/hard\libc_nano.a(libc_a-nano-vfprintf_i.o)
 .ARM.attributes
                0x00000a9b       0x32 C:/ST/STM32CubeIDE_1.3.0/STM32CubeIDE/plugins/com.st.stm32cube.ide.mcu.externaltools.gnu-tools-for-stm32.12.3.rel1.win32_1.0.200.202406191623/tools/bin/../lib/gcc/arm-none-eabi/12.3.1/../../../../arm-none-eabi/lib/thumb/v7e-m+dp/hard\libc_nano.a(libc_a-makebuf.o)
 .ARM.attributes
                0x00000acd       0x32 C:/ST/STM32CubeIDE_1.3.0/STM32CubeIDE/plugins/com.st.stm32cube.ide.mcu.externaltools.gnu-tools-for-stm32.12.3.rel1.win32_1.0.200.202406191623/tools/bin/../lib/gcc/arm-none-eabi/12.3.1/../../../../arm-none-eabi/lib/thumb/v7e-m+dp/hard\libc_nano.a(libc_a-putc.o)
 .ARM.attributes
                0x00000aff       0x32 C:/ST/STM32CubeIDE_1.3.0/STM32CubeIDE/plugins/com.st.stm32cube.ide.mcu.externaltools.gnu-tools-for-stm32.12.3.rel1.win32_1.0.200.202406191623/tools/bin/../lib/gcc/arm-none-eabi/12.3.1/../../../../arm-none-eabi/lib/thumb/v7e-m+dp/hard\libc_nano.a(libc_a-fstatr.o)
 .ARM.attributes
                0x00000b31       0x32 C:/ST/STM32CubeIDE_1.3.0/STM32CubeIDE/plugins/com.st.stm32cube.ide.mcu.externaltools.gnu-tools-for-stm32.12.3.rel1.win32_1.0.200.202406191623/tools/bin/../lib/gcc/arm-none-eabi/12.3.1/../../../../arm-none-eabi/lib/thumb/v7e-m+dp/hard\libc_nano.a(libc_a-isattyr.o)
 .ARM.attributes
                0x00000b63       0x32 C:/ST/STM32CubeIDE_1.3.0/STM32CubeIDE/plugins/com.st.stm32cube.ide.mcu.externaltools.gnu-tools-for-stm32.12.3.rel1.win32_1.0.200.202406191623/tools/bin/../lib/gcc/arm-none-eabi/12.3.1/../../../../arm-none-eabi/lib/thumb/v7e-m+dp/hard\libc_nano.a(libc_a-sbrkr.o)
 .ARM.attributes
                0x00000b95       0x1c C:/ST/STM32CubeIDE_1.3.0/STM32CubeIDE/plugins/com.st.stm32cube.ide.mcu.externaltools.gnu-tools-for-stm32.12.3.rel1.win32_1.0.200.202406191623/tools/bin/../lib/gcc/arm-none-eabi/12.3.1/../../../../arm-none-eabi/lib/thumb/v7e-m+dp/hard\libc_nano.a(libc_a-memchr.o)
 .ARM.attributes
                0x00000bb1       0x20 C:/ST/STM32CubeIDE_1.3.0/STM32CubeIDE/plugins/com.st.stm32cube.ide.mcu.externaltools.gnu-tools-for-stm32.12.3.rel1.win32_1.0.200.202406191623/tools/bin/../lib/gcc/arm-none-eabi/12.3.1/thumb/v7e-m+dp/hard\libgcc.a(_aeabi_uldivmod.o)
 .ARM.attributes
                0x00000bd1       0x32 C:/ST/STM32CubeIDE_1.3.0/STM32CubeIDE/plugins/com.st.stm32cube.ide.mcu.externaltools.gnu-tools-for-stm32.12.3.rel1.win32_1.0.200.202406191623/tools/bin/../lib/gcc/arm-none-eabi/12.3.1/thumb/v7e-m+dp/hard\libgcc.a(_udivmoddi4.o)
 .ARM.attributes
                0x00000c03       0x20 C:/ST/STM32CubeIDE_1.3.0/STM32CubeIDE/plugins/com.st.stm32cube.ide.mcu.externaltools.gnu-tools-for-stm32.12.3.rel1.win32_1.0.200.202406191623/tools/bin/../lib/gcc/arm-none-eabi/12.3.1/thumb/v7e-m+dp/hard\libgcc.a(_dvmd_tls.o)
 .ARM.attributes
                0x00000c23       0x20 C:/ST/STM32CubeIDE_1.3.0/STM32CubeIDE/plugins/com.st.stm32cube.ide.mcu.externaltools.gnu-tools-for-stm32.12.3.rel1.win32_1.0.200.202406191623/tools/bin/../lib/gcc/arm-none-eabi/12.3.1/thumb/v7e-m+dp/hard/crtn.o