Archive member included to satisfy reference by file (symbol)

C:/ST/STM32CubeIDE_1.3.0/STM32CubeIDE/plugins/com.st.stm32cube.ide.mcu.externaltools.gnu-tools-for-stm32.12.3.rel1.win32_1.0.200.202406191623/tools/bin/../lib/gcc/arm-none-eabi/12.3.1/../../../../arm-none-eabi/lib/thumb/v7e-m+dp/hard\libc_nano.a(libc_a-exit.o)
                              C:/ST/STM32CubeIDE_1.3.0/STM32CubeIDE/plugins/com.st.stm32cube.ide.mcu.externaltools.gnu-tools-for-stm32.12.3.rel1.win32_1.0.200.202406191623/tools/bin/../lib/gcc/arm-none-eabi/12.3.1/../../../../arm-none-eabi/lib/thumb/v7e-m+dp/hard/crt0.o (exit)
C:/ST/STM32CubeIDE_1.3.0/STM32CubeIDE/plugins/com.st.stm32cube.ide.mcu.externaltools.gnu-tools-for-stm32.12.3.rel1.win32_1.0.200.202406191623/tools/bin/../lib/gcc/arm-none-eabi/12.3.1/../../../../arm-none-eabi/lib/thumb/v7e-m+dp/hard\libc_nano.a(libc_a-fflush.o)
                              ./Core/Src/bootloader.o (fflush)
C:/ST/STM32CubeIDE_1.3.0/STM32CubeIDE/plugins/com.st.stm32cube.ide.mcu.externaltools.gnu-tools-for-stm32.12.3.rel1.win32_1.0.200.202406191623/tools/bin/../lib/gcc/arm-none-eabi/12.3.1/../../../../arm-none-eabi/lib/thumb/v7e-m+dp/hard\libc_nano.a(libc_a-findfp.o)
                              C:/ST/STM32CubeIDE_1.3.0/STM32CubeIDE/plugins/com.st.stm32cube.ide.mcu.externaltools.gnu-tools-for-stm32.12.3.rel1.win32_1.0.200.202406191623/tools/bin/../lib/gcc/arm-none-eabi/12.3.1/../../../../arm-none-eabi/lib/thumb/v7e-m+dp/hard\libc_nano.a(libc_a-fflush.o) (__sglue)
C:/ST/STM32CubeIDE_1.3.0/STM32CubeIDE/plugins/com.st.stm32cube.ide.mcu.externaltools.gnu-tools-for-stm32.12.3.rel1.win32_1.0.200.202406191623/tools/bin/../lib/gcc/arm-none-eabi/12.3.1/../../../../arm-none-eabi/lib/thumb/v7e-m+dp/hard\libc_nano.a(libc_a-fwalk.o)
                              C:/ST/STM32CubeIDE_1.3.0/STM32CubeIDE/plugins/com.st.stm32cube.ide.mcu.externaltools.gnu-tools-for-stm32.12.3.rel1.win32_1.0.200.202406191623/tools/bin/../lib/gcc/arm-none-eabi/12.3.1/../../../../arm-none-eabi/lib/thumb/v7e-m+dp/hard\libc_nano.a(libc_a-fflush.o) (_fwalk_sglue)
C:/ST/STM32CubeIDE_1.3.0/STM32CubeIDE/plugins/com.st.stm32cube.ide.mcu.externaltools.gnu-tools-for-stm32.12.3.rel1.win32_1.0.200.202406191623/tools/bin/../lib/gcc/arm-none-eabi/12.3.1/../../../../arm-none-eabi/lib/thumb/v7e-m+dp/hard\libc_nano.a(libc_a-printf.o)
                              ./Core/Src/bootloader.o (printf)
C:/ST/STM32CubeIDE_1.3.0/STM32CubeIDE/plugins/com.st.stm32cube.ide.mcu.externaltools.gnu-tools-for-stm32.12.3.rel1.win32_1.0.200.202406191623/tools/bin/../lib/gcc/arm-none-eabi/12.3.1/../../../../arm-none-eabi/lib/thumb/v7e-m+dp/hard\libc_nano.a(libc_a-putchar.o)
                              ./Core/Src/bootloader.o (putchar)
C:/ST/STM32CubeIDE_1.3.0/STM32CubeIDE/plugins/com.st.stm32cube.ide.mcu.externaltools.gnu-tools-for-stm32.12.3.rel1.win32_1.0.200.202406191623/tools/bin/../lib/gcc/arm-none-eabi/12.3.1/../../../../arm-none-eabi/lib/thumb/v7e-m+dp/hard\libc_nano.a(libc_a-puts.o)
                              ./Core/Src/bootloader.o (puts)
C:/ST/STM32CubeIDE_1.3.0/STM32CubeIDE/plugins/com.st.stm32cube.ide.mcu.externaltools.gnu-tools-for-stm32.12.3.rel1.win32_1.0.200.202406191623/tools/bin/../lib/gcc/arm-none-eabi/12.3.1/../../../../arm-none-eabi/lib/thumb/v7e-m+dp/hard\libc_nano.a(libc_a-stdio.o)
                              C:/ST/STM32CubeIDE_1.3.0/STM32CubeIDE/plugins/com.st.stm32cube.ide.mcu.externaltools.gnu-tools-for-stm32.12.3.rel1.win32_1.0.200.202406191623/tools/bin/../lib/gcc/arm-none-eabi/12.3.1/../../../../arm-none-eabi/lib/thumb/v7e-m+dp/hard\libc_nano.a(libc_a-findfp.o) (__sread)
C:/ST/STM32CubeIDE_1.3.0/STM32CubeIDE/plugins/com.st.stm32cube.ide.mcu.externaltools.gnu-tools-for-stm32.12.3.rel1.win32_1.0.200.202406191623/tools/bin/../lib/gcc/arm-none-eabi/12.3.1/../../../../arm-none-eabi/lib/thumb/v7e-m+dp/hard\libc_nano.a(libc_a-wbuf.o)
                              C:/ST/STM32CubeIDE_1.3.0/STM32CubeIDE/plugins/com.st.stm32cube.ide.mcu.externaltools.gnu-tools-for-stm32.12.3.rel1.win32_1.0.200.202406191623/tools/bin/../lib/gcc/arm-none-eabi/12.3.1/../../../../arm-none-eabi/lib/thumb/v7e-m+dp/hard\libc_nano.a(libc_a-puts.o) (__swbuf_r)
C:/ST/STM32CubeIDE_1.3.0/STM32CubeIDE/plugins/com.st.stm32cube.ide.mcu.externaltools.gnu-tools-for-stm32.12.3.rel1.win32_1.0.200.202406191623/tools/bin/../lib/gcc/arm-none-eabi/12.3.1/../../../../arm-none-eabi/lib/thumb/v7e-m+dp/hard\libc_nano.a(libc_a-wsetup.o)
                              C:/ST/STM32CubeIDE_1.3.0/STM32CubeIDE/plugins/com.st.stm32cube.ide.mcu.externaltools.gnu-tools-for-stm32.12.3.rel1.win32_1.0.200.202406191623/tools/bin/../lib/gcc/arm-none-eabi/12.3.1/../../../../arm-none-eabi/lib/thumb/v7e-m+dp/hard\libc_nano.a(libc_a-puts.o) (__swsetup_r)
C:/ST/STM32CubeIDE_1.3.0/STM32CubeIDE/plugins/com.st.stm32cube.ide.mcu.externaltools.gnu-tools-for-stm32.12.3.rel1.win32_1.0.200.202406191623/tools/bin/../lib/gcc/arm-none-eabi/12.3.1/../../../../arm-none-eabi/lib/thumb/v7e-m+dp/hard\libc_nano.a(libc_a-memset.o)
[...]
Memory Configuration

Name             Origin             Length             Attributes
RAM              0x20000000         0x00080000         xrw
FLASH            0x08000000         0x00100000         xr
*default*        0x00000000         0xffffffff

Linker script and memory map

LOAD C:/ST/STM32CubeIDE_1.3.0/STM32CubeIDE/plugins/com.st.stm32cube.ide.mcu.externaltools.gnu-tools-for-stm32.12.3.rel1.win32_1.0.200.202406191623/tools/bin/../lib/gcc/arm-none-eabi/12.3.1/thumb/v7e-m+dp/hard/crti.o
LOAD C:/ST/STM32CubeIDE_1.3.0/STM32CubeIDE/plugins/com.st.stm32cube.ide.mcu.externaltools.gnu-tools-for-stm32.12.3.rel1.win32_1.0.200.202406191623/tools/bin/../lib/gcc/arm-none-eabi/12.3.1/thumb/v7e-m+dp/hard/crtbegin.o
LOAD C:/ST/STM32CubeIDE_1.3.0/STM32CubeIDE/plugins/com.st.stm32cube.ide.mcu.externaltools.gnu-tools-for-stm32.12.3.rel1.win32_1.0.200.202406191623/tools/bin/../lib/gcc/arm-none-eabi/12.3.1/../../../../arm-none-eabi/lib/thumb/v7e-m+dp/hard/crt0.o
LOAD ./Core/Src/bootloader.o
LOAD ./Core/Src/lcd.o
LOAD ./Core/Src/main.o
LOAD ./Core/Src/stm32f7xx_hal_msp.o
LOAD ./Core/Src/stm32f7xx_it.o
LOAD ./Core/Src/syscalls.o
LOAD ./Core/Src/sysmem.o
LOAD ./Core/Src/system_stm32f7xx.o
LOAD ./Core/Startup/startup_stm32f767bgtx.o
LOAD ./Drivers/STM32F7xx_HAL_Driver/Src/stm32f7xx_hal.o
LOAD ./Drivers/STM32F7xx_HAL_Driver/Src/stm32f7xx_hal_cortex.o
LOAD ./Drivers/STM32F7xx_HAL_Driver/Src/stm32f7xx_hal_dma.o
LOAD ./Drivers/STM32F7xx_HAL_Driver/Src/stm32f7xx_hal_dma_ex.o
LOAD ./Drivers/STM32F7xx_HAL_Driver/Src/stm32f7xx_hal_exti.o
LOAD ./Drivers/STM32F7xx_HAL_Driver/Src/stm32f7xx_hal_flash.o
LOAD ./Drivers/STM32F7xx_HAL_Driver/Src/stm32f7xx_hal_flash_ex.o
LOAD ./Drivers/STM32F7xx_HAL_Driver/Src/stm32f7xx_hal_gpio.o
LOAD ./Drivers/STM32F7xx_HAL_Driver/Src/stm32f7xx_hal_i2c.o
LOAD ./Drivers/STM32F7xx_HAL_Driver/Src/stm32f7xx_hal_i2c_ex.o
LOAD ./Drivers/STM32F7xx_HAL_Driver/Src/stm32f7xx_hal_pwr.o
LOAD ./Drivers/STM32F7xx_HAL_Driver/Src/stm32f7xx_hal_pwr_ex.o
LOAD ./Drivers/STM32F7xx_HAL_Driver/Src/stm32f7xx_hal_rcc.o
LOAD ./Drivers/STM32F7xx_HAL_Driver/Src/stm32f7xx_hal_rcc_ex.o
LOAD ./Drivers/STM32F7xx_HAL_Driver/Src/stm32f7xx_hal_rng.o
LOAD ./Drivers/STM32F7xx_HAL_Driver/Src/stm32f7xx_hal_sd.o
LOAD ./Drivers/STM32F7xx_HAL_Driver/Src/stm32f7xx_hal_tim.o
LOAD ./Drivers/STM32F7xx_HAL_Driver/Src/stm32f7xx_hal_tim_ex.o
LOAD ./Drivers/STM32F7xx_HAL_Driver/Src/stm32f7xx_hal_uart.o
LOAD ./Drivers/STM32F7xx_HAL_Driver/Src/stm32f7xx_hal_uart_ex.o
LOAD ./Drivers/STM32F7xx_HAL_Driver/Src/stm32f7xx_ll_sdmmc.o
LOAD ./FATFS/App/fatfs.o
LOAD ./FATFS/Target/bsp_driver_sd.o
LOAD ./FATFS/Target/sd_diskio.o
LOAD ./Middlewares/Third_Party/FatFs/src/diskio.o
LOAD ./Middlewares/Third_Party/FatFs/src/ff.o
LOAD ./Middlewares/Third_Party/FatFs/src/ff_gen_drv.o
LOAD ./Middlewares/Third_Party/FatFs/src/option/ccsbcs.o
LOAD ./Middlewares/Third_Party/FatFs/src/option/syscall.o
START GROUP
LOAD C:/ST/STM32CubeIDE_1.3.0/STM32CubeIDE/plugins/com.st.stm32cube.ide.mcu.externaltools.gnu-tools-for-stm32.12.3.rel1.win32_1.0.200.202406191623/tools/bin/../lib/gcc/arm-none-eabi/12.3.1/../../../../arm-none-eabi/lib/thumb/v7e-m+dp/hard\libc_nano.a
LOAD C:/ST/STM32CubeIDE_1.3.0/STM32CubeIDE/plugins/com.st.stm32cube.ide.mcu.externaltools.gnu-tools-for-stm32.12.3.rel1.win32_1.0.200.202406191623/tools/bin/../lib/gcc/arm-none-eabi/12.3.1/../../../../arm-none-eabi/lib/thumb/v7e-m+dp/hard\libm.a
END GROUP
START GROUP
LOAD C:/ST/STM32CubeIDE_1.3.0/STM32CubeIDE/plugins/com.st.stm32cube.ide.mcu.externaltools.gnu-tools-for-stm32.12.3.rel1.win32_1.0.200.202406191623/tools/bin/../lib/gcc/arm-none-eabi/12.3.1/thumb/v7e-m+dp/hard\libgcc.a
LOAD C:/ST/STM32CubeIDE_1.3.0/STM32CubeIDE/plugins/com.st.stm32cube.ide.mcu.externaltools.gnu-tools-for-stm32.12.3.rel1.win32_1.0.200.202406191623/tools/bin/../lib/gcc/arm-none-eabi/12.3.1/../../../../arm-none-eabi/lib/thumb/v7e-m+dp/hard\libc_nano.a
END GROUP
START GROUP
LOAD C:/ST/STM32CubeIDE_1.3.0/STM32CubeIDE/plugins/com.st.stm32cube.ide.mcu.externaltools.gnu-tools-for-stm32.12.3.rel1.win32_1.0.200.202406191623/tools/bin/../lib/gcc/arm-none-eabi/12.3.1/thumb/v7e-m+dp/hard\libgcc.a
LOAD C:/ST/STM32CubeIDE_1.3.0/STM32CubeIDE/plugins/com.st.stm32cube.ide.mcu.externaltools.gnu-tools-for-stm32.12.3.rel1.win32_1.0.200.202406191623/tools/bin/../lib/gcc/arm-none-eabi/12.3.1/../../../../arm-none-eabi/lib/thumb/v7e-m+dp/hard\libc_nano.a
LOAD C:/ST/STM32CubeIDE_1.3.0/STM32CubeIDE/plugins/com.st.stm32cube.ide.mcu.externaltools.gnu-tools-for-stm32.12.3.rel1.win32_1.0.200.202406191623/tools/bin/../lib/gcc/arm-none-eabi/12.3.1/../../../../arm-none-eabi/lib/thumb/v7e-m+dp/hard\libnosys.a
END GROUP
START GROUP
LOAD C:/ST/STM32CubeIDE_1.3.0/STM32CubeIDE/plugins/com.st.stm32cube.ide.mcu.externaltools.gnu-tools-for-stm32.12.3.rel1.win32_1.0.200.202406191623/tools/bin/../lib/gcc/arm-none-eabi/12.3.1/thumb/v7e-m+dp/hard\libgcc.a
LOAD C:/ST/STM32CubeIDE_1.3.0/STM32CubeIDE/plugins/com.st.stm32cube.ide.mcu.externaltools.gnu-tools-for-stm32.12.3.rel1.win32_1.0.200.202406191623/tools/bin/../lib/gcc/arm-none-eabi/12.3.1/../../../../arm-none-eabi/lib/thumb/v7e-m+dp/hard\libc_nano.a
LOAD C:/ST/STM32CubeIDE_1.3.0/STM32CubeIDE/plugins/com.st.stm32cube.ide.mcu.externaltools.gnu-tools-for-stm32.12.3.rel1.win32_1.0.200.202406191623/tools/bin/../lib/gcc/arm-none-eabi/12.3.1/../../../../arm-none-eabi/lib/thumb/v7e-m+dp/hard\libnosys.a
END GROUP
LOAD C:/ST/STM32CubeIDE_1.3.0/STM32CubeIDE/plugins/com.st.stm32cube.ide.mcu.externaltools.gnu-tools-for-stm32.12.3.rel1.win32_1.0.200.202406191623/tools/bin/../lib/gcc/arm-none-eabi/12.3.1/thumb/v7e-m+dp/hard/crtend.o
LOAD C:/ST/STM32CubeIDE_1.3.0/STM32CubeIDE/plugins/com.st.stm32cube.ide.mcu.externaltools.gnu-tools-for-stm32.12.3.rel1.win32_1.0.200.202406191623/tools/bin/../lib/gcc/arm-none-eabi/12.3.1/thumb/v7e-m+dp/hard/crtn.o
                0x20080000                        _estack = (ORIGIN (RAM) + LENGTH (RAM))
                0x00000200                        _Min_Heap_Size = 0x200
                0x00000400                        _Min_Stack_Size = 0x400

.isr_vector     0x08000000      0x1f8
                0x08000000                        . = ALIGN (0x4)
 *(.isr_vector)
 .isr_vector    0x08000000      0x1f8 ./Core/Startup/startup_stm32f767bgtx.o
                0x08000000                g_pfnVectors
                0x080001f8                        . = ALIGN (0x4)

.text           0x08000200     0xbab0
                0x08000200                        . = ALIGN (0x4)
 *(.text)
 .text          0x08000200       0x40 C:/ST/STM32CubeIDE_1.3.0/STM32CubeIDE/plugins/com.st.stm32cube.ide.mcu.externaltools.gnu-tools-for-stm32.12.3.rel1.win32_1.0.200.202406191623/tools/bin/../lib/gcc/arm-none-eabi/12.3.1/thumb/v7e-m+dp/hard/crtbegin.o
 .text          0x08000240       0xa0 C:/ST/STM32CubeIDE_1.3.0/STM32CubeIDE/plugins/com.st.stm32cube.ide.mcu.externaltools.gnu-tools-for-stm32.12.3.rel1.win32_1.0.200.202406191623/tools/bin/../lib/gcc/arm-none-eabi/12.3.1/../../../../arm-none-eabi/lib/thumb/v7e-m+dp/hard\libc_nano.a(libc_a-memchr.o)
                0x08000240                memchr
 .text          0x080002e0       0x30 C:/ST/STM32CubeIDE_1.3.0/STM32CubeIDE/plugins/com.st.stm32cube.ide.mcu.externaltools.gnu-tools-for-stm32.12.3.rel1.win32_1.0.200.202406191623/tools/bin/../lib/gcc/arm-none-eabi/12.3.1/thumb/v7e-m+dp/hard\libgcc.a(_aeabi_uldivmod.o)
                0x080002e0                __aeabi_uldivmod
 .text          0x08000310      0x2bc C:/ST/STM32CubeIDE_1.3.0/STM32CubeIDE/plugins/com.st.stm32cube.ide.mcu.externaltools.gnu-tools-for-stm32.12.3.rel1.win32_1.0.200.202406191623/tools/bin/../lib/gcc/arm-none-eabi/12.3.1/thumb/v7e-m+dp/hard\libgcc.a(_udivmoddi4.o)
                0x08000310                __udivmoddi4
 .text          0x080005cc        0x4 C:/ST/STM32CubeIDE_1.3.0/STM32CubeIDE/plugins/com.st.stm32cube.ide.mcu.externaltools.gnu-tools-for-stm32.12.3.rel1.win32_1.0.200.202406191623/tools/bin/../lib/gcc/arm-none-eabi/12.3.1/thumb/v7e-m+dp/hard\libgcc.a(_dvmd_tls.o)
                0x080005cc                __aeabi_idiv0
                0x080005cc                __aeabi_ldiv0
 *(.text*)
 .text.sdTest   0x080005d0       0xb8 ./Core/Src/bootloader.o
 .text.checkAndFlashImageFile
                0x08000688      0x1e4 ./Core/Src/bootloader.o
 .text.bootloaderMain
                0x0800086c      0x104 ./Core/Src/bootloader.o
                0x0800086c                bootloaderMain
 .text.lcdSetRS
                0x08000970       0x34 ./Core/Src/lcd.o
 .text.lcdSetRWn
                0x080009a4       0x34 ./Core/Src/lcd.o
 .text.lcdSetE  0x080009d8       0x34 ./Core/Src/lcd.o
 .text.lcdSetDOut
                0x08000a0c      0x130 ./Core/Src/lcd.o
 .text.lcdSendCmd
                0x08000b3c       0x76 ./Core/Src/lcd.o
 .text.lcdWriteData
                0x08000bb2       0x76 ./Core/Src/lcd.o
 .text.lcdInit  0x08000c28       0xe4 ./Core/Src/lcd.o
                0x08000c28                lcdInit
 .text.lcdDefineChar
                0x08000d0c       0x6e ./Core/Src/lcd.o
                0x08000d0c                lcdDefineChar
 *fill*         0x08000d7a        0x2 
 .text.lcdRefresh
                0x08000d7c       0xa0 ./Core/Src/lcd.o
                0x08000d7c                lcdRefresh
 .text.lcdSetBacklight
                0x08000e1c       0x60 ./Core/Src/lcd.o
                0x08000e1c                lcdSetBacklight
 .text.lcdCls   0x08000e7c       0x48 ./Core/Src/lcd.o
                0x08000e7c                lcdCls
 .text.lcdPutChar
                0x08000ec4      0x158 ./Core/Src/lcd.o
                0x08000ec4                lcdPutChar
 .text.lcdPrint
                0x0800101c       0x4a ./Core/Src/lcd.o
                0x0800101c                lcdPrint
 *fill*         0x08001066        0x2 
 .text.lcdPrintF
                0x08001068      0x378 ./Core/Src/lcd.o
                0x08001068                lcdPrintF
 .text.__io_putchar
                0x080013e0       0x24 ./Core/Src/main.o
                0x080013e0                __io_putchar
 .text.main     0x08001404       0x3c ./Core/Src/main.o
                0x08001404                main
 .text.SystemClock_Config
                0x08001440       0xe0 ./Core/Src/main.o
                0x08001440                SystemClock_Config
 .text.PeriphCommonClock_Config
                0x08001520       0x56 ./Core/Src/main.o
                0x08001520                PeriphCommonClock_Config
 *fill*         0x08001576        0x2 
 .text.MX_RNG_Init
                0x08001578       0x28 ./Core/Src/main.o
 .text.MX_SDMMC2_SD_Init
                0x080015a0       0x40 ./Core/Src/main.o
 .text.MX_UART7_Init
                0x080015e0       0x60 ./Core/Src/main.o
 .text.MX_DMA_Init
                0x08001640       0x4c ./Core/Src/main.o
 .text.MX_GPIO_Init
                0x0800168c      0x3f8 ./Core/Src/main.o
 .text.MPU_Config
                0x08001a84       0x58 ./Core/Src/main.o
 .text.Error_Handler
                0x08001adc        0xc ./Core/Src/main.o
                0x08001adc                Error_Handler
 .text.HAL_MspInit
                0x08001ae8       0x48 ./Core/Src/stm32f7xx_hal_msp.o
                0x08001ae8                HAL_MspInit
 .text.HAL_RNG_MspInit
                0x08001b30       0x40 ./Core/Src/stm32f7xx_hal_msp.o
                0x08001b30                HAL_RNG_MspInit
 .text.HAL_SD_MspInit
                0x08001b70      0x1f4 ./Core/Src/stm32f7xx_hal_msp.o
                0x08001b70                HAL_SD_MspInit
 .text.HAL_UART_MspInit
                0x08001d64       0xbc ./Core/Src/stm32f7xx_hal_msp.o
                0x08001d64                HAL_UART_MspInit
 .text.NMI_Handler
                0x08001e20        0x8 ./Core/Src/stm32f7xx_it.o
                0x08001e20                NMI_Handler
 .text.HardFault_Handler
                0x08001e28        0x8 ./Core/Src/stm32f7xx_it.o
                0x08001e28                HardFault_Handler
 .text.MemManage_Handler
                0x08001e30        0x8 ./Core/Src/stm32f7xx_it.o
                0x08001e30                MemManage_Handler
 .text.BusFault_Handler
                0x08001e38        0x8 ./Core/Src/stm32f7xx_it.o
                0x08001e38                BusFault_Handler
 .text.UsageFault_Handler
                0x08001e40        0x8 ./Core/Src/stm32f7xx_it.o
                0x08001e40                UsageFault_Handler
 .text.SVC_Handler
                0x08001e48        0xe ./Core/Src/stm32f7xx_it.o
                0x08001e48                SVC_Handler
 .text.DebugMon_Handler
                0x08001e56        0xe ./Core/Src/stm32f7xx_it.o
                0x08001e56                DebugMon_Handler
 .text.PendSV_Handler
                0x08001e64        0xe ./Core/Src/stm32f7xx_it.o
                0x08001e64                PendSV_Handler
 .text.SysTick_Handler
                0x08001e72        0xc ./Core/Src/stm32f7xx_it.o
                0x08001e72                SysTick_Handler
 *fill*         0x08001e7e        0x2 
 .text.DMA2_Stream0_IRQHandler
                0x08001e80       0x14 ./Core/Src/stm32f7xx_it.o
                0x08001e80                DMA2_Stream0_IRQHandler
 .text.DMA2_Stream5_IRQHandler
                0x08001e94       0x14 ./Core/Src/stm32f7xx_it.o
                0x08001e94                DMA2_Stream5_IRQHandler
 .text.SDMMC2_IRQHandler
                0x08001ea8       0x14 ./Core/Src/stm32f7xx_it.o
                0x08001ea8                SDMMC2_IRQHandler
 .text._read    0x08001ebc       0x3a ./Core/Src/syscalls.o
                0x08001ebc                _read
 .text._write   0x08001ef6       0x38 ./Core/Src/syscalls.o
                0x08001ef6                _write
 .text._close   0x08001f2e       0x18 ./Core/Src/syscalls.o
                0x08001f2e                _close
 .text._fstat   0x08001f46       0x20 ./Core/Src/syscalls.o
                0x08001f46                _fstat
 .text._isatty  0x08001f66       0x16 ./Core/Src/syscalls.o
                0x08001f66                _isatty
 .text._lseek   0x08001f7c       0x1a ./Core/Src/syscalls.o
                0x08001f7c                _lseek
 *fill*         0x08001f96        0x2 
 .text._sbrk    0x08001f98       0x6c ./Core/Src/sysmem.o
                0x08001f98                _sbrk
 .text.SystemInit
                0x08002004       0x24 ./Core/Src/system_stm32f7xx.o
                0x08002004                SystemInit
 .text.Reset_Handler
                0x08002028       0x50 ./Core/Startup/startup_stm32f767bgtx.o
                0x08002028                Reset_Handler
 .text.Default_Handler
                0x08002078        0x2 ./Core/Startup/startup_stm32f767bgtx.o
                0x08002078                RTC_Alarm_IRQHandler
                0x08002078                EXTI2_IRQHandler
                0x08002078                TIM8_CC_IRQHandler
                0x08002078                UART8_IRQHandler
                0x08002078                SPI4_IRQHandler
                0x08002078                TIM1_CC_IRQHandler
                0x08002078                JPEG_IRQHandler
                0x08002078                DMA1_Stream5_IRQHandler
                0x08002078                CAN3_RX1_IRQHandler
                0x08002078                PVD_IRQHandler
                0x08002078                TAMP_STAMP_IRQHandler
                0x08002078                CAN2_RX1_IRQHandler
                0x08002078                EXTI3_IRQHandler
                0x08002078                TIM8_TRG_COM_TIM14_IRQHandler
                0x08002078                DFSDM1_FLT1_IRQHandler
                0x08002078                TIM1_UP_TIM10_IRQHandler
                0x08002078                TIM8_UP_TIM13_IRQHandler
                0x08002078                I2C3_ER_IRQHandler
                0x08002078                DFSDM1_FLT2_IRQHandler
                0x08002078                EXTI0_IRQHandler
                0x08002078                I2C2_EV_IRQHandler
                0x08002078                DMA1_Stream2_IRQHandler
                0x08002078                CAN1_RX0_IRQHandler
                0x08002078                FPU_IRQHandler
                0x08002078                OTG_HS_WKUP_IRQHandler
                0x08002078                CAN3_SCE_IRQHandler
                0x08002078                LTDC_ER_IRQHandler
                0x08002078                CAN2_SCE_IRQHandler
                0x08002078                DMA2_Stream2_IRQHandler
                0x08002078                SPI1_IRQHandler
                0x08002078                TIM6_DAC_IRQHandler
                0x08002078                TIM1_BRK_TIM9_IRQHandler
                0x08002078                DCMI_IRQHandler
                0x08002078                CAN2_RX0_IRQHandler
                0x08002078                DMA2_Stream3_IRQHandler
                0x08002078                SAI2_IRQHandler
                0x08002078                DFSDM1_FLT3_IRQHandler
                0x08002078                USART6_IRQHandler
                0x08002078                CAN3_RX0_IRQHandler
                0x08002078                USART3_IRQHandler
                0x08002078                CAN1_RX1_IRQHandler
                0x08002078                UART5_IRQHandler
                0x08002078                TIM4_IRQHandler
                0x08002078                QUADSPI_IRQHandler
                0x08002078                I2C1_EV_IRQHandler
                0x08002078                DMA1_Stream6_IRQHandler
                0x08002078                DMA1_Stream1_IRQHandler
                0x08002078                UART4_IRQHandler
                0x08002078                TIM3_IRQHandler
                0x08002078                RCC_IRQHandler
                0x08002078                TIM8_BRK_TIM12_IRQHandler
                0x08002078                Default_Handler
                0x08002078                CEC_IRQHandler
                0x08002078                EXTI15_10_IRQHandler
                0x08002078                ADC_IRQHandler
                0x08002078                DMA1_Stream7_IRQHandler
                0x08002078                SPI5_IRQHandler
                0x08002078                TIM7_IRQHandler
                0x08002078                SDMMC1_IRQHandler
                0x08002078                CAN2_TX_IRQHandler
                0x08002078                TIM5_IRQHandler
                0x08002078                DMA2_Stream7_IRQHandler
                0x08002078                I2C3_EV_IRQHandler
                0x08002078                EXTI9_5_IRQHandler
                0x08002078                RTC_WKUP_IRQHandler
                0x08002078                LTDC_IRQHandler
                0x08002078                ETH_WKUP_IRQHandler
                0x08002078                SPDIF_RX_IRQHandler
                0x08002078                SPI2_IRQHandler
                0x08002078                OTG_HS_EP1_IN_IRQHandler
                0x08002078                DMA1_Stream0_IRQHandler
                0x08002078                CAN1_TX_IRQHandler
                0x08002078                EXTI4_IRQHandler
                0x08002078                RNG_IRQHandler
                0x08002078                ETH_IRQHandler
                0x08002078                OTG_HS_EP1_OUT_IRQHandler
                0x08002078                WWDG_IRQHandler
                0x08002078                SPI6_IRQHandler
                0x08002078                MDIOS_IRQHandler
                0x08002078                I2C4_EV_IRQHandler
                0x08002078                CAN3_TX_IRQHandler
                0x08002078                TIM2_IRQHandler
                0x08002078                OTG_FS_WKUP_IRQHandler
                0x08002078                TIM1_TRG_COM_TIM11_IRQHandler
                0x08002078                OTG_HS_IRQHandler
                0x08002078                DMA2D_IRQHandler
                0x08002078                EXTI1_IRQHandler
                0x08002078                UART7_IRQHandler
                0x08002078                USART2_IRQHandler
                0x08002078                DFSDM1_FLT0_IRQHandler
                0x08002078                I2C2_ER_IRQHandler
                0x08002078                DMA2_Stream1_IRQHandler
                0x08002078                CAN1_SCE_IRQHandler
                0x08002078                FLASH_IRQHandler
                0x08002078                DMA2_Stream4_IRQHandler
                0x08002078                USART1_IRQHandler
                0x08002078                OTG_FS_IRQHandler
                0x08002078                SPI3_IRQHandler
                0x08002078                DMA1_Stream4_IRQHandler
                0x08002078                I2C1_ER_IRQHandler
                0x08002078                FMC_IRQHandler
                0x08002078                LPTIM1_IRQHandler
                0x08002078                I2C4_ER_IRQHandler
                0x08002078                DMA2_Stream6_IRQHandler
                0x08002078                SAI1_IRQHandler
                0x08002078                DMA1_Stream3_IRQHandler
 .text.HAL_Init
                0x0800207a       0x1a ./Drivers/STM32F7xx_HAL_Driver/Src/stm32f7xx_hal.o
                0x0800207a                HAL_Init
 .text.HAL_InitTick
                0x08002094       0x60 ./Drivers/STM32F7xx_HAL_Driver/Src/stm32f7xx_hal.o
                0x08002094                HAL_InitTick
 .text.HAL_IncTick
                0x080020f4       0x28 ./Drivers/STM32F7xx_HAL_Driver/Src/stm32f7xx_hal.o
                0x080020f4                HAL_IncTick
 .text.HAL_GetTick
                0x0800211c       0x18 ./Drivers/STM32F7xx_HAL_Driver/Src/stm32f7xx_hal.o
                0x0800211c                HAL_GetTick
 .text.HAL_Delay
                0x08002134       0x48 ./Drivers/STM32F7xx_HAL_Driver/Src/stm32f7xx_hal.o
                0x08002134                HAL_Delay
 .text.__NVIC_SetPriorityGrouping
                0x0800217c       0x48 ./Drivers/STM32F7xx_HAL_Driver/Src/stm32f7xx_hal_cortex.o
 .text.__NVIC_GetPriorityGrouping
                0x080021c4       0x1c ./Drivers/STM32F7xx_HAL_Driver/Src/stm32f7xx_hal_cortex.o
 .text.__NVIC_EnableIRQ
                0x080021e0       0x3c ./Drivers/STM32F7xx_HAL_Driver/Src/stm32f7xx_hal_cortex.o
 .text.__NVIC_SetPriority
                0x0800221c       0x54 ./Drivers/STM32F7xx_HAL_Driver/Src/stm32f7xx_hal_cortex.o
 .text.NVIC_EncodePriority
                0x08002270       0x66 ./Drivers/STM32F7xx_HAL_Driver/Src/stm32f7xx_hal_cortex.o
 *fill*         0x080022d6        0x2 
 .text.SysTick_Config
                0x080022d8       0x44 ./Drivers/STM32F7xx_HAL_Driver/Src/stm32f7xx_hal_cortex.o
 .text.HAL_NVIC_SetPriorityGrouping
                0x0800231c       0x16 ./Drivers/STM32F7xx_HAL_Driver/Src/stm32f7xx_hal_cortex.o
                0x0800231c                HAL_NVIC_SetPriorityGrouping
 .text.HAL_NVIC_SetPriority
                0x08002332       0x38 ./Drivers/STM32F7xx_HAL_Driver/Src/stm32f7xx_hal_cortex.o
                0x08002332                HAL_NVIC_SetPriority
 .text.HAL_NVIC_EnableIRQ
                0x0800236a       0x1c ./Drivers/STM32F7xx_HAL_Driver/Src/stm32f7xx_hal_cortex.o
                0x0800236a                HAL_NVIC_EnableIRQ
 .text.HAL_SYSTICK_Config
                0x08002386       0x18 ./Drivers/STM32F7xx_HAL_Driver/Src/stm32f7xx_hal_cortex.o
                0x08002386                HAL_SYSTICK_Config
 *fill*         0x0800239e        0x2 
 .text.HAL_MPU_Disable
                0x080023a0       0x30 ./Drivers/STM32F7xx_HAL_Driver/Src/stm32f7xx_hal_cortex.o
                0x080023a0                HAL_MPU_Disable
 .text.HAL_MPU_Enable
                0x080023d0       0x40 ./Drivers/STM32F7xx_HAL_Driver/Src/stm32f7xx_hal_cortex.o
                0x080023d0                HAL_MPU_Enable
 .text.HAL_MPU_ConfigRegion
                0x08002410       0x80 ./Drivers/STM32F7xx_HAL_Driver/Src/stm32f7xx_hal_cortex.o
                0x08002410                HAL_MPU_ConfigRegion
 .text.HAL_DMA_Init
                0x08002490      0x15c ./Drivers/STM32F7xx_HAL_Driver/Src/stm32f7xx_hal_dma.o
                0x08002490                HAL_DMA_Init
 .text.HAL_DMA_Start_IT
                0x080025ec       0xc0 ./Drivers/STM32F7xx_HAL_Driver/Src/stm32f7xx_hal_dma.o
                0x080025ec                HAL_DMA_Start_IT
 .text.HAL_DMA_Abort_IT
                0x080026ac       0x44 ./Drivers/STM32F7xx_HAL_Driver/Src/stm32f7xx_hal_dma.o
                0x080026ac                HAL_DMA_Abort_IT
 .text.HAL_DMA_IRQHandler
                0x080026f0      0x314 ./Drivers/STM32F7xx_HAL_Driver/Src/stm32f7xx_hal_dma.o
                0x080026f0                HAL_DMA_IRQHandler
 .text.HAL_DMA_GetError
                0x08002a04       0x18 ./Drivers/STM32F7xx_HAL_Driver/Src/stm32f7xx_hal_dma.o
                0x08002a04                HAL_DMA_GetError
 .text.DMA_SetConfig
                0x08002a1c       0x5c ./Drivers/STM32F7xx_HAL_Driver/Src/stm32f7xx_hal_dma.o
 .text.DMA_CalcBaseAndBitshift
                0x08002a78       0x6c ./Drivers/STM32F7xx_HAL_Driver/Src/stm32f7xx_hal_dma.o
 .text.DMA_CheckFifoParam
                0x08002ae4       0xf8 ./Drivers/STM32F7xx_HAL_Driver/Src/stm32f7xx_hal_dma.o
 .text.HAL_FLASH_Program
                0x08002bdc       0xb8 ./Drivers/STM32F7xx_HAL_Driver/Src/stm32f7xx_hal_flash.o
                0x08002bdc                HAL_FLASH_Program
 .text.HAL_FLASH_Unlock
                0x08002c94       0x44 ./Drivers/STM32F7xx_HAL_Driver/Src/stm32f7xx_hal_flash.o
                0x08002c94                HAL_FLASH_Unlock
 .text.HAL_FLASH_Lock
                0x08002cd8       0x20 ./Drivers/STM32F7xx_HAL_Driver/Src/stm32f7xx_hal_flash.o
                0x08002cd8                HAL_FLASH_Lock
 .text.FLASH_WaitForLastOperation
                0x08002cf8       0x80 ./Drivers/STM32F7xx_HAL_Driver/Src/stm32f7xx_hal_flash.o
                0x08002cf8                FLASH_WaitForLastOperation
 .text.FLASH_Program_DoubleWord
                0x08002d78       0x6c ./Drivers/STM32F7xx_HAL_Driver/Src/stm32f7xx_hal_flash.o
 .text.FLASH_Program_Word
                0x08002de4       0x4c ./Drivers/STM32F7xx_HAL_Driver/Src/stm32f7xx_hal_flash.o
 .text.FLASH_Program_HalfWord
                0x08002e30       0x4c ./Drivers/STM32F7xx_HAL_Driver/Src/stm32f7xx_hal_flash.o
 .text.FLASH_Program_Byte
                0x08002e7c       0x48 ./Drivers/STM32F7xx_HAL_Driver/Src/stm32f7xx_hal_flash.o
 .text.FLASH_SetErrorCode
                0x08002ec4       0x94 ./Drivers/STM32F7xx_HAL_Driver/Src/stm32f7xx_hal_flash.o
 .text.HAL_FLASHEx_Erase
                0x08002f58       0xe0 ./Drivers/STM32F7xx_HAL_Driver/Src/stm32f7xx_hal_flash_ex.o
                0x08002f58                HAL_FLASHEx_Erase
 .text.FLASH_MassErase
                0x08003038       0x78 ./Drivers/STM32F7xx_HAL_Driver/Src/stm32f7xx_hal_flash_ex.o
 .text.FLASH_Erase_Sector
                0x080030b0       0xa4 ./Drivers/STM32F7xx_HAL_Driver/Src/stm32f7xx_hal_flash_ex.o
                0x080030b0                FLASH_Erase_Sector
 .text.HAL_GPIO_Init
                0x08003154      0x358 ./Drivers/STM32F7xx_HAL_Driver/Src/stm32f7xx_hal_gpio.o
                0x08003154                HAL_GPIO_Init
 .text.HAL_GPIO_WritePin
                0x080034ac       0x32 ./Drivers/STM32F7xx_HAL_Driver/Src/stm32f7xx_hal_gpio.o
                0x080034ac                HAL_GPIO_WritePin
 *fill*         0x080034de        0x2 
 .text.HAL_PWR_EnableBkUpAccess
                0x080034e0       0x20 ./Drivers/STM32F7xx_HAL_Driver/Src/stm32f7xx_hal_pwr.o
                0x080034e0                HAL_PWR_EnableBkUpAccess
 .text.HAL_PWREx_EnableOverDrive
                0x08003500       0xa0 ./Drivers/STM32F7xx_HAL_Driver/Src/stm32f7xx_hal_pwr_ex.o
                0x08003500                HAL_PWREx_EnableOverDrive
 .text.HAL_RCC_OscConfig
                0x080035a0      0x55c ./Drivers/STM32F7xx_HAL_Driver/Src/stm32f7xx_hal_rcc.o
                0x080035a0                HAL_RCC_OscConfig
 .text.HAL_RCC_ClockConfig
                0x08003afc      0x1d8 ./Drivers/STM32F7xx_HAL_Driver/Src/stm32f7xx_hal_rcc.o
                0x08003afc                HAL_RCC_ClockConfig
 .text.HAL_RCC_GetSysClockFreq
                0x08003cd4      0x20c ./Drivers/STM32F7xx_HAL_Driver/Src/stm32f7xx_hal_rcc.o
                0x08003cd4                HAL_RCC_GetSysClockFreq
 .text.HAL_RCC_GetHCLKFreq
                0x08003ee0       0x18 ./Drivers/STM32F7xx_HAL_Driver/Src/stm32f7xx_hal_rcc.o
                0x08003ee0                HAL_RCC_GetHCLKFreq
 .text.HAL_RCC_GetPCLK1Freq
                0x08003ef8       0x28 ./Drivers/STM32F7xx_HAL_Driver/Src/stm32f7xx_hal_rcc.o
                0x08003ef8                HAL_RCC_GetPCLK1Freq
 .text.HAL_RCC_GetPCLK2Freq
                0x08003f20       0x28 ./Drivers/STM32F7xx_HAL_Driver/Src/stm32f7xx_hal_rcc.o
                0x08003f20                HAL_RCC_GetPCLK2Freq
 .text.HAL_RCCEx_PeriphCLKConfig
                0x08003f48      0x850 ./Drivers/STM32F7xx_HAL_Driver/Src/stm32f7xx_hal_rcc_ex.o
                0x08003f48                HAL_RCCEx_PeriphCLKConfig
 .text.HAL_RNG_Init
                0x08004798       0x54 ./Drivers/STM32F7xx_HAL_Driver/Src/stm32f7xx_hal_rng.o
                0x08004798                HAL_RNG_Init
 .text.HAL_SD_Init
                0x080047ec       0x60 ./Drivers/STM32F7xx_HAL_Driver/Src/stm32f7xx_hal_sd.o
                0x080047ec                HAL_SD_Init
 .text.HAL_SD_InitCard
                0x0800484c      0x110 ./Drivers/STM32F7xx_HAL_Driver/Src/stm32f7xx_hal_sd.o
                0x0800484c                HAL_SD_InitCard
 .text.HAL_SD_ReadBlocks_DMA
                0x0800495c      0x1c4 ./Drivers/STM32F7xx_HAL_Driver/Src/stm32f7xx_hal_sd.o
                0x0800495c                HAL_SD_ReadBlocks_DMA
 .text.HAL_SD_WriteBlocks_DMA
                0x08004b20      0x1cc ./Drivers/STM32F7xx_HAL_Driver/Src/stm32f7xx_hal_sd.o
                0x08004b20                HAL_SD_WriteBlocks_DMA
 .text.HAL_SD_IRQHandler
                0x08004cec      0x2ec ./Drivers/STM32F7xx_HAL_Driver/Src/stm32f7xx_hal_sd.o
                0x08004cec                HAL_SD_IRQHandler
 .text.HAL_SD_ErrorCallback
                0x08004fd8       0x14 ./Drivers/STM32F7xx_HAL_Driver/Src/stm32f7xx_hal_sd.o
                0x08004fd8                HAL_SD_ErrorCallback
 .text.HAL_SD_GetCardCSD
                0x08004fec      0x348 ./Drivers/STM32F7xx_HAL_Driver/Src/stm32f7xx_hal_sd.o
                0x08004fec                HAL_SD_GetCardCSD
 .text.HAL_SD_GetCardInfo
                0x08005334       0x58 ./Drivers/STM32F7xx_HAL_Driver/Src/stm32f7xx_hal_sd.o
                0x08005334                HAL_SD_GetCardInfo
 .text.HAL_SD_GetCardState
                0x0800538c       0x40 ./Drivers/STM32F7xx_HAL_Driver/Src/stm32f7xx_hal_sd.o
                0x0800538c                HAL_SD_GetCardState
 .text.SD_DMATransmitCplt
                0x080053cc       0x2a ./Drivers/STM32F7xx_HAL_Driver/Src/stm32f7xx_hal_sd.o
 .text.SD_DMAReceiveCplt
                0x080053f6       0x70 ./Drivers/STM32F7xx_HAL_Driver/Src/stm32f7xx_hal_sd.o
 *fill*         0x08005466        0x2 
 .text.SD_DMAError
                0x08005468       0xa4 ./Drivers/STM32F7xx_HAL_Driver/Src/stm32f7xx_hal_sd.o
 .text.SD_DMATxAbort
                0x0800550c       0x6e ./Drivers/STM32F7xx_HAL_Driver/Src/stm32f7xx_hal_sd.o
 .text.SD_DMARxAbort
                0x0800557a       0x6e ./Drivers/STM32F7xx_HAL_Driver/Src/stm32f7xx_hal_sd.o
 .text.SD_InitCard
                0x080055e8      0x19c ./Drivers/STM32F7xx_HAL_Driver/Src/stm32f7xx_hal_sd.o
 .text.SD_PowerON
                0x08005784      0x11c ./Drivers/STM32F7xx_HAL_Driver/Src/stm32f7xx_hal_sd.o
 .text.SD_SendStatus
                0x080058a0       0x50 ./Drivers/STM32F7xx_HAL_Driver/Src/stm32f7xx_hal_sd.o
 .text.SD_Read_IT
                0x080058f0       0xa2 ./Drivers/STM32F7xx_HAL_Driver/Src/stm32f7xx_hal_sd.o
 .text.SD_Write_IT
                0x08005992       0xaa ./Drivers/STM32F7xx_HAL_Driver/Src/stm32f7xx_hal_sd.o
 .text.HAL_UART_Init
                0x08005a3c       0x9c ./Drivers/STM32F7xx_HAL_Driver/Src/stm32f7xx_hal_uart.o
                0x08005a3c                HAL_UART_Init
 .text.HAL_UART_Transmit
                0x08005ad8      0x112 ./Drivers/STM32F7xx_HAL_Driver/Src/stm32f7xx_hal_uart.o
                0x08005ad8                HAL_UART_Transmit
 *fill*         0x08005bea        0x2 
 .text.UART_SetConfig
                0x08005bec      0x4c8 ./Drivers/STM32F7xx_HAL_Driver/Src/stm32f7xx_hal_uart.o
                0x08005bec                UART_SetConfig
 .text.UART_AdvFeatureConfig
                0x080060b4      0x144 ./Drivers/STM32F7xx_HAL_Driver/Src/stm32f7xx_hal_uart.o
                0x080060b4                UART_AdvFeatureConfig
 .text.UART_CheckIdleState
                0x080061f8      0x150 ./Drivers/STM32F7xx_HAL_Driver/Src/stm32f7xx_hal_uart.o
                0x080061f8                UART_CheckIdleState
 .text.UART_WaitOnFlagUntilTimeout
                0x08006348       0xda ./Drivers/STM32F7xx_HAL_Driver/Src/stm32f7xx_hal_uart.o
                0x08006348                UART_WaitOnFlagUntilTimeout
 .text.UART_EndRxTransfer
                0x08006422       0xc8 ./Drivers/STM32F7xx_HAL_Driver/Src/stm32f7xx_hal_uart.o
 *fill*         0x080064ea        0x2 
 .text.SDMMC_Init
                0x080064ec       0x58 ./Drivers/STM32F7xx_HAL_Driver/Src/stm32f7xx_ll_sdmmc.o
                0x080064ec                SDMMC_Init
 .text.SDMMC_ReadFIFO
                0x08006544       0x1a ./Drivers/STM32F7xx_HAL_Driver/Src/stm32f7xx_ll_sdmmc.o
                0x08006544                SDMMC_ReadFIFO
 .text.SDMMC_WriteFIFO
                0x0800655e       0x22 ./Drivers/STM32F7xx_HAL_Driver/Src/stm32f7xx_ll_sdmmc.o
                0x0800655e                SDMMC_WriteFIFO
 .text.SDMMC_PowerState_ON
                0x08006580       0x1c ./Drivers/STM32F7xx_HAL_Driver/Src/stm32f7xx_ll_sdmmc.o
                0x08006580                SDMMC_PowerState_ON
 .text.SDMMC_GetPowerState
                0x0800659c       0x1c ./Drivers/STM32F7xx_HAL_Driver/Src/stm32f7xx_ll_sdmmc.o
                0x0800659c                SDMMC_GetPowerState
 .text.SDMMC_SendCommand
                0x080065b8       0x54 ./Drivers/STM32F7xx_HAL_Driver/Src/stm32f7xx_ll_sdmmc.o
                0x080065b8                SDMMC_SendCommand
 .text.SDMMC_GetCommandResponse
                0x0800660c       0x1a ./Drivers/STM32F7xx_HAL_Driver/Src/stm32f7xx_ll_sdmmc.o
                0x0800660c                SDMMC_GetCommandResponse
 .text.SDMMC_GetResponse
                0x08006626       0x26 ./Drivers/STM32F7xx_HAL_Driver/Src/stm32f7xx_ll_sdmmc.o
                0x08006626                SDMMC_GetResponse
 .text.SDMMC_ConfigData
                0x0800664c       0x58 ./Drivers/STM32F7xx_HAL_Driver/Src/stm32f7xx_ll_sdmmc.o
                0x0800664c                SDMMC_ConfigData
 .text.SDMMC_CmdBlockLength
                0x080066a4       0x44 ./Drivers/STM32F7xx_HAL_Driver/Src/stm32f7xx_ll_sdmmc.o
                0x080066a4                SDMMC_CmdBlockLength
 .text.SDMMC_CmdReadSingleBlock
                0x080066e8       0x44 ./Drivers/STM32F7xx_HAL_Driver/Src/stm32f7xx_ll_sdmmc.o
                0x080066e8                SDMMC_CmdReadSingleBlock
 .text.SDMMC_CmdReadMultiBlock
                0x0800672c       0x44 ./Drivers/STM32F7xx_HAL_Driver/Src/stm32f7xx_ll_sdmmc.o
                0x0800672c                SDMMC_CmdReadMultiBlock
 .text.SDMMC_CmdWriteSingleBlock
                0x08006770       0x44 ./Drivers/STM32F7xx_HAL_Driver/Src/stm32f7xx_ll_sdmmc.o
                0x08006770                SDMMC_CmdWriteSingleBlock
 .text.SDMMC_CmdWriteMultiBlock
                0x080067b4       0x44 ./Drivers/STM32F7xx_HAL_Driver/Src/stm32f7xx_ll_sdmmc.o
                0x080067b4                SDMMC_CmdWriteMultiBlock
 .text.SDMMC_CmdStopTransfer
                0x080067f8       0x44 ./Drivers/STM32F7xx_HAL_Driver/Src/stm32f7xx_ll_sdmmc.o
                0x080067f8                SDMMC_CmdStopTransfer
 .text.SDMMC_CmdSelDesel
                0x0800683c       0x46 ./Drivers/STM32F7xx_HAL_Driver/Src/stm32f7xx_ll_sdmmc.o
                0x0800683c                SDMMC_CmdSelDesel
 .text.SDMMC_CmdGoIdleState
                0x08006882       0x3c ./Drivers/STM32F7xx_HAL_Driver/Src/stm32f7xx_ll_sdmmc.o
                0x08006882                SDMMC_CmdGoIdleState
 .text.SDMMC_CmdOperCond
                0x080068be       0x3e ./Drivers/STM32F7xx_HAL_Driver/Src/stm32f7xx_ll_sdmmc.o
                0x080068be                SDMMC_CmdOperCond
 .text.SDMMC_CmdAppCommand
                0x080068fc       0x44 ./Drivers/STM32F7xx_HAL_Driver/Src/stm32f7xx_ll_sdmmc.o
                0x080068fc                SDMMC_CmdAppCommand
 .text.SDMMC_CmdAppOperCommand
                0x08006940       0x48 ./Drivers/STM32F7xx_HAL_Driver/Src/stm32f7xx_ll_sdmmc.o
                0x08006940                SDMMC_CmdAppOperCommand
 .text.SDMMC_CmdSendCID
                0x08006988       0x3c ./Drivers/STM32F7xx_HAL_Driver/Src/stm32f7xx_ll_sdmmc.o
                0x08006988                SDMMC_CmdSendCID
 .text.SDMMC_CmdSendCSD
                0x080069c4       0x3e ./Drivers/STM32F7xx_HAL_Driver/Src/stm32f7xx_ll_sdmmc.o
                0x080069c4                SDMMC_CmdSendCSD
 .text.SDMMC_CmdSetRelAdd
                0x08006a02       0x42 ./Drivers/STM32F7xx_HAL_Driver/Src/stm32f7xx_ll_sdmmc.o
                0x08006a02                SDMMC_CmdSetRelAdd
 .text.SDMMC_CmdSendStatus
                0x08006a44       0x44 ./Drivers/STM32F7xx_HAL_Driver/Src/stm32f7xx_ll_sdmmc.o
                0x08006a44                SDMMC_CmdSendStatus
 .text.SDMMC_GetCmdResp1
                0x08006a88      0x1dc ./Drivers/STM32F7xx_HAL_Driver/Src/stm32f7xx_ll_sdmmc.o
                0x08006a88                SDMMC_GetCmdResp1
 .text.SDMMC_GetCmdResp2
                0x08006c64       0x90 ./Drivers/STM32F7xx_HAL_Driver/Src/stm32f7xx_ll_sdmmc.o
                0x08006c64                SDMMC_GetCmdResp2
 .text.SDMMC_GetCmdResp3
                0x08006cf4       0x7c ./Drivers/STM32F7xx_HAL_Driver/Src/stm32f7xx_ll_sdmmc.o
                0x08006cf4                SDMMC_GetCmdResp3
 .text.SDMMC_GetCmdResp6
                0x08006d70       0xec ./Drivers/STM32F7xx_HAL_Driver/Src/stm32f7xx_ll_sdmmc.o
                0x08006d70                SDMMC_GetCmdResp6
 .text.SDMMC_GetCmdResp7
                0x08006e5c       0x9c ./Drivers/STM32F7xx_HAL_Driver/Src/stm32f7xx_ll_sdmmc.o
                0x08006e5c                SDMMC_GetCmdResp7
 .text.SDMMC_GetCmdError
                0x08006ef8       0x58 ./Drivers/STM32F7xx_HAL_Driver/Src/stm32f7xx_ll_sdmmc.o
 .text.MX_FATFS_Init
                0x08006f50       0x24 ./FATFS/App/fatfs.o
                0x08006f50                MX_FATFS_Init
 .text.get_fattime
                0x08006f74       0x10 ./FATFS/App/fatfs.o
                0x08006f74                get_fattime
 .text.BSP_SD_Init
                0x08006f84       0x30 ./FATFS/Target/bsp_driver_sd.o
                0x08006f84                BSP_SD_Init
 .text.BSP_SD_ReadBlocks_DMA
                0x08006fb4       0x34 ./FATFS/Target/bsp_driver_sd.o
                0x08006fb4                BSP_SD_ReadBlocks_DMA
 .text.BSP_SD_WriteBlocks_DMA
                0x08006fe8       0x34 ./FATFS/Target/bsp_driver_sd.o
                0x08006fe8                BSP_SD_WriteBlocks_DMA
 .text.BSP_SD_GetCardState
                0x0800701c       0x20 ./FATFS/Target/bsp_driver_sd.o
                0x0800701c                BSP_SD_GetCardState
 .text.BSP_SD_GetCardInfo
                0x0800703c       0x1c ./FATFS/Target/bsp_driver_sd.o
                0x0800703c                BSP_SD_GetCardInfo
 .text.HAL_SD_AbortCallback
                0x08007058       0x14 ./FATFS/Target/bsp_driver_sd.o
                0x08007058                HAL_SD_AbortCallback
 .text.HAL_SD_TxCpltCallback
                0x0800706c       0x14 ./FATFS/Target/bsp_driver_sd.o
                0x0800706c                HAL_SD_TxCpltCallback
 .text.HAL_SD_RxCpltCallback
                0x08007080       0x14 ./FATFS/Target/bsp_driver_sd.o
                0x08007080                HAL_SD_RxCpltCallback
 .text.BSP_SD_AbortCallback
                0x08007094        0xe ./FATFS/Target/bsp_driver_sd.o
                0x08007094                BSP_SD_AbortCallback
 .text.BSP_SD_IsDetected
                0x080070a2       0x1a ./FATFS/Target/bsp_driver_sd.o
                0x080070a2                BSP_SD_IsDetected
 .text.SD_CheckStatusWithTimeout
                0x080070bc       0x3a ./FATFS/Target/sd_diskio.o
 *fill*         0x080070f6        0x2 
 .text.SD_CheckStatus
                0x080070f8       0x3c ./FATFS/Target/sd_diskio.o
 .text.SD_initialize
                0x08007134       0x38 ./FATFS/Target/sd_diskio.o
                0x08007134                SD_initialize
 .text.SD_status
                0x0800716c       0x1c ./FATFS/Target/sd_diskio.o
                0x0800716c                SD_status
 .text.SD_read  0x08007188       0xac ./FATFS/Target/sd_diskio.o
                0x08007188                SD_read
 .text.SD_write
                0x08007234       0xac ./FATFS/Target/sd_diskio.o
                0x08007234                SD_write
 .text.SD_ioctl
                0x080072e0       0xb0 ./FATFS/Target/sd_diskio.o
                0x080072e0                SD_ioctl
 .text.BSP_SD_WriteCpltCallback
                0x08007390       0x18 ./FATFS/Target/sd_diskio.o
                0x08007390                BSP_SD_WriteCpltCallback
 .text.BSP_SD_ReadCpltCallback
                0x080073a8       0x18 ./FATFS/Target/sd_diskio.o
                0x080073a8                BSP_SD_ReadCpltCallback
 .text.disk_status
                0x080073c0       0x34 ./Middlewares/Third_Party/FatFs/src/diskio.o
                0x080073c0                disk_status
 .text.disk_initialize
                0x080073f4       0x4c ./Middlewares/Third_Party/FatFs/src/diskio.o
                0x080073f4                disk_initialize
 .text.disk_read
                0x08007440       0x40 ./Middlewares/Third_Party/FatFs/src/diskio.o
                0x08007440                disk_read
 .text.disk_write
                0x08007480       0x40 ./Middlewares/Third_Party/FatFs/src/diskio.o
                0x08007480                disk_write
 .text.disk_ioctl
                0x080074c0       0x3c ./Middlewares/Third_Party/FatFs/src/diskio.o
                0x080074c0                disk_ioctl
 .text.ld_word  0x080074fc       0x30 ./Middlewares/Third_Party/FatFs/src/ff.o
 .text.ld_dword
                0x0800752c       0x46 ./Middlewares/Third_Party/FatFs/src/ff.o
 .text.st_word  0x08007572       0x36 ./Middlewares/Third_Party/FatFs/src/ff.o
 .text.st_dword
                0x080075a8       0x58 ./Middlewares/Third_Party/FatFs/src/ff.o
 .text.mem_cpy  0x08007600       0x42 ./Middlewares/Third_Party/FatFs/src/ff.o
 .text.mem_set  0x08007642       0x36 ./Middlewares/Third_Party/FatFs/src/ff.o
 .text.mem_cmp  0x08007678       0x4e ./Middlewares/Third_Party/FatFs/src/ff.o
 .text.chk_chr  0x080076c6       0x36 ./Middlewares/Third_Party/FatFs/src/ff.o
 .text.chk_lock
                0x080076fc       0xb8 ./Middlewares/Third_Party/FatFs/src/ff.o
 .text.enq_lock
                0x080077b4       0x44 ./Middlewares/Third_Party/FatFs/src/ff.o
 .text.inc_lock
                0x080077f8      0x11c ./Middlewares/Third_Party/FatFs/src/ff.o
 .text.dec_lock
                0x08007914       0x78 ./Middlewares/Third_Party/FatFs/src/ff.o
 .text.clear_lock
                0x0800798c       0x48 ./Middlewares/Third_Party/FatFs/src/ff.o
 .text.sync_window
                0x080079d4       0x88 ./Middlewares/Third_Party/FatFs/src/ff.o
 .text.move_window
                0x08007a5c       0x5a ./Middlewares/Third_Party/FatFs/src/ff.o
 *fill*         0x08007ab6        0x2 
 .text.sync_fs  0x08007ab8       0xdc ./Middlewares/Third_Party/FatFs/src/ff.o
 .text.clust2sect
                0x08007b94       0x3e ./Middlewares/Third_Party/FatFs/src/ff.o
 .text.get_fat  0x08007bd2      0x14e ./Middlewares/Third_Party/FatFs/src/ff.o
 .text.put_fat  0x08007d20      0x1d4 ./Middlewares/Third_Party/FatFs/src/ff.o
 .text.remove_chain
                0x08007ef4       0xca ./Middlewares/Third_Party/FatFs/src/ff.o
 .text.create_chain
                0x08007fbe      0x130 ./Middlewares/Third_Party/FatFs/src/ff.o
 .text.clmt_clust
                0x080080ee       0x68 ./Middlewares/Third_Party/FatFs/src/ff.o
 .text.dir_sdi  0x08008156       0xf6 ./Middlewares/Third_Party/FatFs/src/ff.o
 .text.dir_next
                0x0800824c      0x18a ./Middlewares/Third_Party/FatFs/src/ff.o
 .text.dir_alloc
                0x080083d6       0x8e ./Middlewares/Third_Party/FatFs/src/ff.o
 .text.ld_clust
                0x08008464       0x3e ./Middlewares/Third_Party/FatFs/src/ff.o
 .text.st_clust
                0x080084a2       0x40 ./Middlewares/Third_Party/FatFs/src/ff.o
 *fill*         0x080084e2        0x2 
 .text.cmp_lfn  0x080084e4       0xe0 ./Middlewares/Third_Party/FatFs/src/ff.o
 .text.pick_lfn
                0x080085c4       0xc8 ./Middlewares/Third_Party/FatFs/src/ff.o
 .text.put_lfn  0x0800868c       0xd0 ./Middlewares/Third_Party/FatFs/src/ff.o
 .text.gen_numname
                0x0800875c      0x11c ./Middlewares/Third_Party/FatFs/src/ff.o
 .text.sum_sfn  0x08008878       0x42 ./Middlewares/Third_Party/FatFs/src/ff.o
 .text.dir_read
                0x080088ba      0x14e ./Middlewares/Third_Party/FatFs/src/ff.o
 .text.dir_find
                0x08008a08      0x180 ./Middlewares/Third_Party/FatFs/src/ff.o
 .text.dir_register
                0x08008b88      0x1f0 ./Middlewares/Third_Party/FatFs/src/ff.o
 .text.dir_remove
                0x08008d78       0x94 ./Middlewares/Third_Party/FatFs/src/ff.o
 .text.get_fileinfo
                0x08008e0c      0x1bc ./Middlewares/Third_Party/FatFs/src/ff.o
 .text.create_name
                0x08008fc8      0x370 ./Middlewares/Third_Party/FatFs/src/ff.o
 .text.follow_path
                0x08009338       0xe2 ./Middlewares/Third_Party/FatFs/src/ff.o
 .text.get_ldnumber
                0x0800941a       0x88 ./Middlewares/Third_Party/FatFs/src/ff.o
 *fill*         0x080094a2        0x2 
 .text.check_fs
                0x080094a4       0xac ./Middlewares/Third_Party/FatFs/src/ff.o
 .text.find_volume
                0x08009550      0x498 ./Middlewares/Third_Party/FatFs/src/ff.o
 .text.validate
                0x080099e8       0x6a ./Middlewares/Third_Party/FatFs/src/ff.o
 *fill*         0x08009a52        0x2 
 .text.f_mount  0x08009a54       0x8c ./Middlewares/Third_Party/FatFs/src/ff.o
                0x08009a54                f_mount
 .text.f_open   0x08009ae0      0x566 ./Middlewares/Third_Party/FatFs/src/ff.o
                0x08009ae0                f_open
 .text.f_read   0x0800a046      0x27e ./Middlewares/Third_Party/FatFs/src/ff.o
                0x0800a046                f_read
 .text.f_sync   0x0800a2c4       0xfc ./Middlewares/Third_Party/FatFs/src/ff.o
                0x0800a2c4                f_sync
 .text.f_close  0x0800a3c0       0x54 ./Middlewares/Third_Party/FatFs/src/ff.o
                0x0800a3c0                f_close
 .text.f_opendir
                0x0800a414      0x17a ./Middlewares/Third_Party/FatFs/src/ff.o
                0x0800a414                f_opendir
 .text.f_closedir
                0x0800a58e       0x4c ./Middlewares/Third_Party/FatFs/src/ff.o
                0x0800a58e                f_closedir
 .text.f_readdir
                0x0800a5da       0xe6 ./Middlewares/Third_Party/FatFs/src/ff.o
                0x0800a5da                f_readdir
 .text.f_unlink
                0x0800a6c0      0x18e ./Middlewares/Third_Party/FatFs/src/ff.o
                0x0800a6c0                f_unlink
 .text.f_rename
                0x0800a84e      0x248 ./Middlewares/Third_Party/FatFs/src/ff.o
                0x0800a84e                f_rename
 *fill*         0x0800aa96        0x2 
 .text.FATFS_LinkDriverEx
                0x0800aa98       0x98 ./Middlewares/Third_Party/FatFs/src/ff_gen_drv.o
                0x0800aa98                FATFS_LinkDriverEx
 .text.FATFS_LinkDriver
                0x0800ab30       0x1e ./Middlewares/Third_Party/FatFs/src/ff_gen_drv.o
                0x0800ab30                FATFS_LinkDriver
 *fill*         0x0800ab4e        0x2 
 .text.ff_convert
                0x0800ab50       0x78 ./Middlewares/Third_Party/FatFs/src/option/ccsbcs.o
                0x0800ab50                ff_convert
 .text.ff_wtoupper
                0x0800abc8      0x114 ./Middlewares/Third_Party/FatFs/src/option/ccsbcs.o
                0x0800abc8                ff_wtoupper
 .text.__sflush_r
                0x0800acdc      0x108 C:/ST/STM32CubeIDE_1.3.0/STM32CubeIDE/plugins/com.st.stm32cube.ide.mcu.externaltools.gnu-tools-for-stm32.12.3.rel1.win32_1.0.200.202406191623/tools/bin/../lib/gcc/arm-none-eabi/12.3.1/../../../../arm-none-eabi/lib/thumb/v7e-m+dp/hard\libc_nano.a(libc_a-fflush.o)
                0x0800acdc                __sflush_r
 .text._fflush_r
                0x0800ade4       0x50 C:/ST/STM32CubeIDE_1.3.0/STM32CubeIDE/plugins/com.st.stm32cube.ide.mcu.externaltools.gnu-tools-for-stm32.12.3.rel1.win32_1.0.200.202406191623/tools/bin/../lib/gcc/arm-none-eabi/12.3.1/../../../../arm-none-eabi/lib/thumb/v7e-m+dp/hard\libc_nano.a(libc_a-fflush.o)
                0x0800ade4                _fflush_r
 .text.fflush   0x0800ae34       0x28 C:/ST/STM32CubeIDE_1.3.0/STM32CubeIDE/plugins/com.st.stm32cube.ide.mcu.externaltools.gnu-tools-for-stm32.12.3.rel1.win32_1.0.200.202406191623/tools/bin/../lib/gcc/arm-none-eabi/12.3.1/../../../../arm-none-eabi/lib/thumb/v7e-m+dp/hard\libc_nano.a(libc_a-fflush.o)
                0x0800ae34                fflush
 .text.std      0x0800ae5c       0x6c C:/ST/STM32CubeIDE_1.3.0/STM32CubeIDE/plugins/com.st.stm32cube.ide.mcu.externaltools.gnu-tools-for-stm32.12.3.rel1.win32_1.0.200.202406191623/tools/bin/../lib/gcc/arm-none-eabi/12.3.1/../../../../arm-none-eabi/lib/thumb/v7e-m+dp/hard\libc_nano.a(libc_a-findfp.o)
 .text.stdio_exit_handler
                0x0800aec8       0x18 C:/ST/STM32CubeIDE_1.3.0/STM32CubeIDE/plugins/com.st.stm32cube.ide.mcu.externaltools.gnu-tools-for-stm32.12.3.rel1.win32_1.0.200.202406191623/tools/bin/../lib/gcc/arm-none-eabi/12.3.1/../../../../arm-none-eabi/lib/thumb/v7e-m+dp/hard\libc_nano.a(libc_a-findfp.o)
 .text.cleanup_stdio
                0x0800aee0       0x40 C:/ST/STM32CubeIDE_1.3.0/STM32CubeIDE/plugins/com.st.stm32cube.ide.mcu.externaltools.gnu-tools-for-stm32.12.3.rel1.win32_1.0.200.202406191623/tools/bin/../lib/gcc/arm-none-eabi/12.3.1/../../../../arm-none-eabi/lib/thumb/v7e-m+dp/hard\libc_nano.a(libc_a-findfp.o)
 .text.global_stdio_init.part.0
                0x0800af20       0x3c C:/ST/STM32CubeIDE_1.3.0/STM32CubeIDE/plugins/com.st.stm32cube.ide.mcu.externaltools.gnu-tools-for-stm32.12.3.rel1.win32_1.0.200.202406191623/tools/bin/../lib/gcc/arm-none-eabi/12.3.1/../../../../arm-none-eabi/lib/thumb/v7e-m+dp/hard\libc_nano.a(libc_a-findfp.o)
 .text.__sfp_lock_acquire
                0x0800af5c        0xc C:/ST/STM32CubeIDE_1.3.0/STM32CubeIDE/plugins/com.st.stm32cube.ide.mcu.externaltools.gnu-tools-for-stm32.12.3.rel1.win32_1.0.200.202406191623/tools/bin/../lib/gcc/arm-none-eabi/12.3.1/../../../../arm-none-eabi/lib/thumb/v7e-m+dp/hard\libc_nano.a(libc_a-findfp.o)
                0x0800af5c                __sfp_lock_acquire
 .text.__sfp_lock_release
                0x0800af68        0xc C:/ST/STM32CubeIDE_1.3.0/STM32CubeIDE/plugins/com.st.stm32cube.ide.mcu.externaltools.gnu-tools-for-stm32.12.3.rel1.win32_1.0.200.202406191623/tools/bin/../lib/gcc/arm-none-eabi/12.3.1/../../../../arm-none-eabi/lib/thumb/v7e-m+dp/hard\libc_nano.a(libc_a-findfp.o)
                0x0800af68                __sfp_lock_release
 .text.__sinit  0x0800af74       0x30 C:/ST/STM32CubeIDE_1.3.0/STM32CubeIDE/plugins/com.st.stm32cube.ide.mcu.externaltools.gnu-tools-for-stm32.12.3.rel1.win32_1.0.200.202406191623/tools/bin/../lib/gcc/arm-none-eabi/12.3.1/../../../../arm-none-eabi/lib/thumb/v7e-m+dp/hard\libc_nano.a(libc_a-findfp.o)
                0x0800af74                __sinit
 .text._fwalk_sglue
                0x0800afa4       0x3c C:/ST/STM32CubeIDE_1.3.0/STM32CubeIDE/plugins/com.st.stm32cube.ide.mcu.externaltools.gnu-tools-for-stm32.12.3.rel1.win32_1.0.200.202406191623/tools/bin/../lib/gcc/arm-none-eabi/12.3.1/../../../../arm-none-eabi/lib/thumb/v7e-m+dp/hard\libc_nano.a(libc_a-fwalk.o)
                0x0800afa4                _fwalk_sglue
 .text.printf   0x0800afe0       0x24 C:/ST/STM32CubeIDE_1.3.0/STM32CubeIDE/plugins/com.st.stm32cube.ide.mcu.externaltools.gnu-tools-for-stm32.12.3.rel1.win32_1.0.200.202406191623/tools/bin/../lib/gcc/arm-none-eabi/12.3.1/../../../../arm-none-eabi/lib/thumb/v7e-m+dp/hard\libc_nano.a(libc_a-printf.o)
                0x0800afe0                iprintf
                0x0800afe0                printf
 .text.putchar  0x0800b004       0x10 C:/ST/STM32CubeIDE_1.3.0/STM32CubeIDE/plugins/com.st.stm32cube.ide.mcu.externaltools.gnu-tools-for-stm32.12.3.rel1.win32_1.0.200.202406191623/tools/bin/../lib/gcc/arm-none-eabi/12.3.1/../../../../arm-none-eabi/lib/thumb/v7e-m+dp/hard\libc_nano.a(libc_a-putchar.o)
                0x0800b004                putchar
 .text._puts_r  0x0800b014       0xaa C:/ST/STM32CubeIDE_1.3.0/STM32CubeIDE/plugins/com.st.stm32cube.ide.mcu.externaltools.gnu-tools-for-stm32.12.3.rel1.win32_1.0.200.202406191623/tools/bin/../lib/gcc/arm-none-eabi/12.3.1/../../../../arm-none-eabi/lib/thumb/v7e-m+dp/hard\libc_nano.a(libc_a-puts.o)
                0x0800b014                _puts_r
 *fill*         0x0800b0be        0x2 
 .text.puts     0x0800b0c0       0x10 C:/ST/STM32CubeIDE_1.3.0/STM32CubeIDE/plugins/com.st.stm32cube.ide.mcu.externaltools.gnu-tools-for-stm32.12.3.rel1.win32_1.0.200.202406191623/tools/bin/../lib/gcc/arm-none-eabi/12.3.1/../../../../arm-none-eabi/lib/thumb/v7e-m+dp/hard\libc_nano.a(libc_a-puts.o)
                0x0800b0c0                puts
 .text.__sread  0x0800b0d0       0x22 C:/ST/STM32CubeIDE_1.3.0/STM32CubeIDE/plugins/com.st.stm32cube.ide.mcu.externaltools.gnu-tools-for-stm32.12.3.rel1.win32_1.0.200.202406191623/tools/bin/../lib/gcc/arm-none-eabi/12.3.1/../../../../arm-none-eabi/lib/thumb/v7e-m+dp/hard\libc_nano.a(libc_a-stdio.o)
                0x0800b0d0                __sread
 .text.__swrite
                0x0800b0f2       0x38 C:/ST/STM32CubeIDE_1.3.0/STM32CubeIDE/plugins/com.st.stm32cube.ide.mcu.externaltools.gnu-tools-for-stm32.12.3.rel1.win32_1.0.200.202406191623/tools/bin/../lib/gcc/arm-none-eabi/12.3.1/../../../../arm-none-eabi/lib/thumb/v7e-m+dp/hard\libc_nano.a(libc_a-stdio.o)
                0x0800b0f2                __swrite
 .text.__sseek  0x0800b12a       0x24 C:/ST/STM32CubeIDE_1.3.0/STM32CubeIDE/plugins/com.st.stm32cube.ide.mcu.externaltools.gnu-tools-for-stm32.12.3.rel1.win32_1.0.200.202406191623/tools/bin/../lib/gcc/arm-none-eabi/12.3.1/../../../../arm-none-eabi/lib/thumb/v7e-m+dp/hard\libc_nano.a(libc_a-stdio.o)
                0x0800b12a                __sseek
 .text.__sclose
                0x0800b14e        0x8 C:/ST/STM32CubeIDE_1.3.0/STM32CubeIDE/plugins/com.st.stm32cube.ide.mcu.externaltools.gnu-tools-for-stm32.12.3.rel1.win32_1.0.200.202406191623/tools/bin/../lib/gcc/arm-none-eabi/12.3.1/../../../../arm-none-eabi/lib/thumb/v7e-m+dp/hard\libc_nano.a(libc_a-stdio.o)
                0x0800b14e                __sclose
 .text.__swbuf_r
                0x0800b156       0x7c C:/ST/STM32CubeIDE_1.3.0/STM32CubeIDE/plugins/com.st.stm32cube.ide.mcu.externaltools.gnu-tools-for-stm32.12.3.rel1.win32_1.0.200.202406191623/tools/bin/../lib/gcc/arm-none-eabi/12.3.1/../../../../arm-none-eabi/lib/thumb/v7e-m+dp/hard\libc_nano.a(libc_a-wbuf.o)
                0x0800b156                __swbuf_r
 *fill*         0x0800b1d2        0x2 
 .text.__swsetup_r
                0x0800b1d4       0xac C:/ST/STM32CubeIDE_1.3.0/STM32CubeIDE/plugins/com.st.stm32cube.ide.mcu.externaltools.gnu-tools-for-stm32.12.3.rel1.win32_1.0.200.202406191623/tools/bin/../lib/gcc/arm-none-eabi/12.3.1/../../../../arm-none-eabi/lib/thumb/v7e-m+dp/hard\libc_nano.a(libc_a-wsetup.o)
                0x0800b1d4                __swsetup_r
 .text.memset   0x0800b280       0x10 C:/ST/STM32CubeIDE_1.3.0/STM32CubeIDE/plugins/com.st.stm32cube.ide.mcu.externaltools.gnu-tools-for-stm32.12.3.rel1.win32_1.0.200.202406191623/tools/bin/../lib/gcc/arm-none-eabi/12.3.1/../../../../arm-none-eabi/lib/thumb/v7e-m+dp/hard\libc_nano.a(libc_a-memset.o)
                0x0800b280                memset
 .text._close_r
                0x0800b290       0x20 C:/ST/STM32CubeIDE_1.3.0/STM32CubeIDE/plugins/com.st.stm32cube.ide.mcu.externaltools.gnu-tools-for-stm32.12.3.rel1.win32_1.0.200.202406191623/tools/bin/../lib/gcc/arm-none-eabi/12.3.1/../../../../arm-none-eabi/lib/thumb/v7e-m+dp/hard\libc_nano.a(libc_a-closer.o)
                0x0800b290                _close_r
 .text._lseek_r
                0x0800b2b0       0x24 C:/ST/STM32CubeIDE_1.3.0/STM32CubeIDE/plugins/com.st.stm32cube.ide.mcu.externaltools.gnu-tools-for-stm32.12.3.rel1.win32_1.0.200.202406191623/tools/bin/../lib/gcc/arm-none-eabi/12.3.1/../../../../arm-none-eabi/lib/thumb/v7e-m+dp/hard\libc_nano.a(libc_a-lseekr.o)
                0x0800b2b0                _lseek_r
 .text._read_r  0x0800b2d4       0x24 C:/ST/STM32CubeIDE_1.3.0/STM32CubeIDE/plugins/com.st.stm32cube.ide.mcu.externaltools.gnu-tools-for-stm32.12.3.rel1.win32_1.0.200.202406191623/tools/bin/../lib/gcc/arm-none-eabi/12.3.1/../../../../arm-none-eabi/lib/thumb/v7e-m+dp/hard\libc_nano.a(libc_a-readr.o)
                0x0800b2d4                _read_r
 .text._write_r
                0x0800b2f8       0x24 C:/ST/STM32CubeIDE_1.3.0/STM32CubeIDE/plugins/com.st.stm32cube.ide.mcu.externaltools.gnu-tools-for-stm32.12.3.rel1.win32_1.0.200.202406191623/tools/bin/../lib/gcc/arm-none-eabi/12.3.1/../../../../arm-none-eabi/lib/thumb/v7e-m+dp/hard\libc_nano.a(libc_a-writer.o)
                0x0800b2f8                _write_r
 .text.__errno  0x0800b31c        0xc C:/ST/STM32CubeIDE_1.3.0/STM32CubeIDE/plugins/com.st.stm32cube.ide.mcu.externaltools.gnu-tools-for-stm32.12.3.rel1.win32_1.0.200.202406191623/tools/bin/../lib/gcc/arm-none-eabi/12.3.1/../../../../arm-none-eabi/lib/thumb/v7e-m+dp/hard\libc_nano.a(libc_a-errno.o)
                0x0800b31c                __errno
 .text.__libc_init_array
                0x0800b328       0x48 C:/ST/STM32CubeIDE_1.3.0/STM32CubeIDE/plugins/com.st.stm32cube.ide.mcu.externaltools.gnu-tools-for-stm32.12.3.rel1.win32_1.0.200.202406191623/tools/bin/../lib/gcc/arm-none-eabi/12.3.1/../../../../arm-none-eabi/lib/thumb/v7e-m+dp/hard\libc_nano.a(libc_a-init.o)
                0x0800b328                __libc_init_array
 .text.__retarget_lock_init_recursive
                0x0800b370        0x2 C:/ST/STM32CubeIDE_1.3.0/STM32CubeIDE/plugins/com.st.stm32cube.ide.mcu.externaltools.gnu-tools-for-stm32.12.3.rel1.win32_1.0.200.202406191623/tools/bin/../lib/gcc/arm-none-eabi/12.3.1/../../../../arm-none-eabi/lib/thumb/v7e-m+dp/hard\libc_nano.a(libc_a-lock.o)
                0x0800b370                __retarget_lock_init_recursive
 .text.__retarget_lock_acquire_recursive
                0x0800b372        0x2 C:/ST/STM32CubeIDE_1.3.0/STM32CubeIDE/plugins/com.st.stm32cube.ide.mcu.externaltools.gnu-tools-for-stm32.12.3.rel1.win32_1.0.200.202406191623/tools/bin/../lib/gcc/arm-none-eabi/12.3.1/../../../../arm-none-eabi/lib/thumb/v7e-m+dp/hard\libc_nano.a(libc_a-lock.o)
                0x0800b372                __retarget_lock_acquire_recursive
 .text.__retarget_lock_release_recursive
                0x0800b374        0x2 C:/ST/STM32CubeIDE_1.3.0/STM32CubeIDE/plugins/com.st.stm32cube.ide.mcu.externaltools.gnu-tools-for-stm32.12.3.rel1.win32_1.0.200.202406191623/tools/bin/../lib/gcc/arm-none-eabi/12.3.1/../../../../arm-none-eabi/lib/thumb/v7e-m+dp/hard\libc_nano.a(libc_a-lock.o)
                0x0800b374                __retarget_lock_release_recursive
 *fill*         0x0800b376        0x2 
 .text._free_r  0x0800b378       0x94 C:/ST/STM32CubeIDE_1.3.0/STM32CubeIDE/plugins/com.st.stm32cube.ide.mcu.externaltools.gnu-tools-for-stm32.12.3.rel1.win32_1.0.200.202406191623/tools/bin/../lib/gcc/arm-none-eabi/12.3.1/../../../../arm-none-eabi/lib/thumb/v7e-m+dp/hard\libc_nano.a(libc_a-freer.o)
                0x0800b378                _free_r
 .text.sbrk_aligned
                0x0800b40c       0x44 C:/ST/STM32CubeIDE_1.3.0/STM32CubeIDE/plugins/com.st.stm32cube.ide.mcu.externaltools.gnu-tools-for-stm32.12.3.rel1.win32_1.0.200.202406191623/tools/bin/../lib/gcc/arm-none-eabi/12.3.1/../../../../arm-none-eabi/lib/thumb/v7e-m+dp/hard\libc_nano.a(libc_a-mallocr.o)
 .text._malloc_r
                0x0800b450      0x100 C:/ST/STM32CubeIDE_1.3.0/STM32CubeIDE/plugins/com.st.stm32cube.ide.mcu.externaltools.gnu-tools-for-stm32.12.3.rel1.win32_1.0.200.202406191623/tools/bin/../lib/gcc/arm-none-eabi/12.3.1/../../../../arm-none-eabi/lib/thumb/v7e-m+dp/hard\libc_nano.a(libc_a-mallocr.o)
                0x0800b450                _malloc_r
 .text.__malloc_lock
                0x0800b550        0xc C:/ST/STM32CubeIDE_1.3.0/STM32CubeIDE/plugins/com.st.stm32cube.ide.mcu.externaltools.gnu-tools-for-stm32.12.3.rel1.win32_1.0.200.202406191623/tools/bin/../lib/gcc/arm-none-eabi/12.3.1/../../../../arm-none-eabi/lib/thumb/v7e-m+dp/hard\libc_nano.a(libc_a-mlock.o)
                0x0800b550                __malloc_lock
 .text.__malloc_unlock
                0x0800b55c        0xc C:/ST/STM32CubeIDE_1.3.0/STM32CubeIDE/plugins/com.st.stm32cube.ide.mcu.externaltools.gnu-tools-for-stm32.12.3.rel1.win32_1.0.200.202406191623/tools/bin/../lib/gcc/arm-none-eabi/12.3.1/../../../../arm-none-eabi/lib/thumb/v7e-m+dp/hard\libc_nano.a(libc_a-mlock.o)
                0x0800b55c                __malloc_unlock
 .text.__sfputc_r
                0x0800b568       0x2e C:/ST/STM32CubeIDE_1.3.0/STM32CubeIDE/plugins/com.st.stm32cube.ide.mcu.externaltools.gnu-tools-for-stm32.12.3.rel1.win32_1.0.200.202406191623/tools/bin/../lib/gcc/arm-none-eabi/12.3.1/../../../../arm-none-eabi/lib/thumb/v7e-m+dp/hard\libc_nano.a(libc_a-nano-vfprintf.o)
 .text.__sfputs_r
                0x0800b596       0x24 C:/ST/STM32CubeIDE_1.3.0/STM32CubeIDE/plugins/com.st.stm32cube.ide.mcu.externaltools.gnu-tools-for-stm32.12.3.rel1.win32_1.0.200.202406191623/tools/bin/../lib/gcc/arm-none-eabi/12.3.1/../../../../arm-none-eabi/lib/thumb/v7e-m+dp/hard\libc_nano.a(libc_a-nano-vfprintf.o)
                0x0800b596                __sfputs_r
 *fill*         0x0800b5ba        0x2 
 .text._vfprintf_r
                0x0800b5bc      0x230 C:/ST/STM32CubeIDE_1.3.0/STM32CubeIDE/plugins/com.st.stm32cube.ide.mcu.externaltools.gnu-tools-for-stm32.12.3.rel1.win32_1.0.200.202406191623/tools/bin/../lib/gcc/arm-none-eabi/12.3.1/../../../../arm-none-eabi/lib/thumb/v7e-m+dp/hard\libc_nano.a(libc_a-nano-vfprintf.o)
                0x0800b5bc                _vfprintf_r
                0x0800b5bc                _vfiprintf_r
 .text._printf_common
                0x0800b7ec       0xda C:/ST/STM32CubeIDE_1.3.0/STM32CubeIDE/plugins/com.st.stm32cube.ide.mcu.externaltools.gnu-tools-for-stm32.12.3.rel1.win32_1.0.200.202406191623/tools/bin/../lib/gcc/arm-none-eabi/12.3.1/../../../../arm-none-eabi/lib/thumb/v7e-m+dp/hard\libc_nano.a(libc_a-nano-vfprintf_i.o)
                0x0800b7ec                _printf_common
 *fill*         0x0800b8c6        0x2 
 .text._printf_i
                0x0800b8c8      0x240 C:/ST/STM32CubeIDE_1.3.0/STM32CubeIDE/plugins/com.st.stm32cube.ide.mcu.externaltools.gnu-tools-for-stm32.12.3.rel1.win32_1.0.200.202406191623/tools/bin/../lib/gcc/arm-none-eabi/12.3.1/../../../../arm-none-eabi/lib/thumb/v7e-m+dp/hard\libc_nano.a(libc_a-nano-vfprintf_i.o)
                0x0800b8c8                _printf_i
 .text.__swhatbuf_r
                0x0800bb08       0x4c C:/ST/STM32CubeIDE_1.3.0/STM32CubeIDE/plugins/com.st.stm32cube.ide.mcu.externaltools.gnu-tools-for-stm32.12.3.rel1.win32_1.0.200.202406191623/tools/bin/../lib/gcc/arm-none-eabi/12.3.1/../../../../arm-none-eabi/lib/thumb/v7e-m+dp/hard\libc_nano.a(libc_a-makebuf.o)
                0x0800bb08                __swhatbuf_r
 .text.__smakebuf_r
                0x0800bb54       0x78 C:/ST/STM32CubeIDE_1.3.0/STM32CubeIDE/plugins/com.st.stm32cube.ide.mcu.externaltools.gnu-tools-for-stm32.12.3.rel1.win32_1.0.200.202406191623/tools/bin/../lib/gcc/arm-none-eabi/12.3.1/../../../../arm-none-eabi/lib/thumb/v7e-m+dp/hard\libc_nano.a(libc_a-makebuf.o)
                0x0800bb54                __smakebuf_r
 .text._putc_r  0x0800bbcc       0x68 C:/ST/STM32CubeIDE_1.3.0/STM32CubeIDE/plugins/com.st.stm32cube.ide.mcu.externaltools.gnu-tools-for-stm32.12.3.rel1.win32_1.0.200.202406191623/tools/bin/../lib/gcc/arm-none-eabi/12.3.1/../../../../arm-none-eabi/lib/thumb/v7e-m+dp/hard\libc_nano.a(libc_a-putc.o)
                0x0800bbcc                _putc_r
 .text._fstat_r
                0x0800bc34       0x24 C:/ST/STM32CubeIDE_1.3.0/STM32CubeIDE/plugins/com.st.stm32cube.ide.mcu.externaltools.gnu-tools-for-stm32.12.3.rel1.win32_1.0.200.202406191623/tools/bin/../lib/gcc/arm-none-eabi/12.3.1/../../../../arm-none-eabi/lib/thumb/v7e-m+dp/hard\libc_nano.a(libc_a-fstatr.o)
                0x0800bc34                _fstat_r
 .text._isatty_r
                0x0800bc58       0x20 C:/ST/STM32CubeIDE_1.3.0/STM32CubeIDE/plugins/com.st.stm32cube.ide.mcu.externaltools.gnu-tools-for-stm32.12.3.rel1.win32_1.0.200.202406191623/tools/bin/../lib/gcc/arm-none-eabi/12.3.1/../../../../arm-none-eabi/lib/thumb/v7e-m+dp/hard\libc_nano.a(libc_a-isattyr.o)
                0x0800bc58                _isatty_r
 .text._sbrk_r  0x0800bc78       0x20 C:/ST/STM32CubeIDE_1.3.0/STM32CubeIDE/plugins/com.st.stm32cube.ide.mcu.externaltools.gnu-tools-for-stm32.12.3.rel1.win32_1.0.200.202406191623/tools/bin/../lib/gcc/arm-none-eabi/12.3.1/../../../../arm-none-eabi/lib/thumb/v7e-m+dp/hard\libc_nano.a(libc_a-sbrkr.o)
                0x0800bc78                _sbrk_r
 *(.glue_7)
 .glue_7        0x0800bc98        0x0 linker stubs
 *(.glue_7t)
 .glue_7t       0x0800bc98        0x0 linker stubs
 *(.eh_frame)
 .eh_frame      0x0800bc98        0x0 C:/ST/STM32CubeIDE_1.3.0/STM32CubeIDE/plugins/com.st.stm32cube.ide.mcu.externaltools.gnu-tools-for-stm32.12.3.rel1.win32_1.0.200.202406191623/tools/bin/../lib/gcc/arm-none-eabi/12.3.1/thumb/v7e-m+dp/hard/crtbegin.o
 *(.init)
 .init          0x0800bc98        0x4 C:/ST/STM32CubeIDE_1.3.0/STM32CubeIDE/plugins/com.st.stm32cube.ide.mcu.externaltools.gnu-tools-for-stm32.12.3.rel1.win32_1.0.200.202406191623/tools/bin/../lib/gcc/arm-none-eabi/12.3.1/thumb/v7e-m+dp/hard/crti.o
                0x0800bc98                _init
 .init          0x0800bc9c        0x8 C:/ST/STM32CubeIDE_1.3.0/STM32CubeIDE/plugins/com.st.stm32cube.ide.mcu.externaltools.gnu-tools-for-stm32.12.3.rel1.win32_1.0.200.202406191623/tools/bin/../lib/gcc/arm-none-eabi/12.3.1/thumb/v7e-m+dp/hard/crtn.o
 *(.fini)
 .fini          0x0800bca4        0x4 C:/ST/STM32CubeIDE_1.3.0/STM32CubeIDE/plugins/com.st.stm32cube.ide.mcu.externaltools.gnu-tools-for-stm32.12.3.rel1.win32_1.0.200.202406191623/tools/bin/../lib/gcc/arm-none-eabi/12.3.1/thumb/v7e-m+dp/hard/crti.o
                0x0800bca4                _fini
 .fini          0x0800bca8        0x8 C:/ST/STM32CubeIDE_1.3.0/STM32CubeIDE/plugins/com.st.stm32cube.ide.mcu.externaltools.gnu-tools-for-stm32.12.3.rel1.win32_1.0.200.202406191623/tools/bin/../lib/gcc/arm-none-eabi/12.3.1/thumb/v7e-m+dp/hard/crtn.o
                0x0800bcb0                        . = ALIGN (0x4)
                0x0800bcb0                        _etext = .

.vfp11_veneer   0x0800bcb0        0x0
 .vfp11_veneer  0x0800bcb0        0x0 linker stubs

.v4_bx          0x0800bcb0        0x0
 .v4_bx         0x0800bcb0        0x0 linker stubs

.iplt           0x0800bcb0        0x0
 .iplt          0x0800bcb0        0x0 C:/ST/STM32CubeIDE_1.3.0/STM32CubeIDE/plugins/com.st.stm32cube.ide.mcu.externaltools.gnu-tools-for-stm32.12.3.rel1.win32_1.0.200.202406191623/tools/bin/../lib/gcc/arm-none-eabi/12.3.1/thumb/v7e-m+dp/hard/crtbegin.o

.rodata         0x0800bcb0      0x6b8
                0x0800bcb0                        . = ALIGN (0x4)
 *(.rodata)
 .rodata        0x0800bcb0      0x186 ./Core/Src/bootloader.o
 *fill*         0x0800be36        0x2 
 .rodata        0x0800be38       0x48 ./Middlewares/Third_Party/FatFs/src/ff.o
 *(.rodata*)
 .rodata.charCheckmark
                0x0800be80        0x8 ./Core/Src/lcd.o
 .rodata.charA  0x0800be88        0x8 ./Core/Src/lcd.o
 .rodata.charC  0x0800be90        0x8 ./Core/Src/lcd.o
 .rodata.charE  0x0800be98        0x8 ./Core/Src/lcd.o
 .rodata.charO  0x0800bea0        0x8 ./Core/Src/lcd.o
 .rodata.charL  0x0800bea8        0x8 ./Core/Src/lcd.o
 .rodata.charS  0x0800beb0        0x8 ./Core/Src/lcd.o
 .rodata.charN  0x0800beb8        0x8 ./Core/Src/lcd.o
 .rodata.AHBPrescTable
                0x0800bec0       0x10 ./Core/Src/system_stm32f7xx.o
                0x0800bec0                AHBPrescTable
 .rodata.APBPrescTable
                0x0800bed0        0x8 ./Core/Src/system_stm32f7xx.o
                0x0800bed0                APBPrescTable
 .rodata.flagBitshiftOffset.0
                0x0800bed8        0x8 ./Drivers/STM32F7xx_HAL_Driver/Src/stm32f7xx_hal_dma.o
 .rodata.SD_Driver
                0x0800bee0       0x14 ./FATFS/Target/sd_diskio.o
                0x0800bee0                SD_Driver
 .rodata.ExCvt  0x0800bef4       0x80 ./Middlewares/Third_Party/FatFs/src/ff.o
 .rodata.LfnOfs
                0x0800bf74        0xd ./Middlewares/Third_Party/FatFs/src/ff.o
 *fill*         0x0800bf81        0x3 
 .rodata.Tbl    0x0800bf84      0x100 ./Middlewares/Third_Party/FatFs/src/option/ccsbcs.o
 .rodata.cvt1.1
                0x0800c084      0x1f2 ./Middlewares/Third_Party/FatFs/src/option/ccsbcs.o
 *fill*         0x0800c276        0x2 
 .rodata.cvt2.0
                0x0800c278       0xbc ./Middlewares/Third_Party/FatFs/src/option/ccsbcs.o
 .rodata._vfprintf_r.str1.1
                0x0800c334       0x11 C:/ST/STM32CubeIDE_1.3.0/STM32CubeIDE/plugins/com.st.stm32cube.ide.mcu.externaltools.gnu-tools-for-stm32.12.3.rel1.win32_1.0.200.202406191623/tools/bin/../lib/gcc/arm-none-eabi/12.3.1/../../../../arm-none-eabi/lib/thumb/v7e-m+dp/hard\libc_nano.a(libc_a-nano-vfprintf.o)
 .rodata._printf_i.str1.1
                0x0800c345       0x22 C:/ST/STM32CubeIDE_1.3.0/STM32CubeIDE/plugins/com.st.stm32cube.ide.mcu.externaltools.gnu-tools-for-stm32.12.3.rel1.win32_1.0.200.202406191623/tools/bin/../lib/gcc/arm-none-eabi/12.3.1/../../../../arm-none-eabi/lib/thumb/v7e-m+dp/hard\libc_nano.a(libc_a-nano-vfprintf_i.o)
                0x0800c368                        . = ALIGN (0x4)
 *fill*         0x0800c367        0x1 

.ARM.extab      0x0800c368        0x0
                0x0800c368                        . = ALIGN (0x4)
 *(.ARM.extab* .gnu.linkonce.armextab.*)
                0x0800c368                        . = ALIGN (0x4)

.ARM            0x0800c368        0x8
                0x0800c368                        . = ALIGN (0x4)
                0x0800c368                        __exidx_start = .
 *(.ARM.exidx*)
 .ARM.exidx     0x0800c368        0x8 C:/ST/STM32CubeIDE_1.3.0/STM32CubeIDE/plugins/com.st.stm32cube.ide.mcu.externaltools.gnu-tools-for-stm32.12.3.rel1.win32_1.0.200.202406191623/tools/bin/../lib/gcc/arm-none-eabi/12.3.1/../../../../arm-none-eabi/lib/thumb/v7e-m+dp/hard\libc_nano.a(libc_a-memchr.o)
 .ARM.exidx     0x0800c370        0x0 C:/ST/STM32CubeIDE_1.3.0/STM32CubeIDE/plugins/com.st.stm32cube.ide.mcu.externaltools.gnu-tools-for-stm32.12.3.rel1.win32_1.0.200.202406191623/tools/bin/../lib/gcc/arm-none-eabi/12.3.1/thumb/v7e-m+dp/hard\libgcc.a(_udivmoddi4.o)
                                  0x8 (size before relaxing)
                0x0800c370                        __exidx_end = .
                0x0800c370                        . = ALIGN (0x4)

.preinit_array  0x0800c370        0x0
                0x0800c370                        . = ALIGN (0x4)
                0x0800c370                        PROVIDE (__preinit_array_start = .)
 *(.preinit_array*)
                0x0800c370                        PROVIDE (__preinit_array_end = .)
                0x0800c370                        . = ALIGN (0x4)

.init_array     0x0800c370        0x4
                0x0800c370                        . = ALIGN (0x4)
                0x0800c370                        PROVIDE (__init_array_start = .)
 *(SORT_BY_NAME(.init_array.*))
 *(.init_array*)
 .init_array    0x0800c370        0x4 C:/ST/STM32CubeIDE_1.3.0/STM32CubeIDE/plugins/com.st.stm32cube.ide.mcu.externaltools.gnu-tools-for-stm32.12.3.rel1.win32_1.0.200.202406191623/tools/bin/../lib/gcc/arm-none-eabi/12.3.1/thumb/v7e-m+dp/hard/crtbegin.o
                0x0800c374                        PROVIDE (__init_array_end = .)
                0x0800c374                        . = ALIGN (0x4)

.fini_array     0x0800c374        0x4
                0x0800c374                        . = ALIGN (0x4)
                [!provide]                        PROVIDE (__fini_array_start = .)
 *(SORT_BY_NAME(.fini_array.*))
 *(.fini_array*)
 .fini_array    0x0800c374        0x4 C:/ST/STM32CubeIDE_1.3.0/STM32CubeIDE/plugins/com.st.stm32cube.ide.mcu.externaltools.gnu-tools-for-stm32.12.3.rel1.win32_1.0.200.202406191623/tools/bin/../lib/gcc/arm-none-eabi/12.3.1/thumb/v7e-m+dp/hard/crtbegin.o
                [!provide]                        PROVIDE (__fini_array_end = .)
                0x0800c378                        . = ALIGN (0x4)
                0x0800c378                        _sidata = LOADADDR (.data)

.rel.dyn        0x0800c378        0x0
 .rel.iplt      0x0800c378        0x0 C:/ST/STM32CubeIDE_1.3.0/STM32CubeIDE/plugins/com.st.stm32cube.ide.mcu.externaltools.gnu-tools-for-stm32.12.3.rel1.win32_1.0.200.202406191623/tools/bin/../lib/gcc/arm-none-eabi/12.3.1/thumb/v7e-m+dp/hard/crtbegin.o

.data           0x20000000       0x68 load address 0x0800c378
                0x20000000                        . = ALIGN (0x4)
                0x20000000                        _sdata = .
 *(.data)
 *(.data*)
 .data.SystemCoreClock
                0x20000000        0x4 ./Core/Src/system_stm32f7xx.o
                0x20000000                SystemCoreClock
 .data.uwTickPrio
                0x20000004        0x4 ./Drivers/STM32F7xx_HAL_Driver/Src/stm32f7xx_hal.o
                0x20000004                uwTickPrio
 .data.uwTickFreq
                0x20000008        0x1 ./Drivers/STM32F7xx_HAL_Driver/Src/stm32f7xx_hal.o
                0x20000008                uwTickFreq
 .data.Stat     0x20000009        0x1 ./FATFS/Target/sd_diskio.o
 *fill*         0x2000000a        0x2 
 .data.__sglue  0x2000000c        0xc C:/ST/STM32CubeIDE_1.3.0/STM32CubeIDE/plugins/com.st.stm32cube.ide.mcu.externaltools.gnu-tools-for-stm32.12.3.rel1.win32_1.0.200.202406191623/tools/bin/../lib/gcc/arm-none-eabi/12.3.1/../../../../arm-none-eabi/lib/thumb/v7e-m+dp/hard\libc_nano.a(libc_a-findfp.o)
                0x2000000c                __sglue
 .data._impure_ptr
                0x20000018        0x4 C:/ST/STM32CubeIDE_1.3.0/STM32CubeIDE/plugins/com.st.stm32cube.ide.mcu.externaltools.gnu-tools-for-stm32.12.3.rel1.win32_1.0.200.202406191623/tools/bin/../lib/gcc/arm-none-eabi/12.3.1/../../../../arm-none-eabi/lib/thumb/v7e-m+dp/hard\libc_nano.a(libc_a-impure.o)
                0x20000018                _impure_ptr
 .data._impure_data
                0x2000001c       0x4c C:/ST/STM32CubeIDE_1.3.0/STM32CubeIDE/plugins/com.st.stm32cube.ide.mcu.externaltools.gnu-tools-for-stm32.12.3.rel1.win32_1.0.200.202406191623/tools/bin/../lib/gcc/arm-none-eabi/12.3.1/../../../../arm-none-eabi/lib/thumb/v7e-m+dp/hard\libc_nano.a(libc_a-impure.o)
                0x2000001c                _impure_data
 *(.RamFunc)
 *(.RamFunc*)
                0x20000068                        . = ALIGN (0x4)
                0x20000068                        _edata = .

.igot.plt       0x20000068        0x0 load address 0x0800c3e0
 .igot.plt      0x20000068        0x0 C:/ST/STM32CubeIDE_1.3.0/STM32CubeIDE/plugins/com.st.stm32cube.ide.mcu.externaltools.gnu-tools-for-stm32.12.3.rel1.win32_1.0.200.202406191623/tools/bin/../lib/gcc/arm-none-eabi/12.3.1/thumb/v7e-m+dp/hard/crtbegin.o
                0x20000068                        . = ALIGN (0x4)

.bss            0x20000068      0x868 load address 0x0800c3e0
                0x20000068                        _sbss = .
                0x20000068                        __bss_start__ = _sbss
 *(.bss)
 .bss           0x20000068       0x1c C:/ST/STM32CubeIDE_1.3.0/STM32CubeIDE/plugins/com.st.stm32cube.ide.mcu.externaltools.gnu-tools-for-stm32.12.3.rel1.win32_1.0.200.202406191623/tools/bin/../lib/gcc/arm-none-eabi/12.3.1/thumb/v7e-m+dp/hard/crtbegin.o
 *(.bss*)
 .bss.programEntry
                0x20000084        0x4 ./Core/Src/bootloader.o
                0x20000084                programEntry
 .bss.lcdFrameBuffer
                0x20000088       0x50 ./Core/Src/lcd.o
 .bss.lcdCursX  0x200000d8        0x1 ./Core/Src/lcd.o
 .bss.lcdCursY  0x200000d9        0x1 ./Core/Src/lcd.o
 *fill*         0x200000da        0x2 
 .bss.hrng      0x200000dc       0x10 ./Core/Src/main.o
                0x200000dc                hrng
 .bss.hsd2      0x200000ec       0x84 ./Core/Src/main.o
                0x200000ec                hsd2
 .bss.hdma_sdmmc2_rx
                0x20000170       0x60 ./Core/Src/main.o
                0x20000170                hdma_sdmmc2_rx
 .bss.hdma_sdmmc2_tx
                0x200001d0       0x60 ./Core/Src/main.o
                0x200001d0                hdma_sdmmc2_tx
 .bss.huart7    0x20000230       0x88 ./Core/Src/main.o
                0x20000230                huart7
 .bss.__sbrk_heap_end
                0x200002b8        0x4 ./Core/Src/sysmem.o
 .bss.uwTick    0x200002bc        0x4 ./Drivers/STM32F7xx_HAL_Driver/Src/stm32f7xx_hal.o
                0x200002bc                uwTick
 .bss.pFlash    0x200002c0       0x1c ./Drivers/STM32F7xx_HAL_Driver/Src/stm32f7xx_hal_flash.o
                0x200002c0                pFlash
 .bss.retSD     0x200002dc        0x1 ./FATFS/App/fatfs.o
                0x200002dc                retSD
 *fill*         0x200002dd        0x3 
 .bss.SDPath    0x200002e0        0x4 ./FATFS/App/fatfs.o
                0x200002e0                SDPath
 .bss.SDFatFS   0x200002e4      0x234 ./FATFS/App/fatfs.o
                0x200002e4                SDFatFS
 .bss.SDFile    0x20000518      0x230 ./FATFS/App/fatfs.o
                0x20000518                SDFile
 .bss.WriteStatus
                0x20000748        0x4 ./FATFS/Target/sd_diskio.o
 .bss.ReadStatus
                0x2000074c        0x4 ./FATFS/Target/sd_diskio.o
 .bss.FatFs     0x20000750        0x4 ./Middlewares/Third_Party/FatFs/src/ff.o
 .bss.Fsid      0x20000754        0x2 ./Middlewares/Third_Party/FatFs/src/ff.o
 *fill*         0x20000756        0x2 
 .bss.Files     0x20000758       0x20 ./Middlewares/Third_Party/FatFs/src/ff.o
 .bss.disk      0x20000778        0xc ./Middlewares/Third_Party/FatFs/src/ff_gen_drv.o
                0x20000778                disk
 .bss.__sf      0x20000784      0x138 C:/ST/STM32CubeIDE_1.3.0/STM32CubeIDE/plugins/com.st.stm32cube.ide.mcu.externaltools.gnu-tools-for-stm32.12.3.rel1.win32_1.0.200.202406191623/tools/bin/../lib/gcc/arm-none-eabi/12.3.1/../../../../arm-none-eabi/lib/thumb/v7e-m+dp/hard\libc_nano.a(libc_a-findfp.o)
                0x20000784                __sf
 .bss.__stdio_exit_handler
                0x200008bc        0x4 C:/ST/STM32CubeIDE_1.3.0/STM32CubeIDE/plugins/com.st.stm32cube.ide.mcu.externaltools.gnu-tools-for-stm32.12.3.rel1.win32_1.0.200.202406191623/tools/bin/../lib/gcc/arm-none-eabi/12.3.1/../../../../arm-none-eabi/lib/thumb/v7e-m+dp/hard\libc_nano.a(libc_a-findfp.o)
                0x200008bc                __stdio_exit_handler
 .bss.errno     0x200008c0        0x4 C:/ST/STM32CubeIDE_1.3.0/STM32CubeIDE/plugins/com.st.stm32cube.ide.mcu.externaltools.gnu-tools-for-stm32.12.3.rel1.win32_1.0.200.202406191623/tools/bin/../lib/gcc/arm-none-eabi/12.3.1/../../../../arm-none-eabi/lib/thumb/v7e-m+dp/hard\libc_nano.a(libc_a-reent.o)
                0x200008c0                errno
 .bss.__lock___malloc_recursive_mutex
                0x200008c4        0x1 C:/ST/STM32CubeIDE_1.3.0/STM32CubeIDE/plugins/com.st.stm32cube.ide.mcu.externaltools.gnu-tools-for-stm32.12.3.rel1.win32_1.0.200.202406191623/tools/bin/../lib/gcc/arm-none-eabi/12.3.1/../../../../arm-none-eabi/lib/thumb/v7e-m+dp/hard\libc_nano.a(libc_a-lock.o)
                0x200008c4                __lock___malloc_recursive_mutex
 .bss.__lock___sfp_recursive_mutex
                0x200008c5        0x1 C:/ST/STM32CubeIDE_1.3.0/STM32CubeIDE/plugins/com.st.stm32cube.ide.mcu.externaltools.gnu-tools-for-stm32.12.3.rel1.win32_1.0.200.202406191623/tools/bin/../lib/gcc/arm-none-eabi/12.3.1/../../../../arm-none-eabi/lib/thumb/v7e-m+dp/hard\libc_nano.a(libc_a-lock.o)
                0x200008c5                __lock___sfp_recursive_mutex
 *fill*         0x200008c6        0x2 
 .bss.__malloc_sbrk_start
                0x200008c8        0x4 C:/ST/STM32CubeIDE_1.3.0/STM32CubeIDE/plugins/com.st.stm32cube.ide.mcu.externaltools.gnu-tools-for-stm32.12.3.rel1.win32_1.0.200.202406191623/tools/bin/../lib/gcc/arm-none-eabi/12.3.1/../../../../arm-none-eabi/lib/thumb/v7e-m+dp/hard\libc_nano.a(libc_a-mallocr.o)
                0x200008c8                __malloc_sbrk_start
 .bss.__malloc_free_list
                0x200008cc        0x4 C:/ST/STM32CubeIDE_1.3.0/STM32CubeIDE/plugins/com.st.stm32cube.ide.mcu.externaltools.gnu-tools-for-stm32.12.3.rel1.win32_1.0.200.202406191623/tools/bin/../lib/gcc/arm-none-eabi/12.3.1/../../../../arm-none-eabi/lib/thumb/v7e-m+dp/hard\libc_nano.a(libc_a-mallocr.o)
                0x200008cc                __malloc_free_list
 *(COMMON)
                0x200008d0                        . = ALIGN (0x4)
                0x200008d0                        _ebss = .
                0x200008d0                        __bss_end__ = _ebss

._user_heap_stack
                0x200008d0      0x600 load address 0x0800c3e0
                0x200008d0                        . = ALIGN (0x8)
                [!provide]                        PROVIDE (end = .)
                0x200008d0                        PROVIDE (_end = .)
                0x20000ad0                        . = (. + _Min_Heap_Size)
 *fill*         0x200008d0      0x200 
                0x20000ed0                        . = (. + _Min_Stack_Size)
 *fill*         0x20000ad0      0x400 
                0x20000ed0                        . = ALIGN (0x8)

/DISCARD/
 libc.a(*)
 libm.a(*)
 libgcc.a(*)

.ARM.attributes
                0x00000000       0x2e
 *(.ARM.attributes)
 .ARM.attributes
                0x00000000       0x20 C:/ST/STM32CubeIDE_1.3.0/STM32CubeIDE/plugins/com.st.stm32cube.ide.mcu.externaltools.gnu-tools-for-stm32.12.3.rel1.win32_1.0.200.202406191623/tools/bin/../lib/gcc/arm-none-eabi/12.3.1/thumb/v7e-m+dp/hard/crti.o
 .ARM.attributes
                0x00000020       0x32 C:/ST/STM32CubeIDE_1.3.0/STM32CubeIDE/plugins/com.st.stm32cube.ide.mcu.externaltools.gnu-tools-for-stm32.12.3.rel1.win32_1.0.200.202406191623/tools/bin/../lib/gcc/arm-none-eabi/12.3.1/thumb/v7e-m+dp/hard/crtbegin.o
 .ARM.attributes
                0x00000052       0x32 ./Core/Src/bootloader.o
 .ARM.attributes
                0x00000084       0x32 ./Core/Src/lcd.o
 .ARM.attributes
                0x000000b6       0x32 ./Core/Src/main.o
 .ARM.attributes
                0x000000e8       0x32 ./Core/Src/stm32f7xx_hal_msp.o
 .ARM.attributes
                0x0000011a       0x32 ./Core/Src/stm32f7xx_it.o
 .ARM.attributes
                0x0000014c       0x32 ./Core/Src/syscalls.o
 .ARM.attributes
                0x0000017e       0x32 ./Core/Src/sysmem.o
 .ARM.attributes
                0x000001b0       0x32 ./Core/Src/system_stm32f7xx.o
 .ARM.attributes
                0x000001e2       0x21 ./Core/Startup/startup_stm32f767bgtx.o
 .ARM.attributes
                0x00000203       0x32 ./Drivers/STM32F7xx_HAL_Driver/Src/stm32f7xx_hal.o
 .ARM.attributes
                0x00000235       0x32 ./Drivers/STM32F7xx_HAL_Driver/Src/stm32f7xx_hal_cortex.o
 .ARM.attributes
                0x00000267       0x32 ./Drivers/STM32F7xx_HAL_Driver/Src/stm32f7xx_hal_dma.o
 .ARM.attributes
                0x00000299       0x32 ./Drivers/STM32F7xx_HAL_Driver/Src/stm32f7xx_hal_flash.o
 .ARM.attributes
                0x000002cb       0x32 ./Drivers/STM32F7xx_HAL_Driver/Src/stm32f7xx_hal_flash_ex.o
 .ARM.attributes
                0x000002fd       0x32 ./Drivers/STM32F7xx_HAL_Driver/Src/stm32f7xx_hal_gpio.o
 .ARM.attributes
                0x0000032f       0x32 ./Drivers/STM32F7xx_HAL_Driver/Src/stm32f7xx_hal_pwr.o
 .ARM.attributes
                0x00000361       0x32 ./Drivers/STM32F7xx_HAL_Driver/Src/stm32f7xx_hal_pwr_ex.o
 .ARM.attributes
                0x00000393       0x32 ./Drivers/STM32F7xx_HAL_Driver/Src/stm32f7xx_hal_rcc.o
 .ARM.attributes
                0x000003c5       0x32 ./Drivers/STM32F7xx_HAL_Driver/Src/stm32f7xx_hal_rcc_ex.o
 .ARM.attributes
                0x000003f7       0x32 ./Drivers/STM32F7xx_HAL_Driver/Src/stm32f7xx_hal_rng.o
 .ARM.attributes
                0x00000429       0x32 ./Drivers/STM32F7xx_HAL_Driver/Src/stm32f7xx_hal_sd.o
 .ARM.attributes
                0x0000045b       0x32 ./Drivers/STM32F7xx_HAL_Driver/Src/stm32f7xx_hal_uart.o
 .ARM.attributes
                0x0000048d       0x32 ./Drivers/STM32F7xx_HAL_Driver/Src/stm32f7xx_ll_sdmmc.o
 .ARM.attributes
                0x000004bf       0x32 ./FATFS/App/fatfs.o
 .ARM.attributes
                0x000004f1       0x32 ./FATFS/Target/bsp_driver_sd.o
 .ARM.attributes
                0x00000523       0x32 ./FATFS/Target/sd_diskio.o
 .ARM.attributes
                0x00000555       0x32 ./Middlewares/Third_Party/FatFs/src/diskio.o
 .ARM.attributes
                0x00000587       0x32 ./Middlewares/Third_Party/FatFs/src/ff.o
 .ARM.attributes
                0x000005b9       0x32 ./Middlewares/Third_Party/FatFs/src/ff_gen_drv.o
 .ARM.attributes
                0x000005eb       0x32 ./Middlewares/Third_Party/FatFs/src/option/ccsbcs.o
 .ARM.attributes
                0x0000061d       0x32 C:/ST/STM32CubeIDE_1.3.0/STM32CubeIDE/plugins/com.st.stm32cube.ide.mcu.externaltools.gnu-tools-for-stm32.12.3.rel1.win32_1.0.200.202406191623/tools/bin/../lib/gcc/arm-none-eabi/12.3.1/../../../../arm-none-eabi/lib/thumb/v7e-m+dp/hard\libc_nano.a(libc_a-fflush.o)
 .ARM.attributes
                0x0000064f       0x32 C:/ST/STM32CubeIDE_1.3.0/STM32CubeIDE/plugins/com.st.stm32cube.ide.mcu.externaltools.gnu-tools-for-stm32.12.3.rel1.win32_1.0.200.202406191623/tools/bin/../lib/gcc/arm-none-eabi/12.3.1/../../../../arm-none-eabi/lib/thumb/v7e-m+dp/hard\libc_nano.a(libc_a-findfp.o)
 .ARM.attributes
                0x00000681       0x32 C:/ST/STM32CubeIDE_1.3.0/STM32CubeIDE/plugins/com.st.stm32cube.ide.mcu.externaltools.gnu-tools-for-stm32.12.3.rel1.win32_1.0.200.202406191623/tools/bin/../lib/gcc/arm-none-eabi/12.3.1/../../../../arm-none-eabi/lib/thumb/v7e-m+dp/hard\libc_nano.a(libc_a-fwalk.o)
 .ARM.attributes
                0x000006b3       0x32 C:/ST/STM32CubeIDE_1.3.0/STM32CubeIDE/plugins/com.st.stm32cube.ide.mcu.externaltools.gnu-tools-for-stm32.12.3.rel1.win32_1.0.200.202406191623/tools/bin/../lib/gcc/arm-none-eabi/12.3.1/../../../../arm-none-eabi/lib/thumb/v7e-m+dp/hard\libc_nano.a(libc_a-printf.o)
 .ARM.attributes
                0x000006e5       0x32 C:/ST/STM32CubeIDE_1.3.0/STM32CubeIDE/plugins/com.st.stm32cube.ide.mcu.externaltools.gnu-tools-for-stm32.12.3.rel1.win32_1.0.200.202406191623/tools/bin/../lib/gcc/arm-none-eabi/12.3.1/../../../../arm-none-eabi/lib/thumb/v7e-m+dp/hard\libc_nano.a(libc_a-putchar.o)
 .ARM.attributes
                0x00000717       0x32 C:/ST/STM32CubeIDE_1.3.0/STM32CubeIDE/plugins/com.st.stm32cube.ide.mcu.externaltools.gnu-tools-for-stm32.12.3.rel1.win32_1.0.200.202406191623/tools/bin/../lib/gcc/arm-none-eabi/12.3.1/../../../../arm-none-eabi/lib/thumb/v7e-m+dp/hard\libc_nano.a(libc_a-puts.o)
 .ARM.attributes
                0x00000749       0x32 C:/ST/STM32CubeIDE_1.3.0/STM32CubeIDE/plugins/com.st.stm32cube.ide.mcu.externaltools.gnu-tools-for-stm32.12.3.rel1.win32_1.0.200.202406191623/tools/bin/../lib/gcc/arm-none-eabi/12.3.1/../../../../arm-none-eabi/lib/thumb/v7e-m+dp/hard\libc_nano.a(libc_a-stdio.o)
 .ARM.attributes
                0x0000077b       0x32 C:/ST/STM32CubeIDE_1.3.0/STM32CubeIDE/plugins/com.st.stm32cube.ide.mcu.externaltools.gnu-tools-for-stm32.12.3.rel1.win32_1.0.200.202406191623/tools/bin/../lib/gcc/arm-none-eabi/12.3.1/../../../../arm-none-eabi/lib/thumb/v7e-m+dp/hard\libc_nano.a(libc_a-wbuf.o)
 .ARM.attributes
                0x000007ad       0x32 C:/ST/STM32CubeIDE_1.3.0/STM32CubeIDE/plugins/com.st.stm32cube.ide.mcu.externaltools.gnu-tools-for-stm32.12.3.rel1.win32_1.0.200.202406191623/tools/bin/../lib/gcc/arm-none-eabi/12.3.1/../../../../arm-none-eabi/lib/thumb/v7e-m+dp/hard\libc_nano.a(libc_a-wsetup.o)
 .ARM.attributes
                0x000007df       0x32 C:/ST/STM32CubeIDE_1.3.0/STM32CubeIDE/plugins/com.st.stm32cube.ide.mcu.externaltools.gnu-tools-for-stm32.12.3.rel1.win32_1.0.200.202406191623/tools/bin/../lib/gcc/arm-none-eabi/12.3.1/../../../../arm-none-eabi/lib/thumb/v7e-m+dp/hard\libc_nano.a(libc_a-memset.o)
 .ARM.attributes
                0x00000811       0x32 C:/ST/STM32CubeIDE_1.3.0/STM32CubeIDE/plugins/com.st.stm32cube.ide.mcu.externaltools.gnu-tools-for-stm32.12.3.rel1.win32_1.0.200.202406191623/tools/bin/../lib/gcc/arm-none-eabi/12.3.1/../../../../arm-none-eabi/lib/thumb/v7e-m+dp/hard\libc_nano.a(libc_a-closer.o)
 .ARM.attributes
                0x00000843       0x32 C:/ST/STM32CubeIDE_1.3.0/STM32CubeIDE/plugins/com.st.stm32cube.ide.mcu.externaltools.gnu-tools-for-stm32.12.3.rel1.win32_1.0.200.202406191623/tools/bin/../lib/gcc/arm-none-eabi/12.3.1/../../../../arm-none-eabi/lib/thumb/v7e-m+dp/hard\libc_nano.a(libc_a-reent.o)
 .ARM.attributes
                0x00000875       0x32 C:/ST/STM32CubeIDE_1.3.0/STM32CubeIDE/plugins/com.st.stm32cube.ide.mcu.externaltools.gnu-tools-for-stm32.12.3.rel1.win32_1.0.200.202406191623/tools/bin/../lib/gcc/arm-none-eabi/12.3.1/../../../../arm-none-eabi/lib/thumb/v7e-m+dp/hard\libc_nano.a(libc_a-impure.o)
 .ARM.attributes
                0x000008a7       0x32 C:/ST/STM32CubeIDE_1.3.0/STM32CubeIDE/plugins/com.st.stm32cube.ide.mcu.externaltools.gnu-tools-for-stm32.12.3.rel1.win32_1.0.200.202406191623/tools/bin/../lib/gcc/arm-none-eabi/12.3.1/../../../../arm-none-eabi/lib/thumb/v7e-m+dp/hard\libc_nano.a(libc_a-lseekr.o)
 .ARM.attributes
                0x000008d9       0x32 C:/ST/STM32CubeIDE_1.3.0/STM32CubeIDE/plugins/com.st.stm32cube.ide.mcu.externaltools.gnu-tools-for-stm32.12.3.rel1.win32_1.0.200.202406191623/tools/bin/../lib/gcc/arm-none-eabi/12.3.1/../../../../arm-none-eabi/lib/thumb/v7e-m+dp/hard\libc_nano.a(libc_a-readr.o)
 .ARM.attributes
                0x0000090b       0x32 C:/ST/STM32CubeIDE_1.3.0/STM32CubeIDE/plugins/com.st.stm32cube.ide.mcu.externaltools.gnu-tools-for-stm32.12.3.rel1.win32_1.0.200.202406191623/tools/bin/../lib/gcc/arm-none-eabi/12.3.1/../../../../arm-none-eabi/lib/thumb/v7e-m+dp/hard\libc_nano.a(libc_a-writer.o)
 .ARM.attributes
                0x0000093d       0x32 C:/ST/STM32CubeIDE_1.3.0/STM32CubeIDE/plugins/com.st.stm32cube.ide.mcu.externaltools.gnu-tools-for-stm32.12.3.rel1.win32_1.0.200.202406191623/tools/bin/../lib/gcc/arm-none-eabi/12.3.1/../../../../arm-none-eabi/lib/thumb/v7e-m+dp/hard\libc_nano.a(libc_a-errno.o)
 .ARM.attributes
                0x0000096f       0x32 C:/ST/STM32CubeIDE_1.3.0/STM32CubeIDE/plugins/com.st.stm32cube.ide.mcu.externaltools.gnu-tools-for-stm32.12.3.rel1.win32_1.0.200.202406191623/tools/bin/../lib/gcc/arm-none-eabi/12.3.1/../../../../arm-none-eabi/lib/thumb/v7e-m+dp/hard\libc_nano.a(libc_a-init.o)
 .ARM.attributes
                0x000009a1       0x32 C:/ST/STM32CubeIDE_1.3.0/STM32CubeIDE/plugins/com.st.stm32cube.ide.mcu.externaltools.gnu-tools-for-stm32.12.3.rel1.win32_1.0.200.202406191623/tools/bin/../lib/gcc/arm-none-eabi/12.3.1/../../../../arm-none-eabi/lib/thumb/v7e-m+dp/hard\libc_nano.a(libc_a-lock.o)
 .ARM.attributes
                0x000009d3       0x32 C:/ST/STM32CubeIDE_1.3.0/STM32CubeIDE/plugins/com.st.stm32cube.ide.mcu.externaltools.gnu-tools-for-stm32.12.3.rel1.win32_1.0.200.202406191623/tools/bin/../lib/gcc/arm-none-eabi/12.3.1/../../../../arm-none-eabi/lib/thumb/v7e-m+dp/hard\libc_nano.a(libc_a-freer.o)
 .ARM.attributes
                0x00000a05       0x32 C:/ST/STM32CubeIDE_1.3.0/STM32CubeIDE/plugins/com.st.stm32cube.ide.mcu.externaltools.gnu-tools-for-stm32.12.3.rel1.win32_1.0.200.202406191623/tools/bin/../lib/gcc/arm-none-eabi/12.3.1/../../../../arm-none-eabi/lib/thumb/v7e-m+dp/hard\libc_nano.a(libc_a-mallocr.o)
 .ARM.attributes
                0x00000a37       0x32 C:/ST/STM32CubeIDE_1.3.0/STM32CubeIDE/plugins/com.st.stm32cube.ide.mcu.externaltools.gnu-tools-for-stm32.12.3.rel1.win32_1.0.200.202406191623/tools/bin/../lib/gcc/arm-none-eabi/12.3.1/../../../../arm-none-eabi/lib/thumb/v7e-m+dp/hard\libc_nano.a(libc_a-mlock.o)
 .ARM.attributes
                0x00000a69       0x32 C:/ST/STM32CubeIDE_1.3.0/STM32CubeIDE/plugins/com.st.stm32cube.ide.mcu.externaltools.gnu-tools-for-stm32.12.3.rel1.win32_1.0.200.202406191623/tools/bin/../lib/gcc/arm-none-eabi/12.3.1/../../../../arm-none-eabi/lib/thumb/v7e-m+dp/hard\libc_nano.a(libc_a-nano-vfprintf.o)
 .ARM.attributes
                0x00000a9b       0x32 C:/ST/STM32CubeIDE_1.3.0/STM32CubeIDE/plugins/com.st.stm32cube.ide.mcu.externaltools.gnu-tools-for-stm32.12.3.rel1.win32_1.0.200.202406191623/tools/bin/../lib/gcc/arm-none-eabi/12.3.1/../../../../arm-none-eabi/lib/thumb/v7e-m+dp/hard\libc_nano.a(libc_a-nano-vfprintf_i.o)
 .ARM.attributes
                0x00000acd       0x32 C:/ST/STM32CubeIDE_1.3.0/STM32CubeIDE/plugins/com.st.stm32cube.ide.mcu.externaltools.gnu-tools-for-stm32.12.3.rel1.win32_1.0.200.202406191623/tools/bin/../lib/gcc/arm-none-eabi/12.3.1/../../../../arm-none-eabi/lib/thumb/v7e-m+dp/hard\libc_nano.a(libc_a-makebuf.o)
 .ARM.attributes
                0x00000aff       0x32 C:/ST/STM32CubeIDE_1.3.0/STM32CubeIDE/plugins/com.st.stm32cube.ide.mcu.externaltools.gnu-tools-for-stm32.12.3.rel1.win32_1.0.200.202406191623/tools/bin/../lib/gcc/arm-none-eabi/12.3.1/../../../../arm-none-eabi/lib/thumb/v7e-m+dp/hard\libc_nano.a(libc_a-putc.o)
 .ARM.attributes