../Core/Src/lcd.c:117:13:lcdSetRS	16	static
../Core/Src/lcd.c:129:13:lcdSetRWn	16	static
../Core/Src/lcd.c:141:13:lcdSetE	16	static
../Core/Src/lcd.c:153:13:lcdSetDOut	16	static
../Core/Src/lcd.c:229:13:lcdSendCmd	24	static
../Core/Src/lcd.c:255:13:lcdWriteData	24	static
../Core/Src/lcd.c:281:10:lcdInit	8	static
../Core/Src/lcd.c:339:10:lcdDefineChar	24	static
../Core/Src/lcd.c:374:10:lcdRefresh	16	static
../Core/Src/lcd.c:410:10:lcdSetBacklight	16	static
../Core/Src/lcd.c:434:10:lcdCls	16	static
../Core/Src/lcd.c:450:10:lcdSetCursorPos	16	static
../Core/Src/lcd.c:467:10:lcdPutChar	16	static
../Core/Src/lcd.c:530:10:lcdPrint	24	static
../Core/Src/lcd.c:556:10:lcdPrintF	64	static
../Core/Src/lcd.c:763:10:lcdTest	16	static
