../Core/Src/main.c:75:5:__io_putchar	16	static
../Core/Src/main.c:87:5:main	8	static,ignoring_inline_asm
../Core/Src/main.c:145:6:SystemClock_Config	88	static
../Core/Src/main.c:202:6:PeriphCommonClock_Config	152	static
../Core/Src/main.c:228:13:MX_RNG_Init	8	static
../Core/Src/main.c:254:13:MX_SDMMC2_SD_Init	4	static
../Core/Src/main.c:282:13:MX_UART7_Init	8	static
../Core/Src/main.c:315:13:MX_DMA_Init	16	static
../Core/Src/main.c:336:13:MX_GPIO_Init	72	static
../Core/Src/main.c:529:6:MPU_Config	24	static
../Core/Src/main.c:560:6:Error_Handler	4	static,ignoring_inline_asm
