../Core/Src/main.c:76:5:__io_putchar	16	static
../Core/Src/main.c:88:5:main	8	static,ignoring_inline_asm
../Core/Src/main.c:149:6:SystemClock_Config	88	static
../Core/Src/main.c:206:6:PeriphCommonClock_Config	152	static
../Core/Src/main.c:232:13:MX_RNG_Init	8	static
../Core/Src/main.c:258:13:MX_SDMMC2_SD_Init	4	static
../Core/Src/main.c:286:13:MX_UART7_Init	8	static
../Core/Src/main.c:319:13:MX_DMA_Init	16	static
../Core/Src/main.c:340:13:MX_GPIO_Init	72	static
../Core/Src/main.c:533:6:MPU_Config	24	static
../Core/Src/main.c:564:6:Error_Handler	4	static,ignoring_inline_asm
